Archive member included to satisfy reference by file (symbol)

d:/program files in d/atmel/studio/7.0/toolchain/avr8/avr8-gnu-toolchain/bin/../lib/gcc/avr/5.4.0/avrxmega7\libgcc.a(_divmodsi4.o)
                              src/adc_example2.o (__divmodsi4)
d:/program files in d/atmel/studio/7.0/toolchain/avr8/avr8-gnu-toolchain/bin/../lib/gcc/avr/5.4.0/avrxmega7\libgcc.a(_negsi2.o)
                              d:/program files in d/atmel/studio/7.0/toolchain/avr8/avr8-gnu-toolchain/bin/../lib/gcc/avr/5.4.0/avrxmega7\libgcc.a(_divmodsi4.o) (__negsi2)
d:/program files in d/atmel/studio/7.0/toolchain/avr8/avr8-gnu-toolchain/bin/../lib/gcc/avr/5.4.0/avrxmega7\libgcc.a(_exit.o)
                              D:/Program Files in D/Atmel/Studio/7.0/Packs/atmel/XMEGAA_DFP/1.1.68/gcc/dev/atxmega128a1/avrxmega7/crtatxmega128a1.o (exit)
d:/program files in d/atmel/studio/7.0/toolchain/avr8/avr8-gnu-toolchain/bin/../lib/gcc/avr/5.4.0/avrxmega7\libgcc.a(_copy_data.o)
                              src/ASF/common/services/sleepmgr/xmega/sleepmgr.o (__do_copy_data)
d:/program files in d/atmel/studio/7.0/toolchain/avr8/avr8-gnu-toolchain/bin/../lib/gcc/avr/5.4.0/avrxmega7\libgcc.a(_clear_bss.o)
                              src/adc_example2.o (__do_clear_bss)
d:/program files in d/atmel/studio/7.0/toolchain/avr8/avr8-gnu-toolchain/bin/../lib/gcc/avr/5.4.0/avrxmega7\libgcc.a(_muluhisi3.o)
                              src/adc_example2.o (__muluhisi3)
d:/program files in d/atmel/studio/7.0/toolchain/avr8/avr8-gnu-toolchain/bin/../lib/gcc/avr/5.4.0/avrxmega7\libgcc.a(_udivmodsi4.o)
                              d:/program files in d/atmel/studio/7.0/toolchain/avr8/avr8-gnu-toolchain/bin/../lib/gcc/avr/5.4.0/avrxmega7\libgcc.a(_divmodsi4.o) (__udivmodsi4)
d:/program files in d/atmel/studio/7.0/toolchain/avr8/avr8-gnu-toolchain/bin/../lib/gcc/avr/5.4.0/avrxmega7\libgcc.a(_umulhisi3.o)
                              d:/program files in d/atmel/studio/7.0/toolchain/avr8/avr8-gnu-toolchain/bin/../lib/gcc/avr/5.4.0/avrxmega7\libgcc.a(_muluhisi3.o) (__umulhisi3)
d:/program files in d/atmel/studio/7.0/toolchain/avr8/avr8-gnu-toolchain/bin/../lib/gcc/avr/5.4.0/../../../../avr/lib/avrxmega7\libc.a(memcpy.o)
                              src/ASF/xmega/drivers/nvm/nvm.o (memcpy)

Allocating common symbols
Common symbol       size              file

sleepmgr_locks      0x6               src/ASF/common/services/sleepmgr/xmega/sleepmgr.o

Discarded input sections

 .data          0x00000000        0x0 D:/Program Files in D/Atmel/Studio/7.0/Packs/atmel/XMEGAA_DFP/1.1.68/gcc/dev/atxmega128a1/avrxmega7/crtatxmega128a1.o
 .bss           0x00000000        0x0 D:/Program Files in D/Atmel/Studio/7.0/Packs/atmel/XMEGAA_DFP/1.1.68/gcc/dev/atxmega128a1/avrxmega7/crtatxmega128a1.o
 .group         0x00000000        0x8 src/adc_example2.o
 .group         0x00000000        0x8 src/adc_example2.o
 .group         0x00000000        0x8 src/adc_example2.o
 .group         0x00000000        0x8 src/adc_example2.o
 .group         0x00000000        0x8 src/adc_example2.o
 .group         0x00000000        0x8 src/adc_example2.o
 .group         0x00000000        0x8 src/adc_example2.o
 .group         0x00000000        0x8 src/adc_example2.o
 .group         0x00000000        0x8 src/adc_example2.o
 .group         0x00000000        0x8 src/adc_example2.o
 .group         0x00000000        0x8 src/adc_example2.o
 .group         0x00000000        0x8 src/adc_example2.o
 .group         0x00000000        0x8 src/adc_example2.o
 .group         0x00000000        0x8 src/adc_example2.o
 .group         0x00000000        0x8 src/adc_example2.o
 .group         0x00000000        0x8 src/adc_example2.o
 .group         0x00000000        0x8 src/adc_example2.o
 .group         0x00000000        0x8 src/adc_example2.o
 .group         0x00000000        0x8 src/adc_example2.o
 .group         0x00000000        0x8 src/adc_example2.o
 .group         0x00000000        0x8 src/adc_example2.o
 .group         0x00000000        0x8 src/adc_example2.o
 .group         0x00000000        0x8 src/adc_example2.o
 .group         0x00000000        0x8 src/adc_example2.o
 .group         0x00000000        0x8 src/adc_example2.o
 .group         0x00000000        0x8 src/adc_example2.o
 .group         0x00000000        0x8 src/adc_example2.o
 .group         0x00000000        0x8 src/adc_example2.o
 .group         0x00000000        0x8 src/adc_example2.o
 .group         0x00000000        0x8 src/adc_example2.o
 .group         0x00000000        0x8 src/adc_example2.o
 .group         0x00000000        0x8 src/adc_example2.o
 .group         0x00000000        0x8 src/adc_example2.o
 .group         0x00000000        0x8 src/adc_example2.o
 .group         0x00000000        0x8 src/adc_example2.o
 .group         0x00000000        0x8 src/adc_example2.o
 .group         0x00000000        0x8 src/adc_example2.o
 .group         0x00000000        0x8 src/adc_example2.o
 .group         0x00000000        0x8 src/adc_example2.o
 .group         0x00000000        0x8 src/adc_example2.o
 .group         0x00000000        0x8 src/adc_example2.o
 .group         0x00000000        0x8 src/adc_example2.o
 .group         0x00000000        0x8 src/adc_example2.o
 .group         0x00000000        0x8 src/adc_example2.o
 .group         0x00000000        0x8 src/adc_example2.o
 .group         0x00000000        0x8 src/adc_example2.o
 .group         0x00000000        0x8 src/adc_example2.o
 .text          0x00000000        0x0 src/adc_example2.o
 .data          0x00000000        0x0 src/adc_example2.o
 .bss           0x00000000        0x0 src/adc_example2.o
 .group         0x00000000        0x8 src/ASF/common/services/clock/xmega/sysclk.o
 .group         0x00000000        0x8 src/ASF/common/services/clock/xmega/sysclk.o
 .group         0x00000000        0x8 src/ASF/common/services/clock/xmega/sysclk.o
 .group         0x00000000        0x8 src/ASF/common/services/clock/xmega/sysclk.o
 .group         0x00000000        0x8 src/ASF/common/services/clock/xmega/sysclk.o
 .group         0x00000000        0x8 src/ASF/common/services/clock/xmega/sysclk.o
 .group         0x00000000        0x8 src/ASF/common/services/clock/xmega/sysclk.o
 .group         0x00000000        0x8 src/ASF/common/services/clock/xmega/sysclk.o
 .group         0x00000000        0x8 src/ASF/common/services/clock/xmega/sysclk.o
 .group         0x00000000        0x8 src/ASF/common/services/clock/xmega/sysclk.o
 .group         0x00000000        0x8 src/ASF/common/services/clock/xmega/sysclk.o
 .group         0x00000000        0x8 src/ASF/common/services/clock/xmega/sysclk.o
 .group         0x00000000        0x8 src/ASF/common/services/clock/xmega/sysclk.o
 .group         0x00000000        0x8 src/ASF/common/services/clock/xmega/sysclk.o
 .group         0x00000000        0x8 src/ASF/common/services/clock/xmega/sysclk.o
 .group         0x00000000        0x8 src/ASF/common/services/clock/xmega/sysclk.o
 .group         0x00000000        0x8 src/ASF/common/services/clock/xmega/sysclk.o
 .group         0x00000000        0x8 src/ASF/common/services/clock/xmega/sysclk.o
 .group         0x00000000        0x8 src/ASF/common/services/clock/xmega/sysclk.o
 .group         0x00000000        0x8 src/ASF/common/services/clock/xmega/sysclk.o
 .group         0x00000000        0x8 src/ASF/common/services/clock/xmega/sysclk.o
 .group         0x00000000        0x8 src/ASF/common/services/clock/xmega/sysclk.o
 .group         0x00000000        0x8 src/ASF/common/services/clock/xmega/sysclk.o
 .group         0x00000000        0x8 src/ASF/common/services/clock/xmega/sysclk.o
 .group         0x00000000        0x8 src/ASF/common/services/clock/xmega/sysclk.o
 .group         0x00000000        0x8 src/ASF/common/services/clock/xmega/sysclk.o
 .group         0x00000000        0x8 src/ASF/common/services/clock/xmega/sysclk.o
 .group         0x00000000        0x8 src/ASF/common/services/clock/xmega/sysclk.o
 .group         0x00000000        0x8 src/ASF/common/services/clock/xmega/sysclk.o
 .group         0x00000000        0x8 src/ASF/common/services/clock/xmega/sysclk.o
 .group         0x00000000        0x8 src/ASF/common/services/clock/xmega/sysclk.o
 .group         0x00000000        0x8 src/ASF/common/services/clock/xmega/sysclk.o
 .group         0x00000000        0x8 src/ASF/common/services/clock/xmega/sysclk.o
 .group         0x00000000        0x8 src/ASF/common/services/clock/xmega/sysclk.o
 .group         0x00000000        0x8 src/ASF/common/services/clock/xmega/sysclk.o
 .group         0x00000000        0x8 src/ASF/common/services/clock/xmega/sysclk.o
 .group         0x00000000        0x8 src/ASF/common/services/clock/xmega/sysclk.o
 .text          0x00000000        0x0 src/ASF/common/services/clock/xmega/sysclk.o
 .data          0x00000000        0x0 src/ASF/common/services/clock/xmega/sysclk.o
 .bss           0x00000000        0x0 src/ASF/common/services/clock/xmega/sysclk.o
 .debug_macro   0x00000000      0xa90 src/ASF/common/services/clock/xmega/sysclk.o
 .debug_macro   0x00000000       0x10 src/ASF/common/services/clock/xmega/sysclk.o
 .debug_macro   0x00000000      0x1c9 src/ASF/common/services/clock/xmega/sysclk.o
 .debug_macro   0x00000000      0x2fc src/ASF/common/services/clock/xmega/sysclk.o
 .debug_macro   0x00000000       0x9e src/ASF/common/services/clock/xmega/sysclk.o
 .debug_macro   0x00000000     0x53c9 src/ASF/common/services/clock/xmega/sysclk.o
 .debug_macro   0x00000000       0x9a src/ASF/common/services/clock/xmega/sysclk.o
 .debug_macro   0x00000000       0xf1 src/ASF/common/services/clock/xmega/sysclk.o
 .debug_macro   0x00000000       0x34 src/ASF/common/services/clock/xmega/sysclk.o
 .debug_macro   0x00000000       0x16 src/ASF/common/services/clock/xmega/sysclk.o
 .debug_macro   0x00000000       0x18 src/ASF/common/services/clock/xmega/sysclk.o
 .debug_macro   0x00000000       0x5e src/ASF/common/services/clock/xmega/sysclk.o
 .debug_macro   0x00000000       0x10 src/ASF/common/services/clock/xmega/sysclk.o
 .debug_macro   0x00000000       0x22 src/ASF/common/services/clock/xmega/sysclk.o
 .debug_macro   0x00000000      0x16d src/ASF/common/services/clock/xmega/sysclk.o
 .debug_macro   0x00000000       0x1c src/ASF/common/services/clock/xmega/sysclk.o
 .debug_macro   0x00000000       0x35 src/ASF/common/services/clock/xmega/sysclk.o
 .debug_macro   0x00000000       0x66 src/ASF/common/services/clock/xmega/sysclk.o
 .debug_macro   0x00000000      0x6d7 src/ASF/common/services/clock/xmega/sysclk.o
 .debug_macro   0x00000000       0x96 src/ASF/common/services/clock/xmega/sysclk.o
 .debug_macro   0x00000000       0x17 src/ASF/common/services/clock/xmega/sysclk.o
 .debug_macro   0x00000000      0x250 src/ASF/common/services/clock/xmega/sysclk.o
 .debug_macro   0x00000000       0x76 src/ASF/common/services/clock/xmega/sysclk.o
 .debug_macro   0x00000000       0x16 src/ASF/common/services/clock/xmega/sysclk.o
 .debug_macro   0x00000000      0x6d9 src/ASF/common/services/clock/xmega/sysclk.o
 .debug_macro   0x00000000       0x10 src/ASF/common/services/clock/xmega/sysclk.o
 .debug_macro   0x00000000      0x175 src/ASF/common/services/clock/xmega/sysclk.o
 .debug_macro   0x00000000       0x40 src/ASF/common/services/clock/xmega/sysclk.o
 .debug_macro   0x00000000       0x69 src/ASF/common/services/clock/xmega/sysclk.o
 .debug_macro   0x00000000       0x31 src/ASF/common/services/clock/xmega/sysclk.o
 .debug_macro   0x00000000       0xe4 src/ASF/common/services/clock/xmega/sysclk.o
 .debug_macro   0x00000000       0x22 src/ASF/common/services/clock/xmega/sysclk.o
 .debug_macro   0x00000000      0x2c3 src/ASF/common/services/clock/xmega/sysclk.o
 .debug_macro   0x00000000      0x177 src/ASF/common/services/clock/xmega/sysclk.o
 .debug_macro   0x00000000       0x80 src/ASF/common/services/clock/xmega/sysclk.o
 .debug_macro   0x00000000       0x2f src/ASF/common/services/clock/xmega/sysclk.o
 .debug_macro   0x00000000      0x13f src/ASF/common/services/clock/xmega/sysclk.o
 .group         0x00000000        0x8 src/ASF/common/services/ioport/xmega/ioport_compat.o
 .group         0x00000000        0x8 src/ASF/common/services/ioport/xmega/ioport_compat.o
 .group         0x00000000        0x8 src/ASF/common/services/ioport/xmega/ioport_compat.o
 .group         0x00000000        0x8 src/ASF/common/services/ioport/xmega/ioport_compat.o
 .group         0x00000000        0x8 src/ASF/common/services/ioport/xmega/ioport_compat.o
 .group         0x00000000        0x8 src/ASF/common/services/ioport/xmega/ioport_compat.o
 .group         0x00000000        0x8 src/ASF/common/services/ioport/xmega/ioport_compat.o
 .group         0x00000000        0x8 src/ASF/common/services/ioport/xmega/ioport_compat.o
 .group         0x00000000        0x8 src/ASF/common/services/ioport/xmega/ioport_compat.o
 .group         0x00000000        0x8 src/ASF/common/services/ioport/xmega/ioport_compat.o
 .group         0x00000000        0x8 src/ASF/common/services/ioport/xmega/ioport_compat.o
 .group         0x00000000        0x8 src/ASF/common/services/ioport/xmega/ioport_compat.o
 .group         0x00000000        0x8 src/ASF/common/services/ioport/xmega/ioport_compat.o
 .group         0x00000000        0x8 src/ASF/common/services/ioport/xmega/ioport_compat.o
 .group         0x00000000        0x8 src/ASF/common/services/ioport/xmega/ioport_compat.o
 .group         0x00000000        0x8 src/ASF/common/services/ioport/xmega/ioport_compat.o
 .group         0x00000000        0x8 src/ASF/common/services/ioport/xmega/ioport_compat.o
 .group         0x00000000        0x8 src/ASF/common/services/ioport/xmega/ioport_compat.o
 .group         0x00000000        0x8 src/ASF/common/services/ioport/xmega/ioport_compat.o
 .group         0x00000000        0x8 src/ASF/common/services/ioport/xmega/ioport_compat.o
 .group         0x00000000        0x8 src/ASF/common/services/ioport/xmega/ioport_compat.o
 .group         0x00000000        0x8 src/ASF/common/services/ioport/xmega/ioport_compat.o
 .group         0x00000000        0x8 src/ASF/common/services/ioport/xmega/ioport_compat.o
 .group         0x00000000        0x8 src/ASF/common/services/ioport/xmega/ioport_compat.o
 .group         0x00000000        0x8 src/ASF/common/services/ioport/xmega/ioport_compat.o
 .group         0x00000000        0x8 src/ASF/common/services/ioport/xmega/ioport_compat.o
 .group         0x00000000        0x8 src/ASF/common/services/ioport/xmega/ioport_compat.o
 .group         0x00000000        0x8 src/ASF/common/services/ioport/xmega/ioport_compat.o
 .group         0x00000000        0x8 src/ASF/common/services/ioport/xmega/ioport_compat.o
 .group         0x00000000        0x8 src/ASF/common/services/ioport/xmega/ioport_compat.o
 .group         0x00000000        0x8 src/ASF/common/services/ioport/xmega/ioport_compat.o
 .group         0x00000000        0x8 src/ASF/common/services/ioport/xmega/ioport_compat.o
 .group         0x00000000        0x8 src/ASF/common/services/ioport/xmega/ioport_compat.o
 .text          0x00000000        0x0 src/ASF/common/services/ioport/xmega/ioport_compat.o
 .data          0x00000000        0x0 src/ASF/common/services/ioport/xmega/ioport_compat.o
 .bss           0x00000000        0x0 src/ASF/common/services/ioport/xmega/ioport_compat.o
 .debug_macro   0x00000000      0xa90 src/ASF/common/services/ioport/xmega/ioport_compat.o
 .debug_macro   0x00000000      0x6d7 src/ASF/common/services/ioport/xmega/ioport_compat.o
 .debug_macro   0x00000000       0x10 src/ASF/common/services/ioport/xmega/ioport_compat.o
 .debug_macro   0x00000000      0x1c9 src/ASF/common/services/ioport/xmega/ioport_compat.o
 .debug_macro   0x00000000      0x2fc src/ASF/common/services/ioport/xmega/ioport_compat.o
 .debug_macro   0x00000000       0x9e src/ASF/common/services/ioport/xmega/ioport_compat.o
 .debug_macro   0x00000000     0x53c9 src/ASF/common/services/ioport/xmega/ioport_compat.o
 .debug_macro   0x00000000       0x9a src/ASF/common/services/ioport/xmega/ioport_compat.o
 .debug_macro   0x00000000       0xf1 src/ASF/common/services/ioport/xmega/ioport_compat.o
 .debug_macro   0x00000000       0x34 src/ASF/common/services/ioport/xmega/ioport_compat.o
 .debug_macro   0x00000000       0x16 src/ASF/common/services/ioport/xmega/ioport_compat.o
 .debug_macro   0x00000000       0x18 src/ASF/common/services/ioport/xmega/ioport_compat.o
 .debug_macro   0x00000000       0x5e src/ASF/common/services/ioport/xmega/ioport_compat.o
 .debug_macro   0x00000000       0x10 src/ASF/common/services/ioport/xmega/ioport_compat.o
 .debug_macro   0x00000000       0x22 src/ASF/common/services/ioport/xmega/ioport_compat.o
 .debug_macro   0x00000000      0x16d src/ASF/common/services/ioport/xmega/ioport_compat.o
 .debug_macro   0x00000000       0x1c src/ASF/common/services/ioport/xmega/ioport_compat.o
 .debug_macro   0x00000000       0x35 src/ASF/common/services/ioport/xmega/ioport_compat.o
 .debug_macro   0x00000000       0x66 src/ASF/common/services/ioport/xmega/ioport_compat.o
 .debug_macro   0x00000000       0x96 src/ASF/common/services/ioport/xmega/ioport_compat.o
 .debug_macro   0x00000000       0x17 src/ASF/common/services/ioport/xmega/ioport_compat.o
 .debug_macro   0x00000000      0x250 src/ASF/common/services/ioport/xmega/ioport_compat.o
 .debug_macro   0x00000000       0x76 src/ASF/common/services/ioport/xmega/ioport_compat.o
 .debug_macro   0x00000000       0x16 src/ASF/common/services/ioport/xmega/ioport_compat.o
 .debug_macro   0x00000000      0x6d9 src/ASF/common/services/ioport/xmega/ioport_compat.o
 .debug_macro   0x00000000       0x10 src/ASF/common/services/ioport/xmega/ioport_compat.o
 .debug_macro   0x00000000      0x175 src/ASF/common/services/ioport/xmega/ioport_compat.o
 .debug_macro   0x00000000       0x40 src/ASF/common/services/ioport/xmega/ioport_compat.o
 .debug_macro   0x00000000       0x69 src/ASF/common/services/ioport/xmega/ioport_compat.o
 .debug_macro   0x00000000       0x31 src/ASF/common/services/ioport/xmega/ioport_compat.o
 .debug_macro   0x00000000       0xe4 src/ASF/common/services/ioport/xmega/ioport_compat.o
 .debug_macro   0x00000000       0x9a src/ASF/common/services/ioport/xmega/ioport_compat.o
 .debug_macro   0x00000000      0x102 src/ASF/common/services/ioport/xmega/ioport_compat.o
 .group         0x00000000        0x8 src/ASF/common/services/sleepmgr/xmega/sleepmgr.o
 .group         0x00000000        0x8 src/ASF/common/services/sleepmgr/xmega/sleepmgr.o
 .group         0x00000000        0x8 src/ASF/common/services/sleepmgr/xmega/sleepmgr.o
 .group         0x00000000        0x8 src/ASF/common/services/sleepmgr/xmega/sleepmgr.o
 .group         0x00000000        0x8 src/ASF/common/services/sleepmgr/xmega/sleepmgr.o
 .group         0x00000000        0x8 src/ASF/common/services/sleepmgr/xmega/sleepmgr.o
 .group         0x00000000        0x8 src/ASF/common/services/sleepmgr/xmega/sleepmgr.o
 .group         0x00000000        0x8 src/ASF/common/services/sleepmgr/xmega/sleepmgr.o
 .group         0x00000000        0x8 src/ASF/common/services/sleepmgr/xmega/sleepmgr.o
 .group         0x00000000        0x8 src/ASF/common/services/sleepmgr/xmega/sleepmgr.o
 .group         0x00000000        0x8 src/ASF/common/services/sleepmgr/xmega/sleepmgr.o
 .group         0x00000000        0x8 src/ASF/common/services/sleepmgr/xmega/sleepmgr.o
 .group         0x00000000        0x8 src/ASF/common/services/sleepmgr/xmega/sleepmgr.o
 .group         0x00000000        0x8 src/ASF/common/services/sleepmgr/xmega/sleepmgr.o
 .group         0x00000000        0x8 src/ASF/common/services/sleepmgr/xmega/sleepmgr.o
 .group         0x00000000        0x8 src/ASF/common/services/sleepmgr/xmega/sleepmgr.o
 .group         0x00000000        0x8 src/ASF/common/services/sleepmgr/xmega/sleepmgr.o
 .group         0x00000000        0x8 src/ASF/common/services/sleepmgr/xmega/sleepmgr.o
 .group         0x00000000        0x8 src/ASF/common/services/sleepmgr/xmega/sleepmgr.o
 .group         0x00000000        0x8 src/ASF/common/services/sleepmgr/xmega/sleepmgr.o
 .group         0x00000000        0x8 src/ASF/common/services/sleepmgr/xmega/sleepmgr.o
 .group         0x00000000        0x8 src/ASF/common/services/sleepmgr/xmega/sleepmgr.o
 .group         0x00000000        0x8 src/ASF/common/services/sleepmgr/xmega/sleepmgr.o
 .group         0x00000000        0x8 src/ASF/common/services/sleepmgr/xmega/sleepmgr.o
 .group         0x00000000        0x8 src/ASF/common/services/sleepmgr/xmega/sleepmgr.o
 .group         0x00000000        0x8 src/ASF/common/services/sleepmgr/xmega/sleepmgr.o
 .group         0x00000000        0x8 src/ASF/common/services/sleepmgr/xmega/sleepmgr.o
 .group         0x00000000        0x8 src/ASF/common/services/sleepmgr/xmega/sleepmgr.o
 .group         0x00000000        0x8 src/ASF/common/services/sleepmgr/xmega/sleepmgr.o
 .group         0x00000000        0x8 src/ASF/common/services/sleepmgr/xmega/sleepmgr.o
 .group         0x00000000        0x8 src/ASF/common/services/sleepmgr/xmega/sleepmgr.o
 .group         0x00000000        0x8 src/ASF/common/services/sleepmgr/xmega/sleepmgr.o
 .group         0x00000000        0x8 src/ASF/common/services/sleepmgr/xmega/sleepmgr.o
 .text          0x00000000        0x0 src/ASF/common/services/sleepmgr/xmega/sleepmgr.o
 .data          0x00000000        0x0 src/ASF/common/services/sleepmgr/xmega/sleepmgr.o
 .bss           0x00000000        0x0 src/ASF/common/services/sleepmgr/xmega/sleepmgr.o
 .debug_macro   0x00000000      0xa90 src/ASF/common/services/sleepmgr/xmega/sleepmgr.o
 .debug_macro   0x00000000       0x10 src/ASF/common/services/sleepmgr/xmega/sleepmgr.o
 .debug_macro   0x00000000      0x1c9 src/ASF/common/services/sleepmgr/xmega/sleepmgr.o
 .debug_macro   0x00000000      0x2fc src/ASF/common/services/sleepmgr/xmega/sleepmgr.o
 .debug_macro   0x00000000       0x9e src/ASF/common/services/sleepmgr/xmega/sleepmgr.o
 .debug_macro   0x00000000     0x53c9 src/ASF/common/services/sleepmgr/xmega/sleepmgr.o
 .debug_macro   0x00000000       0x9a src/ASF/common/services/sleepmgr/xmega/sleepmgr.o
 .debug_macro   0x00000000       0xf1 src/ASF/common/services/sleepmgr/xmega/sleepmgr.o
 .debug_macro   0x00000000       0x34 src/ASF/common/services/sleepmgr/xmega/sleepmgr.o
 .debug_macro   0x00000000       0x16 src/ASF/common/services/sleepmgr/xmega/sleepmgr.o
 .debug_macro   0x00000000       0x18 src/ASF/common/services/sleepmgr/xmega/sleepmgr.o
 .debug_macro   0x00000000       0x5e src/ASF/common/services/sleepmgr/xmega/sleepmgr.o
 .debug_macro   0x00000000       0x10 src/ASF/common/services/sleepmgr/xmega/sleepmgr.o
 .debug_macro   0x00000000       0x22 src/ASF/common/services/sleepmgr/xmega/sleepmgr.o
 .debug_macro   0x00000000      0x16d src/ASF/common/services/sleepmgr/xmega/sleepmgr.o
 .debug_macro   0x00000000       0x1c src/ASF/common/services/sleepmgr/xmega/sleepmgr.o
 .debug_macro   0x00000000       0x35 src/ASF/common/services/sleepmgr/xmega/sleepmgr.o
 .debug_macro   0x00000000       0x66 src/ASF/common/services/sleepmgr/xmega/sleepmgr.o
 .debug_macro   0x00000000      0x6d7 src/ASF/common/services/sleepmgr/xmega/sleepmgr.o
 .debug_macro   0x00000000       0x96 src/ASF/common/services/sleepmgr/xmega/sleepmgr.o
 .debug_macro   0x00000000       0x17 src/ASF/common/services/sleepmgr/xmega/sleepmgr.o
 .debug_macro   0x00000000      0x250 src/ASF/common/services/sleepmgr/xmega/sleepmgr.o
 .debug_macro   0x00000000       0x76 src/ASF/common/services/sleepmgr/xmega/sleepmgr.o
 .debug_macro   0x00000000       0x16 src/ASF/common/services/sleepmgr/xmega/sleepmgr.o
 .debug_macro   0x00000000      0x6d9 src/ASF/common/services/sleepmgr/xmega/sleepmgr.o
 .debug_macro   0x00000000       0x10 src/ASF/common/services/sleepmgr/xmega/sleepmgr.o
 .debug_macro   0x00000000      0x175 src/ASF/common/services/sleepmgr/xmega/sleepmgr.o
 .debug_macro   0x00000000       0x40 src/ASF/common/services/sleepmgr/xmega/sleepmgr.o
 .debug_macro   0x00000000       0x69 src/ASF/common/services/sleepmgr/xmega/sleepmgr.o
 .debug_macro   0x00000000       0x31 src/ASF/common/services/sleepmgr/xmega/sleepmgr.o
 .debug_macro   0x00000000       0xe4 src/ASF/common/services/sleepmgr/xmega/sleepmgr.o
 .debug_macro   0x00000000       0x10 src/ASF/common/services/sleepmgr/xmega/sleepmgr.o
 .debug_macro   0x00000000       0x42 src/ASF/common/services/sleepmgr/xmega/sleepmgr.o
 .group         0x00000000        0x8 src/ASF/xmega/boards/xmega_a1_xplained/init.o
 .group         0x00000000        0x8 src/ASF/xmega/boards/xmega_a1_xplained/init.o
 .group         0x00000000        0x8 src/ASF/xmega/boards/xmega_a1_xplained/init.o
 .group         0x00000000        0x8 src/ASF/xmega/boards/xmega_a1_xplained/init.o
 .group         0x00000000        0x8 src/ASF/xmega/boards/xmega_a1_xplained/init.o
 .group         0x00000000        0x8 src/ASF/xmega/boards/xmega_a1_xplained/init.o
 .group         0x00000000        0x8 src/ASF/xmega/boards/xmega_a1_xplained/init.o
 .group         0x00000000        0x8 src/ASF/xmega/boards/xmega_a1_xplained/init.o
 .group         0x00000000        0x8 src/ASF/xmega/boards/xmega_a1_xplained/init.o
 .group         0x00000000        0x8 src/ASF/xmega/boards/xmega_a1_xplained/init.o
 .group         0x00000000        0x8 src/ASF/xmega/boards/xmega_a1_xplained/init.o
 .group         0x00000000        0x8 src/ASF/xmega/boards/xmega_a1_xplained/init.o
 .group         0x00000000        0x8 src/ASF/xmega/boards/xmega_a1_xplained/init.o
 .group         0x00000000        0x8 src/ASF/xmega/boards/xmega_a1_xplained/init.o
 .group         0x00000000        0x8 src/ASF/xmega/boards/xmega_a1_xplained/init.o
 .group         0x00000000        0x8 src/ASF/xmega/boards/xmega_a1_xplained/init.o
 .group         0x00000000        0x8 src/ASF/xmega/boards/xmega_a1_xplained/init.o
 .group         0x00000000        0x8 src/ASF/xmega/boards/xmega_a1_xplained/init.o
 .group         0x00000000        0x8 src/ASF/xmega/boards/xmega_a1_xplained/init.o
 .group         0x00000000        0x8 src/ASF/xmega/boards/xmega_a1_xplained/init.o
 .group         0x00000000        0x8 src/ASF/xmega/boards/xmega_a1_xplained/init.o
 .group         0x00000000        0x8 src/ASF/xmega/boards/xmega_a1_xplained/init.o
 .group         0x00000000        0x8 src/ASF/xmega/boards/xmega_a1_xplained/init.o
 .group         0x00000000        0x8 src/ASF/xmega/boards/xmega_a1_xplained/init.o
 .group         0x00000000        0x8 src/ASF/xmega/boards/xmega_a1_xplained/init.o
 .group         0x00000000        0x8 src/ASF/xmega/boards/xmega_a1_xplained/init.o
 .group         0x00000000        0x8 src/ASF/xmega/boards/xmega_a1_xplained/init.o
 .group         0x00000000        0x8 src/ASF/xmega/boards/xmega_a1_xplained/init.o
 .group         0x00000000        0x8 src/ASF/xmega/boards/xmega_a1_xplained/init.o
 .group         0x00000000        0x8 src/ASF/xmega/boards/xmega_a1_xplained/init.o
 .group         0x00000000        0x8 src/ASF/xmega/boards/xmega_a1_xplained/init.o
 .group         0x00000000        0x8 src/ASF/xmega/boards/xmega_a1_xplained/init.o
 .group         0x00000000        0x8 src/ASF/xmega/boards/xmega_a1_xplained/init.o
 .group         0x00000000        0x8 src/ASF/xmega/boards/xmega_a1_xplained/init.o
 .group         0x00000000        0x8 src/ASF/xmega/boards/xmega_a1_xplained/init.o
 .text          0x00000000        0x0 src/ASF/xmega/boards/xmega_a1_xplained/init.o
 .data          0x00000000        0x0 src/ASF/xmega/boards/xmega_a1_xplained/init.o
 .bss           0x00000000        0x0 src/ASF/xmega/boards/xmega_a1_xplained/init.o
 .debug_macro   0x00000000      0xa90 src/ASF/xmega/boards/xmega_a1_xplained/init.o
 .debug_macro   0x00000000       0x10 src/ASF/xmega/boards/xmega_a1_xplained/init.o
 .debug_macro   0x00000000      0x1c9 src/ASF/xmega/boards/xmega_a1_xplained/init.o
 .debug_macro   0x00000000      0x2fc src/ASF/xmega/boards/xmega_a1_xplained/init.o
 .debug_macro   0x00000000       0x9e src/ASF/xmega/boards/xmega_a1_xplained/init.o
 .debug_macro   0x00000000     0x53c9 src/ASF/xmega/boards/xmega_a1_xplained/init.o
 .debug_macro   0x00000000       0x9a src/ASF/xmega/boards/xmega_a1_xplained/init.o
 .debug_macro   0x00000000       0xf1 src/ASF/xmega/boards/xmega_a1_xplained/init.o
 .debug_macro   0x00000000       0x34 src/ASF/xmega/boards/xmega_a1_xplained/init.o
 .debug_macro   0x00000000       0x16 src/ASF/xmega/boards/xmega_a1_xplained/init.o
 .debug_macro   0x00000000       0x18 src/ASF/xmega/boards/xmega_a1_xplained/init.o
 .debug_macro   0x00000000       0x5e src/ASF/xmega/boards/xmega_a1_xplained/init.o
 .debug_macro   0x00000000       0x10 src/ASF/xmega/boards/xmega_a1_xplained/init.o
 .debug_macro   0x00000000       0x22 src/ASF/xmega/boards/xmega_a1_xplained/init.o
 .debug_macro   0x00000000      0x16d src/ASF/xmega/boards/xmega_a1_xplained/init.o
 .debug_macro   0x00000000       0x1c src/ASF/xmega/boards/xmega_a1_xplained/init.o
 .debug_macro   0x00000000       0x35 src/ASF/xmega/boards/xmega_a1_xplained/init.o
 .debug_macro   0x00000000       0x66 src/ASF/xmega/boards/xmega_a1_xplained/init.o
 .debug_macro   0x00000000      0x6d7 src/ASF/xmega/boards/xmega_a1_xplained/init.o
 .debug_macro   0x00000000       0x96 src/ASF/xmega/boards/xmega_a1_xplained/init.o
 .debug_macro   0x00000000       0x17 src/ASF/xmega/boards/xmega_a1_xplained/init.o
 .debug_macro   0x00000000      0x250 src/ASF/xmega/boards/xmega_a1_xplained/init.o
 .debug_macro   0x00000000       0x76 src/ASF/xmega/boards/xmega_a1_xplained/init.o
 .debug_macro   0x00000000       0x16 src/ASF/xmega/boards/xmega_a1_xplained/init.o
 .debug_macro   0x00000000      0x6d9 src/ASF/xmega/boards/xmega_a1_xplained/init.o
 .debug_macro   0x00000000       0x10 src/ASF/xmega/boards/xmega_a1_xplained/init.o
 .debug_macro   0x00000000      0x175 src/ASF/xmega/boards/xmega_a1_xplained/init.o
 .debug_macro   0x00000000       0x40 src/ASF/xmega/boards/xmega_a1_xplained/init.o
 .debug_macro   0x00000000       0x69 src/ASF/xmega/boards/xmega_a1_xplained/init.o
 .debug_macro   0x00000000       0x31 src/ASF/xmega/boards/xmega_a1_xplained/init.o
 .debug_macro   0x00000000       0xe4 src/ASF/xmega/boards/xmega_a1_xplained/init.o
 .debug_macro   0x00000000      0x177 src/ASF/xmega/boards/xmega_a1_xplained/init.o
 .debug_macro   0x00000000       0x9a src/ASF/xmega/boards/xmega_a1_xplained/init.o
 .debug_macro   0x00000000      0x102 src/ASF/xmega/boards/xmega_a1_xplained/init.o
 .group         0x00000000        0x8 src/ASF/xmega/drivers/adc/adc.o
 .group         0x00000000        0x8 src/ASF/xmega/drivers/adc/adc.o
 .group         0x00000000        0x8 src/ASF/xmega/drivers/adc/adc.o
 .group         0x00000000        0x8 src/ASF/xmega/drivers/adc/adc.o
 .group         0x00000000        0x8 src/ASF/xmega/drivers/adc/adc.o
 .group         0x00000000        0x8 src/ASF/xmega/drivers/adc/adc.o
 .group         0x00000000        0x8 src/ASF/xmega/drivers/adc/adc.o
 .group         0x00000000        0x8 src/ASF/xmega/drivers/adc/adc.o
 .group         0x00000000        0x8 src/ASF/xmega/drivers/adc/adc.o
 .group         0x00000000        0x8 src/ASF/xmega/drivers/adc/adc.o
 .group         0x00000000        0x8 src/ASF/xmega/drivers/adc/adc.o
 .group         0x00000000        0x8 src/ASF/xmega/drivers/adc/adc.o
 .group         0x00000000        0x8 src/ASF/xmega/drivers/adc/adc.o
 .group         0x00000000        0x8 src/ASF/xmega/drivers/adc/adc.o
 .group         0x00000000        0x8 src/ASF/xmega/drivers/adc/adc.o
 .group         0x00000000        0x8 src/ASF/xmega/drivers/adc/adc.o
 .group         0x00000000        0x8 src/ASF/xmega/drivers/adc/adc.o
 .group         0x00000000        0x8 src/ASF/xmega/drivers/adc/adc.o
 .group         0x00000000        0x8 src/ASF/xmega/drivers/adc/adc.o
 .group         0x00000000        0x8 src/ASF/xmega/drivers/adc/adc.o
 .group         0x00000000        0x8 src/ASF/xmega/drivers/adc/adc.o
 .group         0x00000000        0x8 src/ASF/xmega/drivers/adc/adc.o
 .group         0x00000000        0x8 src/ASF/xmega/drivers/adc/adc.o
 .group         0x00000000        0x8 src/ASF/xmega/drivers/adc/adc.o
 .group         0x00000000        0x8 src/ASF/xmega/drivers/adc/adc.o
 .group         0x00000000        0x8 src/ASF/xmega/drivers/adc/adc.o
 .group         0x00000000        0x8 src/ASF/xmega/drivers/adc/adc.o
 .group         0x00000000        0x8 src/ASF/xmega/drivers/adc/adc.o
 .group         0x00000000        0x8 src/ASF/xmega/drivers/adc/adc.o
 .group         0x00000000        0x8 src/ASF/xmega/drivers/adc/adc.o
 .group         0x00000000        0x8 src/ASF/xmega/drivers/adc/adc.o
 .group         0x00000000        0x8 src/ASF/xmega/drivers/adc/adc.o
 .group         0x00000000        0x8 src/ASF/xmega/drivers/adc/adc.o
 .group         0x00000000        0x8 src/ASF/xmega/drivers/adc/adc.o
 .group         0x00000000        0x8 src/ASF/xmega/drivers/adc/adc.o
 .group         0x00000000        0x8 src/ASF/xmega/drivers/adc/adc.o
 .group         0x00000000        0x8 src/ASF/xmega/drivers/adc/adc.o
 .group         0x00000000        0x8 src/ASF/xmega/drivers/adc/adc.o
 .group         0x00000000        0x8 src/ASF/xmega/drivers/adc/adc.o
 .group         0x00000000        0x8 src/ASF/xmega/drivers/adc/adc.o
 .group         0x00000000        0x8 src/ASF/xmega/drivers/adc/adc.o
 .text          0x00000000        0x0 src/ASF/xmega/drivers/adc/adc.o
 .data          0x00000000        0x0 src/ASF/xmega/drivers/adc/adc.o
 .bss           0x00000000        0x0 src/ASF/xmega/drivers/adc/adc.o
 .text.adc_disable
                0x00000000       0x4e src/ASF/xmega/drivers/adc/adc.o
 .text.adc_is_enabled
                0x00000000       0x2e src/ASF/xmega/drivers/adc/adc.o
 .debug_macro   0x00000000      0xa90 src/ASF/xmega/drivers/adc/adc.o
 .debug_macro   0x00000000       0x10 src/ASF/xmega/drivers/adc/adc.o
 .debug_macro   0x00000000      0x1c9 src/ASF/xmega/drivers/adc/adc.o
 .debug_macro   0x00000000      0x2fc src/ASF/xmega/drivers/adc/adc.o
 .debug_macro   0x00000000       0x9e src/ASF/xmega/drivers/adc/adc.o
 .debug_macro   0x00000000     0x53c9 src/ASF/xmega/drivers/adc/adc.o
 .debug_macro   0x00000000       0x9a src/ASF/xmega/drivers/adc/adc.o
 .debug_macro   0x00000000       0xf1 src/ASF/xmega/drivers/adc/adc.o
 .debug_macro   0x00000000       0x34 src/ASF/xmega/drivers/adc/adc.o
 .debug_macro   0x00000000       0x16 src/ASF/xmega/drivers/adc/adc.o
 .debug_macro   0x00000000       0x18 src/ASF/xmega/drivers/adc/adc.o
 .debug_macro   0x00000000       0x5e src/ASF/xmega/drivers/adc/adc.o
 .debug_macro   0x00000000       0x10 src/ASF/xmega/drivers/adc/adc.o
 .debug_macro   0x00000000       0x22 src/ASF/xmega/drivers/adc/adc.o
 .debug_macro   0x00000000      0x16d src/ASF/xmega/drivers/adc/adc.o
 .debug_macro   0x00000000       0x1c src/ASF/xmega/drivers/adc/adc.o
 .debug_macro   0x00000000       0x35 src/ASF/xmega/drivers/adc/adc.o
 .debug_macro   0x00000000       0x66 src/ASF/xmega/drivers/adc/adc.o
 .debug_macro   0x00000000      0x6d7 src/ASF/xmega/drivers/adc/adc.o
 .debug_macro   0x00000000       0x96 src/ASF/xmega/drivers/adc/adc.o
 .debug_macro   0x00000000       0x17 src/ASF/xmega/drivers/adc/adc.o
 .debug_macro   0x00000000      0x250 src/ASF/xmega/drivers/adc/adc.o
 .debug_macro   0x00000000       0x76 src/ASF/xmega/drivers/adc/adc.o
 .debug_macro   0x00000000       0x16 src/ASF/xmega/drivers/adc/adc.o
 .debug_macro   0x00000000      0x6d9 src/ASF/xmega/drivers/adc/adc.o
 .debug_macro   0x00000000       0x10 src/ASF/xmega/drivers/adc/adc.o
 .debug_macro   0x00000000      0x175 src/ASF/xmega/drivers/adc/adc.o
 .debug_macro   0x00000000       0x40 src/ASF/xmega/drivers/adc/adc.o
 .debug_macro   0x00000000       0x69 src/ASF/xmega/drivers/adc/adc.o
 .debug_macro   0x00000000       0x31 src/ASF/xmega/drivers/adc/adc.o
 .debug_macro   0x00000000       0xe4 src/ASF/xmega/drivers/adc/adc.o
 .debug_macro   0x00000000       0x20 src/ASF/xmega/drivers/adc/adc.o
 .debug_macro   0x00000000       0x10 src/ASF/xmega/drivers/adc/adc.o
 .debug_macro   0x00000000       0x42 src/ASF/xmega/drivers/adc/adc.o
 .debug_macro   0x00000000       0x22 src/ASF/xmega/drivers/adc/adc.o
 .debug_macro   0x00000000      0x2c3 src/ASF/xmega/drivers/adc/adc.o
 .debug_macro   0x00000000      0x177 src/ASF/xmega/drivers/adc/adc.o
 .debug_macro   0x00000000       0x80 src/ASF/xmega/drivers/adc/adc.o
 .debug_macro   0x00000000       0x2f src/ASF/xmega/drivers/adc/adc.o
 .debug_macro   0x00000000      0x13f src/ASF/xmega/drivers/adc/adc.o
 .debug_macro   0x00000000       0xd0 src/ASF/xmega/drivers/adc/adc.o
 .group         0x00000000        0x8 src/ASF/xmega/drivers/adc/xmega_aau/adc_aau.o
 .group         0x00000000        0x8 src/ASF/xmega/drivers/adc/xmega_aau/adc_aau.o
 .group         0x00000000        0x8 src/ASF/xmega/drivers/adc/xmega_aau/adc_aau.o
 .group         0x00000000        0x8 src/ASF/xmega/drivers/adc/xmega_aau/adc_aau.o
 .group         0x00000000        0x8 src/ASF/xmega/drivers/adc/xmega_aau/adc_aau.o
 .group         0x00000000        0x8 src/ASF/xmega/drivers/adc/xmega_aau/adc_aau.o
 .group         0x00000000        0x8 src/ASF/xmega/drivers/adc/xmega_aau/adc_aau.o
 .group         0x00000000        0x8 src/ASF/xmega/drivers/adc/xmega_aau/adc_aau.o
 .group         0x00000000        0x8 src/ASF/xmega/drivers/adc/xmega_aau/adc_aau.o
 .group         0x00000000        0x8 src/ASF/xmega/drivers/adc/xmega_aau/adc_aau.o
 .group         0x00000000        0x8 src/ASF/xmega/drivers/adc/xmega_aau/adc_aau.o
 .group         0x00000000        0x8 src/ASF/xmega/drivers/adc/xmega_aau/adc_aau.o
 .group         0x00000000        0x8 src/ASF/xmega/drivers/adc/xmega_aau/adc_aau.o
 .group         0x00000000        0x8 src/ASF/xmega/drivers/adc/xmega_aau/adc_aau.o
 .group         0x00000000        0x8 src/ASF/xmega/drivers/adc/xmega_aau/adc_aau.o
 .group         0x00000000        0x8 src/ASF/xmega/drivers/adc/xmega_aau/adc_aau.o
 .group         0x00000000        0x8 src/ASF/xmega/drivers/adc/xmega_aau/adc_aau.o
 .group         0x00000000        0x8 src/ASF/xmega/drivers/adc/xmega_aau/adc_aau.o
 .group         0x00000000        0x8 src/ASF/xmega/drivers/adc/xmega_aau/adc_aau.o
 .group         0x00000000        0x8 src/ASF/xmega/drivers/adc/xmega_aau/adc_aau.o
 .group         0x00000000        0x8 src/ASF/xmega/drivers/adc/xmega_aau/adc_aau.o
 .group         0x00000000        0x8 src/ASF/xmega/drivers/adc/xmega_aau/adc_aau.o
 .group         0x00000000        0x8 src/ASF/xmega/drivers/adc/xmega_aau/adc_aau.o
 .group         0x00000000        0x8 src/ASF/xmega/drivers/adc/xmega_aau/adc_aau.o
 .group         0x00000000        0x8 src/ASF/xmega/drivers/adc/xmega_aau/adc_aau.o
 .group         0x00000000        0x8 src/ASF/xmega/drivers/adc/xmega_aau/adc_aau.o
 .group         0x00000000        0x8 src/ASF/xmega/drivers/adc/xmega_aau/adc_aau.o
 .group         0x00000000        0x8 src/ASF/xmega/drivers/adc/xmega_aau/adc_aau.o
 .group         0x00000000        0x8 src/ASF/xmega/drivers/adc/xmega_aau/adc_aau.o
 .group         0x00000000        0x8 src/ASF/xmega/drivers/adc/xmega_aau/adc_aau.o
 .group         0x00000000        0x8 src/ASF/xmega/drivers/adc/xmega_aau/adc_aau.o
 .group         0x00000000        0x8 src/ASF/xmega/drivers/adc/xmega_aau/adc_aau.o
 .group         0x00000000        0x8 src/ASF/xmega/drivers/adc/xmega_aau/adc_aau.o
 .group         0x00000000        0x8 src/ASF/xmega/drivers/adc/xmega_aau/adc_aau.o
 .group         0x00000000        0x8 src/ASF/xmega/drivers/adc/xmega_aau/adc_aau.o
 .group         0x00000000        0x8 src/ASF/xmega/drivers/adc/xmega_aau/adc_aau.o
 .group         0x00000000        0x8 src/ASF/xmega/drivers/adc/xmega_aau/adc_aau.o
 .group         0x00000000        0x8 src/ASF/xmega/drivers/adc/xmega_aau/adc_aau.o
 .group         0x00000000        0x8 src/ASF/xmega/drivers/adc/xmega_aau/adc_aau.o
 .group         0x00000000        0x8 src/ASF/xmega/drivers/adc/xmega_aau/adc_aau.o
 .group         0x00000000        0x8 src/ASF/xmega/drivers/adc/xmega_aau/adc_aau.o
 .text          0x00000000        0x0 src/ASF/xmega/drivers/adc/xmega_aau/adc_aau.o
 .data          0x00000000        0x0 src/ASF/xmega/drivers/adc/xmega_aau/adc_aau.o
 .bss           0x00000000        0x0 src/ASF/xmega/drivers/adc/xmega_aau/adc_aau.o
 .debug_macro   0x00000000      0xa90 src/ASF/xmega/drivers/adc/xmega_aau/adc_aau.o
 .debug_macro   0x00000000       0x10 src/ASF/xmega/drivers/adc/xmega_aau/adc_aau.o
 .debug_macro   0x00000000      0x1c9 src/ASF/xmega/drivers/adc/xmega_aau/adc_aau.o
 .debug_macro   0x00000000      0x2fc src/ASF/xmega/drivers/adc/xmega_aau/adc_aau.o
 .debug_macro   0x00000000       0x9e src/ASF/xmega/drivers/adc/xmega_aau/adc_aau.o
 .debug_macro   0x00000000     0x53c9 src/ASF/xmega/drivers/adc/xmega_aau/adc_aau.o
 .debug_macro   0x00000000       0x9a src/ASF/xmega/drivers/adc/xmega_aau/adc_aau.o
 .debug_macro   0x00000000       0xf1 src/ASF/xmega/drivers/adc/xmega_aau/adc_aau.o
 .debug_macro   0x00000000       0x34 src/ASF/xmega/drivers/adc/xmega_aau/adc_aau.o
 .debug_macro   0x00000000       0x16 src/ASF/xmega/drivers/adc/xmega_aau/adc_aau.o
 .debug_macro   0x00000000       0x18 src/ASF/xmega/drivers/adc/xmega_aau/adc_aau.o
 .debug_macro   0x00000000       0x5e src/ASF/xmega/drivers/adc/xmega_aau/adc_aau.o
 .debug_macro   0x00000000       0x10 src/ASF/xmega/drivers/adc/xmega_aau/adc_aau.o
 .debug_macro   0x00000000       0x22 src/ASF/xmega/drivers/adc/xmega_aau/adc_aau.o
 .debug_macro   0x00000000      0x16d src/ASF/xmega/drivers/adc/xmega_aau/adc_aau.o
 .debug_macro   0x00000000       0x1c src/ASF/xmega/drivers/adc/xmega_aau/adc_aau.o
 .debug_macro   0x00000000       0x35 src/ASF/xmega/drivers/adc/xmega_aau/adc_aau.o
 .debug_macro   0x00000000       0x66 src/ASF/xmega/drivers/adc/xmega_aau/adc_aau.o
 .debug_macro   0x00000000      0x6d7 src/ASF/xmega/drivers/adc/xmega_aau/adc_aau.o
 .debug_macro   0x00000000       0x96 src/ASF/xmega/drivers/adc/xmega_aau/adc_aau.o
 .debug_macro   0x00000000       0x17 src/ASF/xmega/drivers/adc/xmega_aau/adc_aau.o
 .debug_macro   0x00000000      0x250 src/ASF/xmega/drivers/adc/xmega_aau/adc_aau.o
 .debug_macro   0x00000000       0x76 src/ASF/xmega/drivers/adc/xmega_aau/adc_aau.o
 .debug_macro   0x00000000       0x16 src/ASF/xmega/drivers/adc/xmega_aau/adc_aau.o
 .debug_macro   0x00000000      0x6d9 src/ASF/xmega/drivers/adc/xmega_aau/adc_aau.o
 .debug_macro   0x00000000       0x10 src/ASF/xmega/drivers/adc/xmega_aau/adc_aau.o
 .debug_macro   0x00000000      0x175 src/ASF/xmega/drivers/adc/xmega_aau/adc_aau.o
 .debug_macro   0x00000000       0x40 src/ASF/xmega/drivers/adc/xmega_aau/adc_aau.o
 .debug_macro   0x00000000       0x69 src/ASF/xmega/drivers/adc/xmega_aau/adc_aau.o
 .debug_macro   0x00000000       0x31 src/ASF/xmega/drivers/adc/xmega_aau/adc_aau.o
 .debug_macro   0x00000000       0xe4 src/ASF/xmega/drivers/adc/xmega_aau/adc_aau.o
 .debug_macro   0x00000000       0x20 src/ASF/xmega/drivers/adc/xmega_aau/adc_aau.o
 .debug_macro   0x00000000       0x10 src/ASF/xmega/drivers/adc/xmega_aau/adc_aau.o
 .debug_macro   0x00000000       0x42 src/ASF/xmega/drivers/adc/xmega_aau/adc_aau.o
 .debug_macro   0x00000000       0x22 src/ASF/xmega/drivers/adc/xmega_aau/adc_aau.o
 .debug_macro   0x00000000      0x2c3 src/ASF/xmega/drivers/adc/xmega_aau/adc_aau.o
 .debug_macro   0x00000000      0x177 src/ASF/xmega/drivers/adc/xmega_aau/adc_aau.o
 .debug_macro   0x00000000       0x80 src/ASF/xmega/drivers/adc/xmega_aau/adc_aau.o
 .debug_macro   0x00000000       0x2f src/ASF/xmega/drivers/adc/xmega_aau/adc_aau.o
 .debug_macro   0x00000000      0x13f src/ASF/xmega/drivers/adc/xmega_aau/adc_aau.o
 .debug_macro   0x00000000       0xd0 src/ASF/xmega/drivers/adc/xmega_aau/adc_aau.o
 .text          0x00000000        0x0 src/ASF/xmega/drivers/cpu/ccp.o
 .data          0x00000000        0x0 src/ASF/xmega/drivers/cpu/ccp.o
 .bss           0x00000000        0x0 src/ASF/xmega/drivers/cpu/ccp.o
 .text.ccp_write_io
                0x00000000        0xc src/ASF/xmega/drivers/cpu/ccp.o
 .debug_line    0x00000000       0x6e src/ASF/xmega/drivers/cpu/ccp.o
 .debug_info    0x00000000       0x70 src/ASF/xmega/drivers/cpu/ccp.o
 .debug_abbrev  0x00000000       0x14 src/ASF/xmega/drivers/cpu/ccp.o
 .debug_aranges
                0x00000000       0x20 src/ASF/xmega/drivers/cpu/ccp.o
 .group         0x00000000        0x8 src/ASF/xmega/drivers/nvm/nvm.o
 .group         0x00000000        0x8 src/ASF/xmega/drivers/nvm/nvm.o
 .group         0x00000000        0x8 src/ASF/xmega/drivers/nvm/nvm.o
 .group         0x00000000        0x8 src/ASF/xmega/drivers/nvm/nvm.o
 .group         0x00000000        0x8 src/ASF/xmega/drivers/nvm/nvm.o
 .group         0x00000000        0x8 src/ASF/xmega/drivers/nvm/nvm.o
 .group         0x00000000        0x8 src/ASF/xmega/drivers/nvm/nvm.o
 .group         0x00000000        0x8 src/ASF/xmega/drivers/nvm/nvm.o
 .group         0x00000000        0x8 src/ASF/xmega/drivers/nvm/nvm.o
 .group         0x00000000        0x8 src/ASF/xmega/drivers/nvm/nvm.o
 .group         0x00000000        0x8 src/ASF/xmega/drivers/nvm/nvm.o
 .group         0x00000000        0x8 src/ASF/xmega/drivers/nvm/nvm.o
 .group         0x00000000        0x8 src/ASF/xmega/drivers/nvm/nvm.o
 .group         0x00000000        0x8 src/ASF/xmega/drivers/nvm/nvm.o
 .group         0x00000000        0x8 src/ASF/xmega/drivers/nvm/nvm.o
 .group         0x00000000        0x8 src/ASF/xmega/drivers/nvm/nvm.o
 .group         0x00000000        0x8 src/ASF/xmega/drivers/nvm/nvm.o
 .group         0x00000000        0x8 src/ASF/xmega/drivers/nvm/nvm.o
 .group         0x00000000        0x8 src/ASF/xmega/drivers/nvm/nvm.o
 .group         0x00000000        0x8 src/ASF/xmega/drivers/nvm/nvm.o
 .group         0x00000000        0x8 src/ASF/xmega/drivers/nvm/nvm.o
 .group         0x00000000        0x8 src/ASF/xmega/drivers/nvm/nvm.o
 .group         0x00000000        0x8 src/ASF/xmega/drivers/nvm/nvm.o
 .group         0x00000000        0x8 src/ASF/xmega/drivers/nvm/nvm.o
 .group         0x00000000        0x8 src/ASF/xmega/drivers/nvm/nvm.o
 .group         0x00000000        0x8 src/ASF/xmega/drivers/nvm/nvm.o
 .group         0x00000000        0x8 src/ASF/xmega/drivers/nvm/nvm.o
 .group         0x00000000        0x8 src/ASF/xmega/drivers/nvm/nvm.o
 .group         0x00000000        0x8 src/ASF/xmega/drivers/nvm/nvm.o
 .group         0x00000000        0x8 src/ASF/xmega/drivers/nvm/nvm.o
 .group         0x00000000        0x8 src/ASF/xmega/drivers/nvm/nvm.o
 .group         0x00000000        0x8 src/ASF/xmega/drivers/nvm/nvm.o
 .group         0x00000000        0x8 src/ASF/xmega/drivers/nvm/nvm.o
 .text          0x00000000        0x0 src/ASF/xmega/drivers/nvm/nvm.o
 .data          0x00000000        0x0 src/ASF/xmega/drivers/nvm/nvm.o
 .bss           0x00000000        0x0 src/ASF/xmega/drivers/nvm/nvm.o
 .text.nvm_read_device_serial
                0x00000000       0x90 src/ASF/xmega/drivers/nvm/nvm.o
 .text.nvm_eeprom_read_byte
                0x00000000       0x22 src/ASF/xmega/drivers/nvm/nvm.o
 .text.nvm_eeprom_read_buffer
                0x00000000       0x32 src/ASF/xmega/drivers/nvm/nvm.o
 .text.nvm_eeprom_flush_buffer
                0x00000000       0x24 src/ASF/xmega/drivers/nvm/nvm.o
 .text.nvm_eeprom_load_byte_to_buffer
                0x00000000       0x24 src/ASF/xmega/drivers/nvm/nvm.o
 .text.nvm_eeprom_write_byte
                0x00000000       0x50 src/ASF/xmega/drivers/nvm/nvm.o
 .text.nvm_eeprom_load_page_to_buffer
                0x00000000       0x2e src/ASF/xmega/drivers/nvm/nvm.o
 .text.nvm_eeprom_atomic_write_page
                0x00000000       0x3c src/ASF/xmega/drivers/nvm/nvm.o
 .text.nvm_eeprom_erase_and_write_buffer
                0x00000000       0x86 src/ASF/xmega/drivers/nvm/nvm.o
 .text.nvm_eeprom_split_write_page
                0x00000000       0x3c src/ASF/xmega/drivers/nvm/nvm.o
 .text.nvm_eeprom_fill_buffer_with_value
                0x00000000       0x2a src/ASF/xmega/drivers/nvm/nvm.o
 .text.nvm_eeprom_erase_bytes_in_page
                0x00000000       0x3c src/ASF/xmega/drivers/nvm/nvm.o
 .text.nvm_eeprom_erase_page
                0x00000000       0x14 src/ASF/xmega/drivers/nvm/nvm.o
 .text.nvm_eeprom_erase_bytes_in_all_pages
                0x00000000       0x2e src/ASF/xmega/drivers/nvm/nvm.o
 .text.nvm_eeprom_erase_all
                0x00000000        0xc src/ASF/xmega/drivers/nvm/nvm.o
 .text.nvm_issue_flash_range_crc
                0x00000000       0x5a src/ASF/xmega/drivers/nvm/nvm.o
 .text.nvm_flash_read_buffer
                0x00000000       0x34 src/ASF/xmega/drivers/nvm/nvm.o
 .text.nvm_user_sig_read_buffer
                0x00000000       0x3c src/ASF/xmega/drivers/nvm/nvm.o
 .text.nvm_user_sig_write_buffer
                0x00000000      0x14e src/ASF/xmega/drivers/nvm/nvm.o
 .text.nvm_flash_erase_and_write_buffer
                0x00000000      0x192 src/ASF/xmega/drivers/nvm/nvm.o
 .text.nvm_fuses_read
                0x00000000       0x32 src/ASF/xmega/drivers/nvm/nvm.o
 .debug_info    0x00000000     0x13b2 src/ASF/xmega/drivers/nvm/nvm.o
 .debug_abbrev  0x00000000      0x3bd src/ASF/xmega/drivers/nvm/nvm.o
 .debug_loc     0x00000000     0x1220 src/ASF/xmega/drivers/nvm/nvm.o
 .debug_aranges
                0x00000000       0xc0 src/ASF/xmega/drivers/nvm/nvm.o
 .debug_ranges  0x00000000       0xb0 src/ASF/xmega/drivers/nvm/nvm.o
 .debug_macro   0x00000000      0x198 src/ASF/xmega/drivers/nvm/nvm.o
 .debug_macro   0x00000000      0xa90 src/ASF/xmega/drivers/nvm/nvm.o
 .debug_macro   0x00000000       0x10 src/ASF/xmega/drivers/nvm/nvm.o
 .debug_macro   0x00000000      0x1c9 src/ASF/xmega/drivers/nvm/nvm.o
 .debug_macro   0x00000000      0x2fc src/ASF/xmega/drivers/nvm/nvm.o
 .debug_macro   0x00000000       0x9e src/ASF/xmega/drivers/nvm/nvm.o
 .debug_macro   0x00000000     0x53c9 src/ASF/xmega/drivers/nvm/nvm.o
 .debug_macro   0x00000000       0x9a src/ASF/xmega/drivers/nvm/nvm.o
 .debug_macro   0x00000000       0xf1 src/ASF/xmega/drivers/nvm/nvm.o
 .debug_macro   0x00000000       0x34 src/ASF/xmega/drivers/nvm/nvm.o
 .debug_macro   0x00000000       0x16 src/ASF/xmega/drivers/nvm/nvm.o
 .debug_macro   0x00000000       0x18 src/ASF/xmega/drivers/nvm/nvm.o
 .debug_macro   0x00000000       0x5e src/ASF/xmega/drivers/nvm/nvm.o
 .debug_macro   0x00000000       0x10 src/ASF/xmega/drivers/nvm/nvm.o
 .debug_macro   0x00000000       0x22 src/ASF/xmega/drivers/nvm/nvm.o
 .debug_macro   0x00000000      0x16d src/ASF/xmega/drivers/nvm/nvm.o
 .debug_macro   0x00000000       0x1c src/ASF/xmega/drivers/nvm/nvm.o
 .debug_macro   0x00000000       0x35 src/ASF/xmega/drivers/nvm/nvm.o
 .debug_macro   0x00000000       0x66 src/ASF/xmega/drivers/nvm/nvm.o
 .debug_macro   0x00000000      0x6d7 src/ASF/xmega/drivers/nvm/nvm.o
 .debug_macro   0x00000000       0x96 src/ASF/xmega/drivers/nvm/nvm.o
 .debug_macro   0x00000000       0x17 src/ASF/xmega/drivers/nvm/nvm.o
 .debug_macro   0x00000000      0x250 src/ASF/xmega/drivers/nvm/nvm.o
 .debug_macro   0x00000000       0x76 src/ASF/xmega/drivers/nvm/nvm.o
 .debug_macro   0x00000000       0x16 src/ASF/xmega/drivers/nvm/nvm.o
 .debug_macro   0x00000000      0x6d9 src/ASF/xmega/drivers/nvm/nvm.o
 .debug_macro   0x00000000       0x10 src/ASF/xmega/drivers/nvm/nvm.o
 .debug_macro   0x00000000      0x175 src/ASF/xmega/drivers/nvm/nvm.o
 .debug_macro   0x00000000       0x40 src/ASF/xmega/drivers/nvm/nvm.o
 .debug_macro   0x00000000       0x69 src/ASF/xmega/drivers/nvm/nvm.o
 .debug_macro   0x00000000       0x31 src/ASF/xmega/drivers/nvm/nvm.o
 .debug_macro   0x00000000       0xe4 src/ASF/xmega/drivers/nvm/nvm.o
 .debug_macro   0x00000000       0x26 src/ASF/xmega/drivers/nvm/nvm.o
 .debug_macro   0x00000000       0x16 src/ASF/xmega/drivers/nvm/nvm.o
 .debug_line    0x00000000      0xb5d src/ASF/xmega/drivers/nvm/nvm.o
 .debug_str     0x00000000    0x26a02 src/ASF/xmega/drivers/nvm/nvm.o
 .comment       0x00000000       0x31 src/ASF/xmega/drivers/nvm/nvm.o
 .debug_frame   0x00000000      0x338 src/ASF/xmega/drivers/nvm/nvm.o
 .text          0x00000000        0x0 src/ASF/xmega/drivers/nvm/nvm_asm.o
 .data          0x00000000        0x0 src/ASF/xmega/drivers/nvm/nvm_asm.o
 .bss           0x00000000        0x0 src/ASF/xmega/drivers/nvm/nvm_asm.o
 .BOOT          0x00000000       0x44 src/ASF/xmega/drivers/nvm/nvm_asm.o
 .text          0x00000000        0x0 d:/program files in d/atmel/studio/7.0/toolchain/avr8/avr8-gnu-toolchain/bin/../lib/gcc/avr/5.4.0/avrxmega7\libgcc.a(_divmodsi4.o)
 .data          0x00000000        0x0 d:/program files in d/atmel/studio/7.0/toolchain/avr8/avr8-gnu-toolchain/bin/../lib/gcc/avr/5.4.0/avrxmega7\libgcc.a(_divmodsi4.o)
 .bss           0x00000000        0x0 d:/program files in d/atmel/studio/7.0/toolchain/avr8/avr8-gnu-toolchain/bin/../lib/gcc/avr/5.4.0/avrxmega7\libgcc.a(_divmodsi4.o)
 .text.libgcc.mul
                0x00000000        0x0 d:/program files in d/atmel/studio/7.0/toolchain/avr8/avr8-gnu-toolchain/bin/../lib/gcc/avr/5.4.0/avrxmega7\libgcc.a(_divmodsi4.o)
 .text.libgcc   0x00000000        0x0 d:/program files in d/atmel/studio/7.0/toolchain/avr8/avr8-gnu-toolchain/bin/../lib/gcc/avr/5.4.0/avrxmega7\libgcc.a(_divmodsi4.o)
 .text.libgcc.prologue
                0x00000000        0x0 d:/program files in d/atmel/studio/7.0/toolchain/avr8/avr8-gnu-toolchain/bin/../lib/gcc/avr/5.4.0/avrxmega7\libgcc.a(_divmodsi4.o)
 .text.libgcc.builtins
                0x00000000        0x0 d:/program files in d/atmel/studio/7.0/toolchain/avr8/avr8-gnu-toolchain/bin/../lib/gcc/avr/5.4.0/avrxmega7\libgcc.a(_divmodsi4.o)
 .text.libgcc.fmul
                0x00000000        0x0 d:/program files in d/atmel/studio/7.0/toolchain/avr8/avr8-gnu-toolchain/bin/../lib/gcc/avr/5.4.0/avrxmega7\libgcc.a(_divmodsi4.o)
 .text.libgcc.fixed
                0x00000000        0x0 d:/program files in d/atmel/studio/7.0/toolchain/avr8/avr8-gnu-toolchain/bin/../lib/gcc/avr/5.4.0/avrxmega7\libgcc.a(_divmodsi4.o)
 .text          0x00000000        0x0 d:/program files in d/atmel/studio/7.0/toolchain/avr8/avr8-gnu-toolchain/bin/../lib/gcc/avr/5.4.0/avrxmega7\libgcc.a(_negsi2.o)
 .data          0x00000000        0x0 d:/program files in d/atmel/studio/7.0/toolchain/avr8/avr8-gnu-toolchain/bin/../lib/gcc/avr/5.4.0/avrxmega7\libgcc.a(_negsi2.o)
 .bss           0x00000000        0x0 d:/program files in d/atmel/studio/7.0/toolchain/avr8/avr8-gnu-toolchain/bin/../lib/gcc/avr/5.4.0/avrxmega7\libgcc.a(_negsi2.o)
 .text.libgcc.mul
                0x00000000        0x0 d:/program files in d/atmel/studio/7.0/toolchain/avr8/avr8-gnu-toolchain/bin/../lib/gcc/avr/5.4.0/avrxmega7\libgcc.a(_negsi2.o)
 .text.libgcc   0x00000000        0x0 d:/program files in d/atmel/studio/7.0/toolchain/avr8/avr8-gnu-toolchain/bin/../lib/gcc/avr/5.4.0/avrxmega7\libgcc.a(_negsi2.o)
 .text.libgcc.prologue
                0x00000000        0x0 d:/program files in d/atmel/studio/7.0/toolchain/avr8/avr8-gnu-toolchain/bin/../lib/gcc/avr/5.4.0/avrxmega7\libgcc.a(_negsi2.o)
 .text.libgcc.builtins
                0x00000000        0x0 d:/program files in d/atmel/studio/7.0/toolchain/avr8/avr8-gnu-toolchain/bin/../lib/gcc/avr/5.4.0/avrxmega7\libgcc.a(_negsi2.o)
 .text.libgcc.fmul
                0x00000000        0x0 d:/program files in d/atmel/studio/7.0/toolchain/avr8/avr8-gnu-toolchain/bin/../lib/gcc/avr/5.4.0/avrxmega7\libgcc.a(_negsi2.o)
 .text.libgcc.fixed
                0x00000000        0x0 d:/program files in d/atmel/studio/7.0/toolchain/avr8/avr8-gnu-toolchain/bin/../lib/gcc/avr/5.4.0/avrxmega7\libgcc.a(_negsi2.o)
 .text          0x00000000        0x0 d:/program files in d/atmel/studio/7.0/toolchain/avr8/avr8-gnu-toolchain/bin/../lib/gcc/avr/5.4.0/avrxmega7\libgcc.a(_exit.o)
 .data          0x00000000        0x0 d:/program files in d/atmel/studio/7.0/toolchain/avr8/avr8-gnu-toolchain/bin/../lib/gcc/avr/5.4.0/avrxmega7\libgcc.a(_exit.o)
 .bss           0x00000000        0x0 d:/program files in d/atmel/studio/7.0/toolchain/avr8/avr8-gnu-toolchain/bin/../lib/gcc/avr/5.4.0/avrxmega7\libgcc.a(_exit.o)
 .text.libgcc.mul
                0x00000000        0x0 d:/program files in d/atmel/studio/7.0/toolchain/avr8/avr8-gnu-toolchain/bin/../lib/gcc/avr/5.4.0/avrxmega7\libgcc.a(_exit.o)
 .text.libgcc.div
                0x00000000        0x0 d:/program files in d/atmel/studio/7.0/toolchain/avr8/avr8-gnu-toolchain/bin/../lib/gcc/avr/5.4.0/avrxmega7\libgcc.a(_exit.o)
 .text.libgcc   0x00000000        0x0 d:/program files in d/atmel/studio/7.0/toolchain/avr8/avr8-gnu-toolchain/bin/../lib/gcc/avr/5.4.0/avrxmega7\libgcc.a(_exit.o)
 .text.libgcc.prologue
                0x00000000        0x0 d:/program files in d/atmel/studio/7.0/toolchain/avr8/avr8-gnu-toolchain/bin/../lib/gcc/avr/5.4.0/avrxmega7\libgcc.a(_exit.o)
 .text.libgcc.builtins
                0x00000000        0x0 d:/program files in d/atmel/studio/7.0/toolchain/avr8/avr8-gnu-toolchain/bin/../lib/gcc/avr/5.4.0/avrxmega7\libgcc.a(_exit.o)
 .text.libgcc.fmul
                0x00000000        0x0 d:/program files in d/atmel/studio/7.0/toolchain/avr8/avr8-gnu-toolchain/bin/../lib/gcc/avr/5.4.0/avrxmega7\libgcc.a(_exit.o)
 .text.libgcc.fixed
                0x00000000        0x0 d:/program files in d/atmel/studio/7.0/toolchain/avr8/avr8-gnu-toolchain/bin/../lib/gcc/avr/5.4.0/avrxmega7\libgcc.a(_exit.o)
 .text          0x00000000        0x0 d:/program files in d/atmel/studio/7.0/toolchain/avr8/avr8-gnu-toolchain/bin/../lib/gcc/avr/5.4.0/avrxmega7\libgcc.a(_copy_data.o)
 .data          0x00000000        0x0 d:/program files in d/atmel/studio/7.0/toolchain/avr8/avr8-gnu-toolchain/bin/../lib/gcc/avr/5.4.0/avrxmega7\libgcc.a(_copy_data.o)
 .bss           0x00000000        0x0 d:/program files in d/atmel/studio/7.0/toolchain/avr8/avr8-gnu-toolchain/bin/../lib/gcc/avr/5.4.0/avrxmega7\libgcc.a(_copy_data.o)
 .text.libgcc.mul
                0x00000000        0x0 d:/program files in d/atmel/studio/7.0/toolchain/avr8/avr8-gnu-toolchain/bin/../lib/gcc/avr/5.4.0/avrxmega7\libgcc.a(_copy_data.o)
 .text.libgcc.div
                0x00000000        0x0 d:/program files in d/atmel/studio/7.0/toolchain/avr8/avr8-gnu-toolchain/bin/../lib/gcc/avr/5.4.0/avrxmega7\libgcc.a(_copy_data.o)
 .text.libgcc   0x00000000        0x0 d:/program files in d/atmel/studio/7.0/toolchain/avr8/avr8-gnu-toolchain/bin/../lib/gcc/avr/5.4.0/avrxmega7\libgcc.a(_copy_data.o)
 .text.libgcc.prologue
                0x00000000        0x0 d:/program files in d/atmel/studio/7.0/toolchain/avr8/avr8-gnu-toolchain/bin/../lib/gcc/avr/5.4.0/avrxmega7\libgcc.a(_copy_data.o)
 .text.libgcc.builtins
                0x00000000        0x0 d:/program files in d/atmel/studio/7.0/toolchain/avr8/avr8-gnu-toolchain/bin/../lib/gcc/avr/5.4.0/avrxmega7\libgcc.a(_copy_data.o)
 .text.libgcc.fmul
                0x00000000        0x0 d:/program files in d/atmel/studio/7.0/toolchain/avr8/avr8-gnu-toolchain/bin/../lib/gcc/avr/5.4.0/avrxmega7\libgcc.a(_copy_data.o)
 .text.libgcc.fixed
                0x00000000        0x0 d:/program files in d/atmel/studio/7.0/toolchain/avr8/avr8-gnu-toolchain/bin/../lib/gcc/avr/5.4.0/avrxmega7\libgcc.a(_copy_data.o)
 .text          0x00000000        0x0 d:/program files in d/atmel/studio/7.0/toolchain/avr8/avr8-gnu-toolchain/bin/../lib/gcc/avr/5.4.0/avrxmega7\libgcc.a(_clear_bss.o)
 .data          0x00000000        0x0 d:/program files in d/atmel/studio/7.0/toolchain/avr8/avr8-gnu-toolchain/bin/../lib/gcc/avr/5.4.0/avrxmega7\libgcc.a(_clear_bss.o)
 .bss           0x00000000        0x0 d:/program files in d/atmel/studio/7.0/toolchain/avr8/avr8-gnu-toolchain/bin/../lib/gcc/avr/5.4.0/avrxmega7\libgcc.a(_clear_bss.o)
 .text.libgcc.mul
                0x00000000        0x0 d:/program files in d/atmel/studio/7.0/toolchain/avr8/avr8-gnu-toolchain/bin/../lib/gcc/avr/5.4.0/avrxmega7\libgcc.a(_clear_bss.o)
 .text.libgcc.div
                0x00000000        0x0 d:/program files in d/atmel/studio/7.0/toolchain/avr8/avr8-gnu-toolchain/bin/../lib/gcc/avr/5.4.0/avrxmega7\libgcc.a(_clear_bss.o)
 .text.libgcc   0x00000000        0x0 d:/program files in d/atmel/studio/7.0/toolchain/avr8/avr8-gnu-toolchain/bin/../lib/gcc/avr/5.4.0/avrxmega7\libgcc.a(_clear_bss.o)
 .text.libgcc.prologue
                0x00000000        0x0 d:/program files in d/atmel/studio/7.0/toolchain/avr8/avr8-gnu-toolchain/bin/../lib/gcc/avr/5.4.0/avrxmega7\libgcc.a(_clear_bss.o)
 .text.libgcc.builtins
                0x00000000        0x0 d:/program files in d/atmel/studio/7.0/toolchain/avr8/avr8-gnu-toolchain/bin/../lib/gcc/avr/5.4.0/avrxmega7\libgcc.a(_clear_bss.o)
 .text.libgcc.fmul
                0x00000000        0x0 d:/program files in d/atmel/studio/7.0/toolchain/avr8/avr8-gnu-toolchain/bin/../lib/gcc/avr/5.4.0/avrxmega7\libgcc.a(_clear_bss.o)
 .text.libgcc.fixed
                0x00000000        0x0 d:/program files in d/atmel/studio/7.0/toolchain/avr8/avr8-gnu-toolchain/bin/../lib/gcc/avr/5.4.0/avrxmega7\libgcc.a(_clear_bss.o)
 .text          0x00000000        0x0 d:/program files in d/atmel/studio/7.0/toolchain/avr8/avr8-gnu-toolchain/bin/../lib/gcc/avr/5.4.0/avrxmega7\libgcc.a(_muluhisi3.o)
 .data          0x00000000        0x0 d:/program files in d/atmel/studio/7.0/toolchain/avr8/avr8-gnu-toolchain/bin/../lib/gcc/avr/5.4.0/avrxmega7\libgcc.a(_muluhisi3.o)
 .bss           0x00000000        0x0 d:/program files in d/atmel/studio/7.0/toolchain/avr8/avr8-gnu-toolchain/bin/../lib/gcc/avr/5.4.0/avrxmega7\libgcc.a(_muluhisi3.o)
 .text.libgcc.div
                0x00000000        0x0 d:/program files in d/atmel/studio/7.0/toolchain/avr8/avr8-gnu-toolchain/bin/../lib/gcc/avr/5.4.0/avrxmega7\libgcc.a(_muluhisi3.o)
 .text.libgcc   0x00000000        0x0 d:/program files in d/atmel/studio/7.0/toolchain/avr8/avr8-gnu-toolchain/bin/../lib/gcc/avr/5.4.0/avrxmega7\libgcc.a(_muluhisi3.o)
 .text.libgcc.prologue
                0x00000000        0x0 d:/program files in d/atmel/studio/7.0/toolchain/avr8/avr8-gnu-toolchain/bin/../lib/gcc/avr/5.4.0/avrxmega7\libgcc.a(_muluhisi3.o)
 .text.libgcc.builtins
                0x00000000        0x0 d:/program files in d/atmel/studio/7.0/toolchain/avr8/avr8-gnu-toolchain/bin/../lib/gcc/avr/5.4.0/avrxmega7\libgcc.a(_muluhisi3.o)
 .text.libgcc.fmul
                0x00000000        0x0 d:/program files in d/atmel/studio/7.0/toolchain/avr8/avr8-gnu-toolchain/bin/../lib/gcc/avr/5.4.0/avrxmega7\libgcc.a(_muluhisi3.o)
 .text.libgcc.fixed
                0x00000000        0x0 d:/program files in d/atmel/studio/7.0/toolchain/avr8/avr8-gnu-toolchain/bin/../lib/gcc/avr/5.4.0/avrxmega7\libgcc.a(_muluhisi3.o)
 .text          0x00000000        0x0 d:/program files in d/atmel/studio/7.0/toolchain/avr8/avr8-gnu-toolchain/bin/../lib/gcc/avr/5.4.0/avrxmega7\libgcc.a(_udivmodsi4.o)
 .data          0x00000000        0x0 d:/program files in d/atmel/studio/7.0/toolchain/avr8/avr8-gnu-toolchain/bin/../lib/gcc/avr/5.4.0/avrxmega7\libgcc.a(_udivmodsi4.o)
 .bss           0x00000000        0x0 d:/program files in d/atmel/studio/7.0/toolchain/avr8/avr8-gnu-toolchain/bin/../lib/gcc/avr/5.4.0/avrxmega7\libgcc.a(_udivmodsi4.o)
 .text.libgcc.mul
                0x00000000        0x0 d:/program files in d/atmel/studio/7.0/toolchain/avr8/avr8-gnu-toolchain/bin/../lib/gcc/avr/5.4.0/avrxmega7\libgcc.a(_udivmodsi4.o)
 .text.libgcc   0x00000000        0x0 d:/program files in d/atmel/studio/7.0/toolchain/avr8/avr8-gnu-toolchain/bin/../lib/gcc/avr/5.4.0/avrxmega7\libgcc.a(_udivmodsi4.o)
 .text.libgcc.prologue
                0x00000000        0x0 d:/program files in d/atmel/studio/7.0/toolchain/avr8/avr8-gnu-toolchain/bin/../lib/gcc/avr/5.4.0/avrxmega7\libgcc.a(_udivmodsi4.o)
 .text.libgcc.builtins
                0x00000000        0x0 d:/program files in d/atmel/studio/7.0/toolchain/avr8/avr8-gnu-toolchain/bin/../lib/gcc/avr/5.4.0/avrxmega7\libgcc.a(_udivmodsi4.o)
 .text.libgcc.fmul
                0x00000000        0x0 d:/program files in d/atmel/studio/7.0/toolchain/avr8/avr8-gnu-toolchain/bin/../lib/gcc/avr/5.4.0/avrxmega7\libgcc.a(_udivmodsi4.o)
 .text.libgcc.fixed
                0x00000000        0x0 d:/program files in d/atmel/studio/7.0/toolchain/avr8/avr8-gnu-toolchain/bin/../lib/gcc/avr/5.4.0/avrxmega7\libgcc.a(_udivmodsi4.o)
 .text          0x00000000        0x0 d:/program files in d/atmel/studio/7.0/toolchain/avr8/avr8-gnu-toolchain/bin/../lib/gcc/avr/5.4.0/avrxmega7\libgcc.a(_umulhisi3.o)
 .data          0x00000000        0x0 d:/program files in d/atmel/studio/7.0/toolchain/avr8/avr8-gnu-toolchain/bin/../lib/gcc/avr/5.4.0/avrxmega7\libgcc.a(_umulhisi3.o)
 .bss           0x00000000        0x0 d:/program files in d/atmel/studio/7.0/toolchain/avr8/avr8-gnu-toolchain/bin/../lib/gcc/avr/5.4.0/avrxmega7\libgcc.a(_umulhisi3.o)
 .text.libgcc.div
                0x00000000        0x0 d:/program files in d/atmel/studio/7.0/toolchain/avr8/avr8-gnu-toolchain/bin/../lib/gcc/avr/5.4.0/avrxmega7\libgcc.a(_umulhisi3.o)
 .text.libgcc   0x00000000        0x0 d:/program files in d/atmel/studio/7.0/toolchain/avr8/avr8-gnu-toolchain/bin/../lib/gcc/avr/5.4.0/avrxmega7\libgcc.a(_umulhisi3.o)
 .text.libgcc.prologue
                0x00000000        0x0 d:/program files in d/atmel/studio/7.0/toolchain/avr8/avr8-gnu-toolchain/bin/../lib/gcc/avr/5.4.0/avrxmega7\libgcc.a(_umulhisi3.o)
 .text.libgcc.builtins
                0x00000000        0x0 d:/program files in d/atmel/studio/7.0/toolchain/avr8/avr8-gnu-toolchain/bin/../lib/gcc/avr/5.4.0/avrxmega7\libgcc.a(_umulhisi3.o)
 .text.libgcc.fmul
                0x00000000        0x0 d:/program files in d/atmel/studio/7.0/toolchain/avr8/avr8-gnu-toolchain/bin/../lib/gcc/avr/5.4.0/avrxmega7\libgcc.a(_umulhisi3.o)
 .text.libgcc.fixed
                0x00000000        0x0 d:/program files in d/atmel/studio/7.0/toolchain/avr8/avr8-gnu-toolchain/bin/../lib/gcc/avr/5.4.0/avrxmega7\libgcc.a(_umulhisi3.o)
 .text          0x00000000        0x0 d:/program files in d/atmel/studio/7.0/toolchain/avr8/avr8-gnu-toolchain/bin/../lib/gcc/avr/5.4.0/../../../../avr/lib/avrxmega7\libc.a(memcpy.o)
 .data          0x00000000        0x0 d:/program files in d/atmel/studio/7.0/toolchain/avr8/avr8-gnu-toolchain/bin/../lib/gcc/avr/5.4.0/../../../../avr/lib/avrxmega7\libc.a(memcpy.o)
 .bss           0x00000000        0x0 d:/program files in d/atmel/studio/7.0/toolchain/avr8/avr8-gnu-toolchain/bin/../lib/gcc/avr/5.4.0/../../../../avr/lib/avrxmega7\libc.a(memcpy.o)
 .text.avr-libc
                0x00000000       0x12 d:/program files in d/atmel/studio/7.0/toolchain/avr8/avr8-gnu-toolchain/bin/../lib/gcc/avr/5.4.0/../../../../avr/lib/avrxmega7\libc.a(memcpy.o)

Memory Configuration

Name             Origin             Length             Attributes
text             0x00000000         0x00100000         xr
data             0x00802000         0x0000ffa0         rw !x
eeprom           0x00810000         0x00010000         rw !x
fuse             0x00820000         0x00000006         rw !x
lock             0x00830000         0x00000400         rw !x
signature        0x00840000         0x00000400         rw !x
user_signatures  0x00850000         0x00000400         rw !x
*default*        0x00000000         0xffffffff

Linker script and memory map

LOAD D:/Program Files in D/Atmel/Studio/7.0/Packs/atmel/XMEGAA_DFP/1.1.68/gcc/dev/atxmega128a1/avrxmega7/crtatxmega128a1.o
LOAD src/adc_example2.o
LOAD src/ASF/common/services/clock/xmega/sysclk.o
LOAD src/ASF/common/services/ioport/xmega/ioport_compat.o
LOAD src/ASF/common/services/sleepmgr/xmega/sleepmgr.o
LOAD src/ASF/xmega/boards/xmega_a1_xplained/init.o
LOAD src/ASF/xmega/drivers/adc/adc.o
LOAD src/ASF/xmega/drivers/adc/xmega_aau/adc_aau.o
LOAD src/ASF/xmega/drivers/cpu/ccp.o
LOAD src/ASF/xmega/drivers/nvm/nvm.o
LOAD src/ASF/xmega/drivers/nvm/nvm_asm.o
START GROUP
LOAD d:/program files in d/atmel/studio/7.0/toolchain/avr8/avr8-gnu-toolchain/bin/../lib/gcc/avr/5.4.0/../../../../avr/lib/avrxmega7\libm.a
END GROUP
Address of section .BOOT set to 0x20000
START GROUP
LOAD d:/program files in d/atmel/studio/7.0/toolchain/avr8/avr8-gnu-toolchain/bin/../lib/gcc/avr/5.4.0/avrxmega7\libgcc.a
LOAD d:/program files in d/atmel/studio/7.0/toolchain/avr8/avr8-gnu-toolchain/bin/../lib/gcc/avr/5.4.0/../../../../avr/lib/avrxmega7\libm.a
LOAD d:/program files in d/atmel/studio/7.0/toolchain/avr8/avr8-gnu-toolchain/bin/../lib/gcc/avr/5.4.0/../../../../avr/lib/avrxmega7\libc.a
LOAD D:/Program Files in D/Atmel/Studio/7.0/Packs/atmel/XMEGAA_DFP/1.1.68/gcc/dev/atxmega128a1/avrxmega7\libatxmega128a1.a
END GROUP
                0x00100000                __TEXT_REGION_LENGTH__ = DEFINED (__TEXT_REGION_LENGTH__)?__TEXT_REGION_LENGTH__:0x100000
                0x0000ffa0                __DATA_REGION_LENGTH__ = DEFINED (__DATA_REGION_LENGTH__)?__DATA_REGION_LENGTH__:0xffa0
                0x00010000                __EEPROM_REGION_LENGTH__ = DEFINED (__EEPROM_REGION_LENGTH__)?__EEPROM_REGION_LENGTH__:0x10000
                [0x00000006]                __FUSE_REGION_LENGTH__ = DEFINED (__FUSE_REGION_LENGTH__)?__FUSE_REGION_LENGTH__:0x400
                0x00000400                __LOCK_REGION_LENGTH__ = DEFINED (__LOCK_REGION_LENGTH__)?__LOCK_REGION_LENGTH__:0x400
                0x00000400                __SIGNATURE_REGION_LENGTH__ = DEFINED (__SIGNATURE_REGION_LENGTH__)?__SIGNATURE_REGION_LENGTH__:0x400
                0x00000400                __USER_SIGNATURE_REGION_LENGTH__ = DEFINED (__USER_SIGNATURE_REGION_LENGTH__)?__USER_SIGNATURE_REGION_LENGTH__:0x400

.hash
 *(.hash)

.dynsym
 *(.dynsym)

.dynstr
 *(.dynstr)

.gnu.version
 *(.gnu.version)

.gnu.version_d
 *(.gnu.version_d)

.gnu.version_r
 *(.gnu.version_r)

.rel.init
 *(.rel.init)

.rela.init
 *(.rela.init)

.rel.text
 *(.rel.text)
 *(.rel.text.*)
 *(.rel.gnu.linkonce.t*)

.rela.text
 *(.rela.text)
 *(.rela.text.*)
 *(.rela.gnu.linkonce.t*)

.rel.fini
 *(.rel.fini)

.rela.fini
 *(.rela.fini)

.rel.rodata
 *(.rel.rodata)
 *(.rel.rodata.*)
 *(.rel.gnu.linkonce.r*)

.rela.rodata
 *(.rela.rodata)
 *(.rela.rodata.*)
 *(.rela.gnu.linkonce.r*)

.rel.data
 *(.rel.data)
 *(.rel.data.*)
 *(.rel.gnu.linkonce.d*)

.rela.data
 *(.rela.data)
 *(.rela.data.*)
 *(.rela.gnu.linkonce.d*)

.rel.ctors
 *(.rel.ctors)

.rela.ctors
 *(.rela.ctors)

.rel.dtors
 *(.rel.dtors)

.rela.dtors
 *(.rela.dtors)

.rel.got
 *(.rel.got)

.rela.got
 *(.rela.got)

.rel.bss
 *(.rel.bss)

.rela.bss
 *(.rela.bss)

.rel.plt
 *(.rel.plt)

.rela.plt
 *(.rela.plt)

.text           0x00000000      0xa9c
 *(.vectors)
 .vectors       0x00000000      0x1f4 D:/Program Files in D/Atmel/Studio/7.0/Packs/atmel/XMEGAA_DFP/1.1.68/gcc/dev/atxmega128a1/avrxmega7/crtatxmega128a1.o
                0x00000000                __vector_default
                0x00000000                __vectors
 *(.vectors)
 *(.progmem.gcc*)
                0x000001f4                . = ALIGN (0x2)
                0x000001f4                __trampolines_start = .
 *(.trampolines)
 .trampolines   0x000001f4        0x0 linker stubs
 *(.trampolines*)
                0x000001f4                __trampolines_end = .
 *libprintf_flt.a:*(.progmem.data)
 *libc.a:*(.progmem.data)
 *(.progmem*)
                0x000001f4                . = ALIGN (0x2)
 *(.jumptables)
 *(.jumptables*)
 *(.lowtext)
 *(.lowtext*)
                0x000001f4                __ctors_start = .
 *(.ctors)
                0x000001f4                __ctors_end = .
                0x000001f4                __dtors_start = .
 *(.dtors)
                0x000001f4                __dtors_end = .
 SORT(*)(.ctors)
 SORT(*)(.dtors)
 *(.init0)
 .init0         0x000001f4        0x0 D:/Program Files in D/Atmel/Studio/7.0/Packs/atmel/XMEGAA_DFP/1.1.68/gcc/dev/atxmega128a1/avrxmega7/crtatxmega128a1.o
                0x000001f4                __init
 *(.init0)
 *(.init1)
 *(.init1)
 *(.init2)
 .init2         0x000001f4       0x18 D:/Program Files in D/Atmel/Studio/7.0/Packs/atmel/XMEGAA_DFP/1.1.68/gcc/dev/atxmega128a1/avrxmega7/crtatxmega128a1.o
 *(.init2)
 *(.init3)
 *(.init3)
 *(.init4)
 .init4         0x0000020c       0x1c d:/program files in d/atmel/studio/7.0/toolchain/avr8/avr8-gnu-toolchain/bin/../lib/gcc/avr/5.4.0/avrxmega7\libgcc.a(_copy_data.o)
                0x0000020c                __do_copy_data
 .init4         0x00000228       0x10 d:/program files in d/atmel/studio/7.0/toolchain/avr8/avr8-gnu-toolchain/bin/../lib/gcc/avr/5.4.0/avrxmega7\libgcc.a(_clear_bss.o)
                0x00000228                __do_clear_bss
 *(.init4)
 *(.init5)
 *(.init5)
 *(.init6)
 *(.init6)
 *(.init7)
 *(.init7)
 *(.init8)
 *(.init8)
 *(.init9)
 .init9         0x00000238        0x4 D:/Program Files in D/Atmel/Studio/7.0/Packs/atmel/XMEGAA_DFP/1.1.68/gcc/dev/atxmega128a1/avrxmega7/crtatxmega128a1.o
 *(.init9)
 *(.text)
 .text          0x0000023c        0x2 D:/Program Files in D/Atmel/Studio/7.0/Packs/atmel/XMEGAA_DFP/1.1.68/gcc/dev/atxmega128a1/avrxmega7/crtatxmega128a1.o
                0x0000023c                __vector_38
                0x0000023c                __vector_104
                0x0000023c                __vector_22
                0x0000023c                __vector_63
                0x0000023c                __vector_28
                0x0000023c                __vector_67
                0x0000023c                __vector_1
                0x0000023c                __vector_119
                0x0000023c                __vector_32
                0x0000023c                __vector_75
                0x0000023c                __vector_91
                0x0000023c                __vector_34
                0x0000023c                __vector_62
                0x0000023c                __vector_77
                0x0000023c                __vector_102
                0x0000023c                __vector_24
                0x0000023c                __vector_12
                0x0000023c                __vector_55
                0x0000023c                __vector_69
                0x0000023c                __vector_81
                0x0000023c                __vector_90
                0x0000023c                __vector_46
                0x0000023c                __bad_interrupt
                0x0000023c                __vector_122
                0x0000023c                __vector_72
                0x0000023c                __vector_114
                0x0000023c                __vector_6
                0x0000023c                __vector_110
                0x0000023c                __vector_31
                0x0000023c                __vector_92
                0x0000023c                __vector_35
                0x0000023c                __vector_78
                0x0000023c                __vector_74
                0x0000023c                __vector_117
                0x0000023c                __vector_39
                0x0000023c                __vector_107
                0x0000023c                __vector_3
                0x0000023c                __vector_105
                0x0000023c                __vector_98
                0x0000023c                __vector_23
                0x0000023c                __vector_68
                0x0000023c                __vector_30
                0x0000023c                __vector_73
                0x0000023c                __vector_45
                0x0000023c                __vector_25
                0x0000023c                __vector_93
                0x0000023c                __vector_61
                0x0000023c                __vector_11
                0x0000023c                __vector_54
                0x0000023c                __vector_99
                0x0000023c                __vector_13
                0x0000023c                __vector_17
                0x0000023c                __vector_19
                0x0000023c                __vector_56
                0x0000023c                __vector_7
                0x0000023c                __vector_49
                0x0000023c                __vector_123
                0x0000023c                __vector_41
                0x0000023c                __vector_86
                0x0000023c                __vector_100
                0x0000023c                __vector_101
                0x0000023c                __vector_64
                0x0000023c                __vector_88
                0x0000023c                __vector_109
                0x0000023c                __vector_43
                0x0000023c                __vector_27
                0x0000023c                __vector_5
                0x0000023c                __vector_113
                0x0000023c                __vector_33
                0x0000023c                __vector_76
                0x0000023c                __vector_115
                0x0000023c                __vector_47
                0x0000023c                __vector_52
                0x0000023c                __vector_37
                0x0000023c                __vector_95
                0x0000023c                __vector_103
                0x0000023c                __vector_96
                0x0000023c                __vector_89
                0x0000023c                __vector_108
                0x0000023c                __vector_4
                0x0000023c                __vector_44
                0x0000023c                __vector_82
                0x0000023c                __vector_106
                0x0000023c                __vector_118
                0x0000023c                __vector_51
                0x0000023c                __vector_9
                0x0000023c                __vector_2
                0x0000023c                __vector_21
                0x0000023c                __vector_15
                0x0000023c                __vector_66
                0x0000023c                __vector_36
                0x0000023c                __vector_79
                0x0000023c                __vector_58
                0x0000023c                __vector_70
                0x0000023c                __vector_83
                0x0000023c                __vector_29
                0x0000023c                __vector_60
                0x0000023c                __vector_121
                0x0000023c                __vector_40
                0x0000023c                __vector_85
                0x0000023c                __vector_94
                0x0000023c                __vector_8
                0x0000023c                __vector_26
                0x0000023c                __vector_48
                0x0000023c                __vector_124
                0x0000023c                __vector_116
                0x0000023c                __vector_112
                0x0000023c                __vector_111
                0x0000023c                __vector_80
                0x0000023c                __vector_14
                0x0000023c                __vector_84
                0x0000023c                __vector_57
                0x0000023c                __vector_53
                0x0000023c                __vector_10
                0x0000023c                __vector_50
                0x0000023c                __vector_16
                0x0000023c                __vector_59
                0x0000023c                __vector_18
                0x0000023c                __vector_97
                0x0000023c                __vector_20
                0x0000023c                __vector_42
                0x0000023c                __vector_87
                0x0000023c                __vector_65
                0x0000023c                __vector_120
                0x0000023e                . = ALIGN (0x2)
 *(.text.*)
 .text.get_mean_sample_value
                0x0000023e       0x60 src/adc_example2.o
 .text.wait_for_button
                0x0000029e       0x32 src/adc_example2.o
 .text.__vector_71
                0x000002d0       0xe0 src/adc_example2.o
                0x000002d0                __vector_71
 .text.main     0x000003b0      0x166 src/adc_example2.o
                0x000003b0                main
 .text.sysclk_init
                0x00000516       0x20 src/ASF/common/services/clock/xmega/sysclk.o
                0x00000516                sysclk_init
 .text.sysclk_enable_module
                0x00000536       0x2c src/ASF/common/services/clock/xmega/sysclk.o
                0x00000536                sysclk_enable_module
 .text.sysclk_disable_module
                0x00000562       0x2a src/ASF/common/services/clock/xmega/sysclk.o
                0x00000562                sysclk_disable_module
 .text.ioport_configure_port_pin
                0x0000058c       0x4e src/ASF/common/services/ioport/xmega/ioport_compat.o
                0x0000058c                ioport_configure_port_pin
 .text.board_init
                0x000005da       0xc2 src/ASF/xmega/boards/xmega_a1_xplained/init.o
                0x000005da                board_init
 .text.adc_enable_clock
                0x0000069c       0x3e src/ASF/xmega/drivers/adc/adc.o
                0x0000069c                adc_enable_clock
 .text.adc_disable_clock
                0x000006da       0x3a src/ASF/xmega/drivers/adc/adc.o
                0x000006da                adc_disable_clock
 .text.adc_enable
                0x00000714       0x58 src/ASF/xmega/drivers/adc/adc.o
                0x00000714                adc_enable
 .text.adc_write_configuration
                0x0000076c       0xcc src/ASF/xmega/drivers/adc/xmega_aau/adc_aau.o
                0x0000076c                adc_write_configuration
 .text.adc_read_configuration
                0x00000838       0x72 src/ASF/xmega/drivers/adc/xmega_aau/adc_aau.o
                0x00000838                adc_read_configuration
 .text.adcch_write_configuration
                0x000008aa       0x96 src/ASF/xmega/drivers/adc/xmega_aau/adc_aau.o
                0x000008aa                adcch_write_configuration
 .text.adcch_read_configuration
                0x00000940       0x96 src/ASF/xmega/drivers/adc/xmega_aau/adc_aau.o
                0x00000940                adcch_read_configuration
 .text.nvm_read_byte
                0x000009d6       0x14 src/ASF/xmega/drivers/nvm/nvm_asm.o
                0x000009d6                nvm_read_byte
 .text.libgcc.div
                0x000009ea       0x28 d:/program files in d/atmel/studio/7.0/toolchain/avr8/avr8-gnu-toolchain/bin/../lib/gcc/avr/5.4.0/avrxmega7\libgcc.a(_divmodsi4.o)
                0x000009ea                __divmodsi4
 .text.libgcc.div
                0x00000a12       0x10 d:/program files in d/atmel/studio/7.0/toolchain/avr8/avr8-gnu-toolchain/bin/../lib/gcc/avr/5.4.0/avrxmega7\libgcc.a(_negsi2.o)
                0x00000a12                __negsi2
 .text.libgcc.mul
                0x00000a22       0x14 d:/program files in d/atmel/studio/7.0/toolchain/avr8/avr8-gnu-toolchain/bin/../lib/gcc/avr/5.4.0/avrxmega7\libgcc.a(_muluhisi3.o)
                0x00000a22                __muluhisi3
 .text.libgcc.div
                0x00000a36       0x44 d:/program files in d/atmel/studio/7.0/toolchain/avr8/avr8-gnu-toolchain/bin/../lib/gcc/avr/5.4.0/avrxmega7\libgcc.a(_udivmodsi4.o)
                0x00000a36                __udivmodsi4
 .text.libgcc.mul
                0x00000a7a       0x1e d:/program files in d/atmel/studio/7.0/toolchain/avr8/avr8-gnu-toolchain/bin/../lib/gcc/avr/5.4.0/avrxmega7\libgcc.a(_umulhisi3.o)
                0x00000a7a                __umulhisi3
                0x00000a98                . = ALIGN (0x2)
 *(.fini9)
 .fini9         0x00000a98        0x0 d:/program files in d/atmel/studio/7.0/toolchain/avr8/avr8-gnu-toolchain/bin/../lib/gcc/avr/5.4.0/avrxmega7\libgcc.a(_exit.o)
                0x00000a98                _exit
                0x00000a98                exit
 *(.fini9)
 *(.fini8)
 *(.fini8)
 *(.fini7)
 *(.fini7)
 *(.fini6)
 *(.fini6)
 *(.fini5)
 *(.fini5)
 *(.fini4)
 *(.fini4)
 *(.fini3)
 *(.fini3)
 *(.fini2)
 *(.fini2)
 *(.fini1)
 *(.fini1)
 *(.fini0)
 .fini0         0x00000a98        0x4 d:/program files in d/atmel/studio/7.0/toolchain/avr8/avr8-gnu-toolchain/bin/../lib/gcc/avr/5.4.0/avrxmega7\libgcc.a(_exit.o)
 *(.fini0)
                0x00000a9c                _etext = .

.data           0x00802000        0x6 load address 0x00000a9c
                0x00802000                PROVIDE (__data_start, .)
 *(.data)
 *(.data*)
 .data.sleepmgr_configs
                0x00802000        0x6 src/ASF/common/services/sleepmgr/xmega/sleepmgr.o
                0x00802000                sleepmgr_configs
 *(.gnu.linkonce.d*)
 *(.rodata)
 *(.rodata*)
 *(.gnu.linkonce.r*)
                0x00802006                . = ALIGN (0x2)
                0x00802006                _edata = .
                0x00802006                PROVIDE (__data_end, .)

.bss            0x00802006        0xe
                0x00802006                PROVIDE (__bss_start, .)
 *(.bss)
 *(.bss*)
 .bss.last_sample
                0x00802006        0x2 src/adc_example2.o
 .bss.cal_data  0x00802008        0x4 src/adc_example2.o
 .bss.adcb_enable_count
                0x0080200c        0x1 src/ASF/xmega/drivers/adc/adc.o
 .bss.adca_enable_count
                0x0080200d        0x1 src/ASF/xmega/drivers/adc/adc.o
 *(COMMON)
 COMMON         0x0080200e        0x6 src/ASF/common/services/sleepmgr/xmega/sleepmgr.o
                0x0080200e                sleepmgr_locks
                0x00802014                PROVIDE (__bss_end, .)
                0x00000a9c                __data_load_start = LOADADDR (.data)
                0x00000aa2                __data_load_end = (__data_load_start + SIZEOF (.data))

.noinit         0x00802014        0x0
                [!provide]                PROVIDE (__noinit_start, .)
 *(.noinit*)
                [!provide]                PROVIDE (__noinit_end, .)
                0x00802014                _end = .
                [!provide]                PROVIDE (__heap_start, .)

.eeprom         0x00810000        0x0
 *(.eeprom*)
                0x00810000                __eeprom_end = .

.fuse
 *(.fuse)
 *(.lfuse)
 *(.hfuse)
 *(.efuse)

.lock
 *(.lock*)

.signature
 *(.signature*)

.user_signatures
 *(.user_signatures*)

.stab
 *(.stab)

.stabstr
 *(.stabstr)

.stab.excl
 *(.stab.excl)

.stab.exclstr
 *(.stab.exclstr)

.stab.index
 *(.stab.index)

.stab.indexstr
 *(.stab.indexstr)

.comment        0x00000000       0x30
 *(.comment)
 .comment       0x00000000       0x30 src/adc_example2.o
                                 0x31 (size before relaxing)
 .comment       0x00000030       0x31 src/ASF/common/services/clock/xmega/sysclk.o
 .comment       0x00000030       0x31 src/ASF/common/services/ioport/xmega/ioport_compat.o
 .comment       0x00000030       0x31 src/ASF/common/services/sleepmgr/xmega/sleepmgr.o
 .comment       0x00000030       0x31 src/ASF/xmega/boards/xmega_a1_xplained/init.o
 .comment       0x00000030       0x31 src/ASF/xmega/drivers/adc/adc.o
 .comment       0x00000030       0x31 src/ASF/xmega/drivers/adc/xmega_aau/adc_aau.o

.note.gnu.avr.deviceinfo
                0x00000000       0x40
 .note.gnu.avr.deviceinfo
                0x00000000       0x40 D:/Program Files in D/Atmel/Studio/7.0/Packs/atmel/XMEGAA_DFP/1.1.68/gcc/dev/atxmega128a1/avrxmega7/crtatxmega128a1.o

.note.gnu.build-id
 *(.note.gnu.build-id)

.debug
 *(.debug)

.line
 *(.line)

.debug_srcinfo
 *(.debug_srcinfo)

.debug_sfnames
 *(.debug_sfnames)

.debug_aranges  0x00000000      0x160
 *(.debug_aranges)
 .debug_aranges
                0x00000000       0x38 src/adc_example2.o
 .debug_aranges
                0x00000038       0x30 src/ASF/common/services/clock/xmega/sysclk.o
 .debug_aranges
                0x00000068       0x20 src/ASF/common/services/ioport/xmega/ioport_compat.o
 .debug_aranges
                0x00000088       0x18 src/ASF/common/services/sleepmgr/xmega/sleepmgr.o
 .debug_aranges
                0x000000a0       0x20 src/ASF/xmega/boards/xmega_a1_xplained/init.o
 .debug_aranges
                0x000000c0       0x40 src/ASF/xmega/drivers/adc/adc.o
 .debug_aranges
                0x00000100       0x38 src/ASF/xmega/drivers/adc/xmega_aau/adc_aau.o
 .debug_aranges
                0x00000138       0x28 src/ASF/xmega/drivers/nvm/nvm_asm.o

.debug_pubnames
 *(.debug_pubnames)

.debug_info     0x00000000     0x7565
 *(.debug_info .gnu.linkonce.wi.*)
 .debug_info    0x00000000     0x354c D:/Program Files in D/Atmel/Studio/7.0/Packs/atmel/XMEGAA_DFP/1.1.68/gcc/dev/atxmega128a1/avrxmega7/crtatxmega128a1.o
 .debug_info    0x0000354c     0x1a48 src/adc_example2.o
 .debug_info    0x00004f94      0x47b src/ASF/common/services/clock/xmega/sysclk.o
 .debug_info    0x0000540f      0x121 src/ASF/common/services/ioport/xmega/ioport_compat.o
 .debug_info    0x00005530      0x129 src/ASF/common/services/sleepmgr/xmega/sleepmgr.o
 .debug_info    0x00005659      0x807 src/ASF/xmega/boards/xmega_a1_xplained/init.o
 .debug_info    0x00005e60      0x9c2 src/ASF/xmega/drivers/adc/adc.o
 .debug_info    0x00006822      0xcd3 src/ASF/xmega/drivers/adc/xmega_aau/adc_aau.o
 .debug_info    0x000074f5       0x70 src/ASF/xmega/drivers/nvm/nvm_asm.o

.debug_abbrev   0x00000000     0x3fa3
 *(.debug_abbrev)
 .debug_abbrev  0x00000000     0x327a D:/Program Files in D/Atmel/Studio/7.0/Packs/atmel/XMEGAA_DFP/1.1.68/gcc/dev/atxmega128a1/avrxmega7/crtatxmega128a1.o
 .debug_abbrev  0x0000327a      0x39c src/adc_example2.o
 .debug_abbrev  0x00003616      0x1ea src/ASF/common/services/clock/xmega/sysclk.o
 .debug_abbrev  0x00003800       0x95 src/ASF/common/services/ioport/xmega/ioport_compat.o
 .debug_abbrev  0x00003895       0x84 src/ASF/common/services/sleepmgr/xmega/sleepmgr.o
 .debug_abbrev  0x00003919      0x14a src/ASF/xmega/boards/xmega_a1_xplained/init.o
 .debug_abbrev  0x00003a63      0x24e src/ASF/xmega/drivers/adc/adc.o
 .debug_abbrev  0x00003cb1      0x2e0 src/ASF/xmega/drivers/adc/xmega_aau/adc_aau.o
 .debug_abbrev  0x00003f91       0x12 src/ASF/xmega/drivers/nvm/nvm_asm.o

.debug_line     0x00000000     0x3265
 *(.debug_line .debug_line.* .debug_line_end)
 .debug_line    0x00000000      0x3a9 D:/Program Files in D/Atmel/Studio/7.0/Packs/atmel/XMEGAA_DFP/1.1.68/gcc/dev/atxmega128a1/avrxmega7/crtatxmega128a1.o
 .debug_line    0x000003a9      0xa85 src/adc_example2.o
 .debug_line    0x00000e2e      0x55b src/ASF/common/services/clock/xmega/sysclk.o
 .debug_line    0x00001389      0x4ae src/ASF/common/services/ioport/xmega/ioport_compat.o
 .debug_line    0x00001837      0x451 src/ASF/common/services/sleepmgr/xmega/sleepmgr.o
 .debug_line    0x00001c88      0x4d5 src/ASF/xmega/boards/xmega_a1_xplained/init.o
 .debug_line    0x0000215d      0x766 src/ASF/xmega/drivers/adc/adc.o
 .debug_line    0x000028c3      0x883 src/ASF/xmega/drivers/adc/xmega_aau/adc_aau.o
 .debug_line    0x00003146      0x11f src/ASF/xmega/drivers/nvm/nvm_asm.o

.debug_frame    0x00000000      0x344
 *(.debug_frame)
 .debug_frame   0x00000000       0xcc src/adc_example2.o
 .debug_frame   0x000000cc       0x64 src/ASF/common/services/clock/xmega/sysclk.o
 .debug_frame   0x00000130       0x30 src/ASF/common/services/ioport/xmega/ioport_compat.o
 .debug_frame   0x00000160       0x24 src/ASF/xmega/boards/xmega_a1_xplained/init.o
 .debug_frame   0x00000184       0x9c src/ASF/xmega/drivers/adc/adc.o
 .debug_frame   0x00000220      0x124 src/ASF/xmega/drivers/adc/xmega_aau/adc_aau.o

.debug_str      0x00000000    0x2c346
 *(.debug_str)
 .debug_str     0x00000000     0x23b9 D:/Program Files in D/Atmel/Studio/7.0/Packs/atmel/XMEGAA_DFP/1.1.68/gcc/dev/atxmega128a1/avrxmega7/crtatxmega128a1.o
 .debug_str     0x000023b9    0x297ad src/adc_example2.o
                              0x2a055 (size before relaxing)
 .debug_str     0x0002bb66      0x16d src/ASF/common/services/clock/xmega/sysclk.o
                              0x27c92 (size before relaxing)
 .debug_str     0x0002bcd3       0xab src/ASF/common/services/ioport/xmega/ioport_compat.o
                              0x264dc (size before relaxing)
 .debug_str     0x0002bd7e       0x35 src/ASF/common/services/sleepmgr/xmega/sleepmgr.o
                              0x261e8 (size before relaxing)
 .debug_str     0x0002bdb3       0x54 src/ASF/xmega/boards/xmega_a1_xplained/init.o
                              0x27750 (size before relaxing)
 .debug_str     0x0002be07       0xad src/ASF/xmega/drivers/adc/adc.o
                              0x287a7 (size before relaxing)
 .debug_str     0x0002beb4      0x492 src/ASF/xmega/drivers/adc/xmega_aau/adc_aau.o
                              0x28a0d (size before relaxing)

.debug_loc      0x00000000     0x141e
 *(.debug_loc)
 .debug_loc     0x00000000      0x5fb src/adc_example2.o
 .debug_loc     0x000005fb      0x20d src/ASF/common/services/clock/xmega/sysclk.o
 .debug_loc     0x00000808       0x66 src/ASF/common/services/ioport/xmega/ioport_compat.o
 .debug_loc     0x0000086e      0x29a src/ASF/xmega/boards/xmega_a1_xplained/init.o
 .debug_loc     0x00000b08      0x232 src/ASF/xmega/drivers/adc/adc.o
 .debug_loc     0x00000d3a      0x6e4 src/ASF/xmega/drivers/adc/xmega_aau/adc_aau.o

.debug_macinfo
 *(.debug_macinfo)

.debug_weaknames
 *(.debug_weaknames)

.debug_funcnames
 *(.debug_funcnames)

.debug_typenames
 *(.debug_typenames)

.debug_varnames
 *(.debug_varnames)

.debug_pubtypes
 *(.debug_pubtypes)

.debug_ranges   0x00000000      0x178
 *(.debug_ranges)
 .debug_ranges  0x00000000       0xc0 src/adc_example2.o
 .debug_ranges  0x000000c0       0x20 src/ASF/common/services/clock/xmega/sysclk.o
 .debug_ranges  0x000000e0       0x10 src/ASF/common/services/ioport/xmega/ioport_compat.o
 .debug_ranges  0x000000f0       0x10 src/ASF/xmega/boards/xmega_a1_xplained/init.o
 .debug_ranges  0x00000100       0x30 src/ASF/xmega/drivers/adc/adc.o
 .debug_ranges  0x00000130       0x28 src/ASF/xmega/drivers/adc/xmega_aau/adc_aau.o
 .debug_ranges  0x00000158       0x20 src/ASF/xmega/drivers/nvm/nvm_asm.o

.debug_macro    0x00000000     0x9763
 *(.debug_macro)
 .debug_macro   0x00000000      0x2c5 src/adc_example2.o
 .debug_macro   0x000002c5      0xa90 src/adc_example2.o
 .debug_macro   0x00000d55       0x10 src/adc_example2.o
 .debug_macro   0x00000d65      0x1c9 src/adc_example2.o
 .debug_macro   0x00000f2e      0x2fc src/adc_example2.o
 .debug_macro   0x0000122a       0x9e src/adc_example2.o
 .debug_macro   0x000012c8     0x53c9 src/adc_example2.o
 .debug_macro   0x00006691       0x9a src/adc_example2.o
 .debug_macro   0x0000672b       0xf1 src/adc_example2.o
 .debug_macro   0x0000681c       0x34 src/adc_example2.o
 .debug_macro   0x00006850       0x16 src/adc_example2.o
 .debug_macro   0x00006866       0x18 src/adc_example2.o
 .debug_macro   0x0000687e       0x5e src/adc_example2.o
 .debug_macro   0x000068dc       0x10 src/adc_example2.o
 .debug_macro   0x000068ec       0x22 src/adc_example2.o
 .debug_macro   0x0000690e      0x16d src/adc_example2.o
 .debug_macro   0x00006a7b       0x1c src/adc_example2.o
 .debug_macro   0x00006a97       0x35 src/adc_example2.o
 .debug_macro   0x00006acc       0x66 src/adc_example2.o
 .debug_macro   0x00006b32      0x6d7 src/adc_example2.o
 .debug_macro   0x00007209       0x96 src/adc_example2.o
 .debug_macro   0x0000729f       0x17 src/adc_example2.o
 .debug_macro   0x000072b6      0x250 src/adc_example2.o
 .debug_macro   0x00007506       0x76 src/adc_example2.o
 .debug_macro   0x0000757c       0x16 src/adc_example2.o
 .debug_macro   0x00007592      0x6d9 src/adc_example2.o
 .debug_macro   0x00007c6b       0x10 src/adc_example2.o
 .debug_macro   0x00007c7b      0x175 src/adc_example2.o
 .debug_macro   0x00007df0       0x40 src/adc_example2.o
 .debug_macro   0x00007e30       0x69 src/adc_example2.o
 .debug_macro   0x00007e99       0x31 src/adc_example2.o
 .debug_macro   0x00007eca       0xe4 src/adc_example2.o
 .debug_macro   0x00007fae       0x20 src/adc_example2.o
 .debug_macro   0x00007fce       0x10 src/adc_example2.o
 .debug_macro   0x00007fde       0x42 src/adc_example2.o
 .debug_macro   0x00008020       0x22 src/adc_example2.o
 .debug_macro   0x00008042      0x2c3 src/adc_example2.o
 .debug_macro   0x00008305      0x177 src/adc_example2.o
 .debug_macro   0x0000847c       0x80 src/adc_example2.o
 .debug_macro   0x000084fc       0x2f src/adc_example2.o
 .debug_macro   0x0000852b      0x13f src/adc_example2.o
 .debug_macro   0x0000866a       0xd0 src/adc_example2.o
 .debug_macro   0x0000873a       0x22 src/adc_example2.o
 .debug_macro   0x0000875c       0x34 src/adc_example2.o
 .debug_macro   0x00008790       0x9a src/adc_example2.o
 .debug_macro   0x0000882a      0x102 src/adc_example2.o
 .debug_macro   0x0000892c       0x40 src/adc_example2.o
 .debug_macro   0x0000896c       0x1c src/adc_example2.o
 .debug_macro   0x00008988      0x1d2 src/ASF/common/services/clock/xmega/sysclk.o
 .debug_macro   0x00008b5a      0x193 src/ASF/common/services/ioport/xmega/ioport_compat.o
 .debug_macro   0x00008ced      0x1a3 src/ASF/common/services/sleepmgr/xmega/sleepmgr.o
 .debug_macro   0x00008e90      0x1b6 src/ASF/xmega/boards/xmega_a1_xplained/init.o
 .debug_macro   0x00009046      0x2bd src/ASF/xmega/boards/xmega_a1_xplained/init.o
 .debug_macro   0x00009303      0x230 src/ASF/xmega/drivers/adc/adc.o
 .debug_macro   0x00009533      0x230 src/ASF/xmega/drivers/adc/xmega_aau/adc_aau.o
OUTPUT(ADC_EXAMPLE10.elf elf32-avr)
LOAD linker stubs

.BOOT           0x00020000        0x0
