Archive member included to satisfy reference by file (symbol)

d:/program files in d/atmel/studio/7.0/toolchain/avr8/avr8-gnu-toolchain/bin/../lib/gcc/avr/5.4.0/avrxmega7\libgcc.a(_exit.o)
                              D:/Program Files in D/Atmel/Studio/7.0/Packs/atmel/XMEGAA_DFP/1.1.68/gcc/dev/atxmega128a1/avrxmega7/crtatxmega128a1.o (exit)
d:/program files in d/atmel/studio/7.0/toolchain/avr8/avr8-gnu-toolchain/bin/../lib/gcc/avr/5.4.0/avrxmega7\libgcc.a(_copy_data.o)
                              src/ASF/common/services/sleepmgr/xmega/sleepmgr.o (__do_copy_data)
d:/program files in d/atmel/studio/7.0/toolchain/avr8/avr8-gnu-toolchain/bin/../lib/gcc/avr/5.4.0/avrxmega7\libgcc.a(_clear_bss.o)
                              src/ASF/common/services/sleepmgr/xmega/sleepmgr.o (__do_clear_bss)

Allocating common symbols
Common symbol       size              file

sleepmgr_locks      0x6               src/ASF/common/services/sleepmgr/xmega/sleepmgr.o

Discarded input sections

 .data          0x00000000        0x0 D:/Program Files in D/Atmel/Studio/7.0/Packs/atmel/XMEGAA_DFP/1.1.68/gcc/dev/atxmega128a1/avrxmega7/crtatxmega128a1.o
 .bss           0x00000000        0x0 D:/Program Files in D/Atmel/Studio/7.0/Packs/atmel/XMEGAA_DFP/1.1.68/gcc/dev/atxmega128a1/avrxmega7/crtatxmega128a1.o
 .group         0x00000000        0x8 src/ASF/common/services/clock/xmega/sysclk.o
 .group         0x00000000        0x8 src/ASF/common/services/clock/xmega/sysclk.o
 .group         0x00000000        0x8 src/ASF/common/services/clock/xmega/sysclk.o
 .group         0x00000000        0x8 src/ASF/common/services/clock/xmega/sysclk.o
 .group         0x00000000        0x8 src/ASF/common/services/clock/xmega/sysclk.o
 .group         0x00000000        0x8 src/ASF/common/services/clock/xmega/sysclk.o
 .group         0x00000000        0x8 src/ASF/common/services/clock/xmega/sysclk.o
 .group         0x00000000        0x8 src/ASF/common/services/clock/xmega/sysclk.o
 .group         0x00000000        0x8 src/ASF/common/services/clock/xmega/sysclk.o
 .group         0x00000000        0x8 src/ASF/common/services/clock/xmega/sysclk.o
 .group         0x00000000        0x8 src/ASF/common/services/clock/xmega/sysclk.o
 .group         0x00000000        0x8 src/ASF/common/services/clock/xmega/sysclk.o
 .group         0x00000000        0x8 src/ASF/common/services/clock/xmega/sysclk.o
 .group         0x00000000        0x8 src/ASF/common/services/clock/xmega/sysclk.o
 .group         0x00000000        0x8 src/ASF/common/services/clock/xmega/sysclk.o
 .group         0x00000000        0x8 src/ASF/common/services/clock/xmega/sysclk.o
 .group         0x00000000        0x8 src/ASF/common/services/clock/xmega/sysclk.o
 .group         0x00000000        0x8 src/ASF/common/services/clock/xmega/sysclk.o
 .group         0x00000000        0x8 src/ASF/common/services/clock/xmega/sysclk.o
 .group         0x00000000        0x8 src/ASF/common/services/clock/xmega/sysclk.o
 .group         0x00000000        0x8 src/ASF/common/services/clock/xmega/sysclk.o
 .group         0x00000000        0x8 src/ASF/common/services/clock/xmega/sysclk.o
 .group         0x00000000        0x8 src/ASF/common/services/clock/xmega/sysclk.o
 .group         0x00000000        0x8 src/ASF/common/services/clock/xmega/sysclk.o
 .group         0x00000000        0x8 src/ASF/common/services/clock/xmega/sysclk.o
 .group         0x00000000        0x8 src/ASF/common/services/clock/xmega/sysclk.o
 .group         0x00000000        0x8 src/ASF/common/services/clock/xmega/sysclk.o
 .group         0x00000000        0x8 src/ASF/common/services/clock/xmega/sysclk.o
 .group         0x00000000        0x8 src/ASF/common/services/clock/xmega/sysclk.o
 .group         0x00000000        0x8 src/ASF/common/services/clock/xmega/sysclk.o
 .group         0x00000000        0x8 src/ASF/common/services/clock/xmega/sysclk.o
 .group         0x00000000        0x8 src/ASF/common/services/clock/xmega/sysclk.o
 .group         0x00000000        0x8 src/ASF/common/services/clock/xmega/sysclk.o
 .group         0x00000000        0x8 src/ASF/common/services/clock/xmega/sysclk.o
 .group         0x00000000        0x8 src/ASF/common/services/clock/xmega/sysclk.o
 .group         0x00000000        0x8 src/ASF/common/services/clock/xmega/sysclk.o
 .text          0x00000000        0x0 src/ASF/common/services/clock/xmega/sysclk.o
 .data          0x00000000        0x0 src/ASF/common/services/clock/xmega/sysclk.o
 .bss           0x00000000        0x0 src/ASF/common/services/clock/xmega/sysclk.o
 .text.sysclk_disable_module
                0x00000000       0x2a src/ASF/common/services/clock/xmega/sysclk.o
 .group         0x00000000        0x8 src/ASF/common/services/ioport/xmega/ioport_compat.o
 .group         0x00000000        0x8 src/ASF/common/services/ioport/xmega/ioport_compat.o
 .group         0x00000000        0x8 src/ASF/common/services/ioport/xmega/ioport_compat.o
 .group         0x00000000        0x8 src/ASF/common/services/ioport/xmega/ioport_compat.o
 .group         0x00000000        0x8 src/ASF/common/services/ioport/xmega/ioport_compat.o
 .group         0x00000000        0x8 src/ASF/common/services/ioport/xmega/ioport_compat.o
 .group         0x00000000        0x8 src/ASF/common/services/ioport/xmega/ioport_compat.o
 .group         0x00000000        0x8 src/ASF/common/services/ioport/xmega/ioport_compat.o
 .group         0x00000000        0x8 src/ASF/common/services/ioport/xmega/ioport_compat.o
 .group         0x00000000        0x8 src/ASF/common/services/ioport/xmega/ioport_compat.o
 .group         0x00000000        0x8 src/ASF/common/services/ioport/xmega/ioport_compat.o
 .group         0x00000000        0x8 src/ASF/common/services/ioport/xmega/ioport_compat.o
 .group         0x00000000        0x8 src/ASF/common/services/ioport/xmega/ioport_compat.o
 .group         0x00000000        0x8 src/ASF/common/services/ioport/xmega/ioport_compat.o
 .group         0x00000000        0x8 src/ASF/common/services/ioport/xmega/ioport_compat.o
 .group         0x00000000        0x8 src/ASF/common/services/ioport/xmega/ioport_compat.o
 .group         0x00000000        0x8 src/ASF/common/services/ioport/xmega/ioport_compat.o
 .group         0x00000000        0x8 src/ASF/common/services/ioport/xmega/ioport_compat.o
 .group         0x00000000        0x8 src/ASF/common/services/ioport/xmega/ioport_compat.o
 .group         0x00000000        0x8 src/ASF/common/services/ioport/xmega/ioport_compat.o
 .group         0x00000000        0x8 src/ASF/common/services/ioport/xmega/ioport_compat.o
 .group         0x00000000        0x8 src/ASF/common/services/ioport/xmega/ioport_compat.o
 .group         0x00000000        0x8 src/ASF/common/services/ioport/xmega/ioport_compat.o
 .group         0x00000000        0x8 src/ASF/common/services/ioport/xmega/ioport_compat.o
 .group         0x00000000        0x8 src/ASF/common/services/ioport/xmega/ioport_compat.o
 .group         0x00000000        0x8 src/ASF/common/services/ioport/xmega/ioport_compat.o
 .group         0x00000000        0x8 src/ASF/common/services/ioport/xmega/ioport_compat.o
 .group         0x00000000        0x8 src/ASF/common/services/ioport/xmega/ioport_compat.o
 .group         0x00000000        0x8 src/ASF/common/services/ioport/xmega/ioport_compat.o
 .group         0x00000000        0x8 src/ASF/common/services/ioport/xmega/ioport_compat.o
 .group         0x00000000        0x8 src/ASF/common/services/ioport/xmega/ioport_compat.o
 .group         0x00000000        0x8 src/ASF/common/services/ioport/xmega/ioport_compat.o
 .group         0x00000000        0x8 src/ASF/common/services/ioport/xmega/ioport_compat.o
 .text          0x00000000        0x0 src/ASF/common/services/ioport/xmega/ioport_compat.o
 .data          0x00000000        0x0 src/ASF/common/services/ioport/xmega/ioport_compat.o
 .bss           0x00000000        0x0 src/ASF/common/services/ioport/xmega/ioport_compat.o
 .debug_macro   0x00000000      0xa90 src/ASF/common/services/ioport/xmega/ioport_compat.o
 .debug_macro   0x00000000      0x6d7 src/ASF/common/services/ioport/xmega/ioport_compat.o
 .debug_macro   0x00000000       0x10 src/ASF/common/services/ioport/xmega/ioport_compat.o
 .debug_macro   0x00000000      0x1c9 src/ASF/common/services/ioport/xmega/ioport_compat.o
 .debug_macro   0x00000000      0x2fc src/ASF/common/services/ioport/xmega/ioport_compat.o
 .debug_macro   0x00000000       0x9e src/ASF/common/services/ioport/xmega/ioport_compat.o
 .debug_macro   0x00000000     0x53c9 src/ASF/common/services/ioport/xmega/ioport_compat.o
 .debug_macro   0x00000000       0x9a src/ASF/common/services/ioport/xmega/ioport_compat.o
 .debug_macro   0x00000000       0xf1 src/ASF/common/services/ioport/xmega/ioport_compat.o
 .debug_macro   0x00000000       0x34 src/ASF/common/services/ioport/xmega/ioport_compat.o
 .debug_macro   0x00000000       0x16 src/ASF/common/services/ioport/xmega/ioport_compat.o
 .debug_macro   0x00000000       0x18 src/ASF/common/services/ioport/xmega/ioport_compat.o
 .debug_macro   0x00000000       0x5e src/ASF/common/services/ioport/xmega/ioport_compat.o
 .debug_macro   0x00000000       0x10 src/ASF/common/services/ioport/xmega/ioport_compat.o
 .debug_macro   0x00000000       0x22 src/ASF/common/services/ioport/xmega/ioport_compat.o
 .debug_macro   0x00000000      0x16d src/ASF/common/services/ioport/xmega/ioport_compat.o
 .debug_macro   0x00000000       0x1c src/ASF/common/services/ioport/xmega/ioport_compat.o
 .debug_macro   0x00000000       0x35 src/ASF/common/services/ioport/xmega/ioport_compat.o
 .debug_macro   0x00000000       0x66 src/ASF/common/services/ioport/xmega/ioport_compat.o
 .debug_macro   0x00000000       0x96 src/ASF/common/services/ioport/xmega/ioport_compat.o
 .debug_macro   0x00000000       0x17 src/ASF/common/services/ioport/xmega/ioport_compat.o
 .debug_macro   0x00000000      0x250 src/ASF/common/services/ioport/xmega/ioport_compat.o
 .debug_macro   0x00000000       0x76 src/ASF/common/services/ioport/xmega/ioport_compat.o
 .debug_macro   0x00000000       0x16 src/ASF/common/services/ioport/xmega/ioport_compat.o
 .debug_macro   0x00000000      0x6d9 src/ASF/common/services/ioport/xmega/ioport_compat.o
 .debug_macro   0x00000000       0x10 src/ASF/common/services/ioport/xmega/ioport_compat.o
 .debug_macro   0x00000000      0x175 src/ASF/common/services/ioport/xmega/ioport_compat.o
 .debug_macro   0x00000000       0x40 src/ASF/common/services/ioport/xmega/ioport_compat.o
 .debug_macro   0x00000000       0x69 src/ASF/common/services/ioport/xmega/ioport_compat.o
 .debug_macro   0x00000000       0x31 src/ASF/common/services/ioport/xmega/ioport_compat.o
 .debug_macro   0x00000000       0xe4 src/ASF/common/services/ioport/xmega/ioport_compat.o
 .group         0x00000000        0x8 src/ASF/common/services/sleepmgr/xmega/sleepmgr.o
 .group         0x00000000        0x8 src/ASF/common/services/sleepmgr/xmega/sleepmgr.o
 .group         0x00000000        0x8 src/ASF/common/services/sleepmgr/xmega/sleepmgr.o
 .group         0x00000000        0x8 src/ASF/common/services/sleepmgr/xmega/sleepmgr.o
 .group         0x00000000        0x8 src/ASF/common/services/sleepmgr/xmega/sleepmgr.o
 .group         0x00000000        0x8 src/ASF/common/services/sleepmgr/xmega/sleepmgr.o
 .group         0x00000000        0x8 src/ASF/common/services/sleepmgr/xmega/sleepmgr.o
 .group         0x00000000        0x8 src/ASF/common/services/sleepmgr/xmega/sleepmgr.o
 .group         0x00000000        0x8 src/ASF/common/services/sleepmgr/xmega/sleepmgr.o
 .group         0x00000000        0x8 src/ASF/common/services/sleepmgr/xmega/sleepmgr.o
 .group         0x00000000        0x8 src/ASF/common/services/sleepmgr/xmega/sleepmgr.o
 .group         0x00000000        0x8 src/ASF/common/services/sleepmgr/xmega/sleepmgr.o
 .group         0x00000000        0x8 src/ASF/common/services/sleepmgr/xmega/sleepmgr.o
 .group         0x00000000        0x8 src/ASF/common/services/sleepmgr/xmega/sleepmgr.o
 .group         0x00000000        0x8 src/ASF/common/services/sleepmgr/xmega/sleepmgr.o
 .group         0x00000000        0x8 src/ASF/common/services/sleepmgr/xmega/sleepmgr.o
 .group         0x00000000        0x8 src/ASF/common/services/sleepmgr/xmega/sleepmgr.o
 .group         0x00000000        0x8 src/ASF/common/services/sleepmgr/xmega/sleepmgr.o
 .group         0x00000000        0x8 src/ASF/common/services/sleepmgr/xmega/sleepmgr.o
 .group         0x00000000        0x8 src/ASF/common/services/sleepmgr/xmega/sleepmgr.o
 .group         0x00000000        0x8 src/ASF/common/services/sleepmgr/xmega/sleepmgr.o
 .group         0x00000000        0x8 src/ASF/common/services/sleepmgr/xmega/sleepmgr.o
 .group         0x00000000        0x8 src/ASF/common/services/sleepmgr/xmega/sleepmgr.o
 .group         0x00000000        0x8 src/ASF/common/services/sleepmgr/xmega/sleepmgr.o
 .group         0x00000000        0x8 src/ASF/common/services/sleepmgr/xmega/sleepmgr.o
 .group         0x00000000        0x8 src/ASF/common/services/sleepmgr/xmega/sleepmgr.o
 .group         0x00000000        0x8 src/ASF/common/services/sleepmgr/xmega/sleepmgr.o
 .group         0x00000000        0x8 src/ASF/common/services/sleepmgr/xmega/sleepmgr.o
 .group         0x00000000        0x8 src/ASF/common/services/sleepmgr/xmega/sleepmgr.o
 .group         0x00000000        0x8 src/ASF/common/services/sleepmgr/xmega/sleepmgr.o
 .group         0x00000000        0x8 src/ASF/common/services/sleepmgr/xmega/sleepmgr.o
 .group         0x00000000        0x8 src/ASF/common/services/sleepmgr/xmega/sleepmgr.o
 .group         0x00000000        0x8 src/ASF/common/services/sleepmgr/xmega/sleepmgr.o
 .text          0x00000000        0x0 src/ASF/common/services/sleepmgr/xmega/sleepmgr.o
 .data          0x00000000        0x0 src/ASF/common/services/sleepmgr/xmega/sleepmgr.o
 .bss           0x00000000        0x0 src/ASF/common/services/sleepmgr/xmega/sleepmgr.o
 .debug_macro   0x00000000      0xa90 src/ASF/common/services/sleepmgr/xmega/sleepmgr.o
 .debug_macro   0x00000000       0x10 src/ASF/common/services/sleepmgr/xmega/sleepmgr.o
 .debug_macro   0x00000000      0x1c9 src/ASF/common/services/sleepmgr/xmega/sleepmgr.o
 .debug_macro   0x00000000      0x2fc src/ASF/common/services/sleepmgr/xmega/sleepmgr.o
 .debug_macro   0x00000000       0x9e src/ASF/common/services/sleepmgr/xmega/sleepmgr.o
 .debug_macro   0x00000000     0x53c9 src/ASF/common/services/sleepmgr/xmega/sleepmgr.o
 .debug_macro   0x00000000       0x9a src/ASF/common/services/sleepmgr/xmega/sleepmgr.o
 .debug_macro   0x00000000       0xf1 src/ASF/common/services/sleepmgr/xmega/sleepmgr.o
 .debug_macro   0x00000000       0x34 src/ASF/common/services/sleepmgr/xmega/sleepmgr.o
 .debug_macro   0x00000000       0x16 src/ASF/common/services/sleepmgr/xmega/sleepmgr.o
 .debug_macro   0x00000000       0x18 src/ASF/common/services/sleepmgr/xmega/sleepmgr.o
 .debug_macro   0x00000000       0x5e src/ASF/common/services/sleepmgr/xmega/sleepmgr.o
 .debug_macro   0x00000000       0x10 src/ASF/common/services/sleepmgr/xmega/sleepmgr.o
 .debug_macro   0x00000000       0x22 src/ASF/common/services/sleepmgr/xmega/sleepmgr.o
 .debug_macro   0x00000000      0x16d src/ASF/common/services/sleepmgr/xmega/sleepmgr.o
 .debug_macro   0x00000000       0x1c src/ASF/common/services/sleepmgr/xmega/sleepmgr.o
 .debug_macro   0x00000000       0x35 src/ASF/common/services/sleepmgr/xmega/sleepmgr.o
 .debug_macro   0x00000000       0x66 src/ASF/common/services/sleepmgr/xmega/sleepmgr.o
 .debug_macro   0x00000000      0x6d7 src/ASF/common/services/sleepmgr/xmega/sleepmgr.o
 .debug_macro   0x00000000       0x96 src/ASF/common/services/sleepmgr/xmega/sleepmgr.o
 .debug_macro   0x00000000       0x17 src/ASF/common/services/sleepmgr/xmega/sleepmgr.o
 .debug_macro   0x00000000      0x250 src/ASF/common/services/sleepmgr/xmega/sleepmgr.o
 .debug_macro   0x00000000       0x76 src/ASF/common/services/sleepmgr/xmega/sleepmgr.o
 .debug_macro   0x00000000       0x16 src/ASF/common/services/sleepmgr/xmega/sleepmgr.o
 .debug_macro   0x00000000      0x6d9 src/ASF/common/services/sleepmgr/xmega/sleepmgr.o
 .debug_macro   0x00000000       0x10 src/ASF/common/services/sleepmgr/xmega/sleepmgr.o
 .debug_macro   0x00000000      0x175 src/ASF/common/services/sleepmgr/xmega/sleepmgr.o
 .debug_macro   0x00000000       0x40 src/ASF/common/services/sleepmgr/xmega/sleepmgr.o
 .debug_macro   0x00000000       0x69 src/ASF/common/services/sleepmgr/xmega/sleepmgr.o
 .debug_macro   0x00000000       0x31 src/ASF/common/services/sleepmgr/xmega/sleepmgr.o
 .debug_macro   0x00000000       0xe4 src/ASF/common/services/sleepmgr/xmega/sleepmgr.o
 .group         0x00000000        0x8 src/ASF/xmega/boards/xmega_a1_xplained/init.o
 .group         0x00000000        0x8 src/ASF/xmega/boards/xmega_a1_xplained/init.o
 .group         0x00000000        0x8 src/ASF/xmega/boards/xmega_a1_xplained/init.o
 .group         0x00000000        0x8 src/ASF/xmega/boards/xmega_a1_xplained/init.o
 .group         0x00000000        0x8 src/ASF/xmega/boards/xmega_a1_xplained/init.o
 .group         0x00000000        0x8 src/ASF/xmega/boards/xmega_a1_xplained/init.o
 .group         0x00000000        0x8 src/ASF/xmega/boards/xmega_a1_xplained/init.o
 .group         0x00000000        0x8 src/ASF/xmega/boards/xmega_a1_xplained/init.o
 .group         0x00000000        0x8 src/ASF/xmega/boards/xmega_a1_xplained/init.o
 .group         0x00000000        0x8 src/ASF/xmega/boards/xmega_a1_xplained/init.o
 .group         0x00000000        0x8 src/ASF/xmega/boards/xmega_a1_xplained/init.o
 .group         0x00000000        0x8 src/ASF/xmega/boards/xmega_a1_xplained/init.o
 .group         0x00000000        0x8 src/ASF/xmega/boards/xmega_a1_xplained/init.o
 .group         0x00000000        0x8 src/ASF/xmega/boards/xmega_a1_xplained/init.o
 .group         0x00000000        0x8 src/ASF/xmega/boards/xmega_a1_xplained/init.o
 .group         0x00000000        0x8 src/ASF/xmega/boards/xmega_a1_xplained/init.o
 .group         0x00000000        0x8 src/ASF/xmega/boards/xmega_a1_xplained/init.o
 .group         0x00000000        0x8 src/ASF/xmega/boards/xmega_a1_xplained/init.o
 .group         0x00000000        0x8 src/ASF/xmega/boards/xmega_a1_xplained/init.o
 .group         0x00000000        0x8 src/ASF/xmega/boards/xmega_a1_xplained/init.o
 .group         0x00000000        0x8 src/ASF/xmega/boards/xmega_a1_xplained/init.o
 .group         0x00000000        0x8 src/ASF/xmega/boards/xmega_a1_xplained/init.o
 .group         0x00000000        0x8 src/ASF/xmega/boards/xmega_a1_xplained/init.o
 .group         0x00000000        0x8 src/ASF/xmega/boards/xmega_a1_xplained/init.o
 .group         0x00000000        0x8 src/ASF/xmega/boards/xmega_a1_xplained/init.o
 .group         0x00000000        0x8 src/ASF/xmega/boards/xmega_a1_xplained/init.o
 .group         0x00000000        0x8 src/ASF/xmega/boards/xmega_a1_xplained/init.o
 .group         0x00000000        0x8 src/ASF/xmega/boards/xmega_a1_xplained/init.o
 .group         0x00000000        0x8 src/ASF/xmega/boards/xmega_a1_xplained/init.o
 .group         0x00000000        0x8 src/ASF/xmega/boards/xmega_a1_xplained/init.o
 .group         0x00000000        0x8 src/ASF/xmega/boards/xmega_a1_xplained/init.o
 .group         0x00000000        0x8 src/ASF/xmega/boards/xmega_a1_xplained/init.o
 .group         0x00000000        0x8 src/ASF/xmega/boards/xmega_a1_xplained/init.o
 .group         0x00000000        0x8 src/ASF/xmega/boards/xmega_a1_xplained/init.o
 .group         0x00000000        0x8 src/ASF/xmega/boards/xmega_a1_xplained/init.o
 .group         0x00000000        0x8 src/ASF/xmega/boards/xmega_a1_xplained/init.o
 .text          0x00000000        0x0 src/ASF/xmega/boards/xmega_a1_xplained/init.o
 .data          0x00000000        0x0 src/ASF/xmega/boards/xmega_a1_xplained/init.o
 .bss           0x00000000        0x0 src/ASF/xmega/boards/xmega_a1_xplained/init.o
 .debug_macro   0x00000000      0xa90 src/ASF/xmega/boards/xmega_a1_xplained/init.o
 .debug_macro   0x00000000       0x10 src/ASF/xmega/boards/xmega_a1_xplained/init.o
 .debug_macro   0x00000000      0x1c9 src/ASF/xmega/boards/xmega_a1_xplained/init.o
 .debug_macro   0x00000000      0x2fc src/ASF/xmega/boards/xmega_a1_xplained/init.o
 .debug_macro   0x00000000       0x9e src/ASF/xmega/boards/xmega_a1_xplained/init.o
 .debug_macro   0x00000000     0x53c9 src/ASF/xmega/boards/xmega_a1_xplained/init.o
 .debug_macro   0x00000000       0x9a src/ASF/xmega/boards/xmega_a1_xplained/init.o
 .debug_macro   0x00000000       0xf1 src/ASF/xmega/boards/xmega_a1_xplained/init.o
 .debug_macro   0x00000000       0x34 src/ASF/xmega/boards/xmega_a1_xplained/init.o
 .debug_macro   0x00000000       0x16 src/ASF/xmega/boards/xmega_a1_xplained/init.o
 .debug_macro   0x00000000       0x18 src/ASF/xmega/boards/xmega_a1_xplained/init.o
 .debug_macro   0x00000000       0x5e src/ASF/xmega/boards/xmega_a1_xplained/init.o
 .debug_macro   0x00000000       0x10 src/ASF/xmega/boards/xmega_a1_xplained/init.o
 .debug_macro   0x00000000       0x22 src/ASF/xmega/boards/xmega_a1_xplained/init.o
 .debug_macro   0x00000000      0x16d src/ASF/xmega/boards/xmega_a1_xplained/init.o
 .debug_macro   0x00000000       0x1c src/ASF/xmega/boards/xmega_a1_xplained/init.o
 .debug_macro   0x00000000       0x35 src/ASF/xmega/boards/xmega_a1_xplained/init.o
 .debug_macro   0x00000000       0x66 src/ASF/xmega/boards/xmega_a1_xplained/init.o
 .debug_macro   0x00000000      0x6d7 src/ASF/xmega/boards/xmega_a1_xplained/init.o
 .debug_macro   0x00000000       0x96 src/ASF/xmega/boards/xmega_a1_xplained/init.o
 .debug_macro   0x00000000       0x17 src/ASF/xmega/boards/xmega_a1_xplained/init.o
 .debug_macro   0x00000000      0x250 src/ASF/xmega/boards/xmega_a1_xplained/init.o
 .debug_macro   0x00000000       0x76 src/ASF/xmega/boards/xmega_a1_xplained/init.o
 .debug_macro   0x00000000       0x16 src/ASF/xmega/boards/xmega_a1_xplained/init.o
 .debug_macro   0x00000000      0x6d9 src/ASF/xmega/boards/xmega_a1_xplained/init.o
 .debug_macro   0x00000000       0x10 src/ASF/xmega/boards/xmega_a1_xplained/init.o
 .debug_macro   0x00000000      0x175 src/ASF/xmega/boards/xmega_a1_xplained/init.o
 .debug_macro   0x00000000       0x40 src/ASF/xmega/boards/xmega_a1_xplained/init.o
 .debug_macro   0x00000000       0x69 src/ASF/xmega/boards/xmega_a1_xplained/init.o
 .debug_macro   0x00000000       0x31 src/ASF/xmega/boards/xmega_a1_xplained/init.o
 .debug_macro   0x00000000       0xe4 src/ASF/xmega/boards/xmega_a1_xplained/init.o
 .debug_macro   0x00000000      0x177 src/ASF/xmega/boards/xmega_a1_xplained/init.o
 .debug_macro   0x00000000       0x9a src/ASF/xmega/boards/xmega_a1_xplained/init.o
 .debug_macro   0x00000000      0x102 src/ASF/xmega/boards/xmega_a1_xplained/init.o
 .text          0x00000000        0x0 src/ASF/xmega/drivers/cpu/ccp.o
 .data          0x00000000        0x0 src/ASF/xmega/drivers/cpu/ccp.o
 .bss           0x00000000        0x0 src/ASF/xmega/drivers/cpu/ccp.o
 .text.ccp_write_io
                0x00000000        0xc src/ASF/xmega/drivers/cpu/ccp.o
 .debug_line    0x00000000       0x6e src/ASF/xmega/drivers/cpu/ccp.o
 .debug_info    0x00000000       0x79 src/ASF/xmega/drivers/cpu/ccp.o
 .debug_abbrev  0x00000000       0x14 src/ASF/xmega/drivers/cpu/ccp.o
 .debug_aranges
                0x00000000       0x20 src/ASF/xmega/drivers/cpu/ccp.o
 .group         0x00000000        0x8 src/ASF/xmega/drivers/tc/tc.o
 .group         0x00000000        0x8 src/ASF/xmega/drivers/tc/tc.o
 .group         0x00000000        0x8 src/ASF/xmega/drivers/tc/tc.o
 .group         0x00000000        0x8 src/ASF/xmega/drivers/tc/tc.o
 .group         0x00000000        0x8 src/ASF/xmega/drivers/tc/tc.o
 .group         0x00000000        0x8 src/ASF/xmega/drivers/tc/tc.o
 .group         0x00000000        0x8 src/ASF/xmega/drivers/tc/tc.o
 .group         0x00000000        0x8 src/ASF/xmega/drivers/tc/tc.o
 .group         0x00000000        0x8 src/ASF/xmega/drivers/tc/tc.o
 .group         0x00000000        0x8 src/ASF/xmega/drivers/tc/tc.o
 .group         0x00000000        0x8 src/ASF/xmega/drivers/tc/tc.o
 .group         0x00000000        0x8 src/ASF/xmega/drivers/tc/tc.o
 .group         0x00000000        0x8 src/ASF/xmega/drivers/tc/tc.o
 .group         0x00000000        0x8 src/ASF/xmega/drivers/tc/tc.o
 .group         0x00000000        0x8 src/ASF/xmega/drivers/tc/tc.o
 .group         0x00000000        0x8 src/ASF/xmega/drivers/tc/tc.o
 .group         0x00000000        0x8 src/ASF/xmega/drivers/tc/tc.o
 .group         0x00000000        0x8 src/ASF/xmega/drivers/tc/tc.o
 .group         0x00000000        0x8 src/ASF/xmega/drivers/tc/tc.o
 .group         0x00000000        0x8 src/ASF/xmega/drivers/tc/tc.o
 .group         0x00000000        0x8 src/ASF/xmega/drivers/tc/tc.o
 .group         0x00000000        0x8 src/ASF/xmega/drivers/tc/tc.o
 .group         0x00000000        0x8 src/ASF/xmega/drivers/tc/tc.o
 .group         0x00000000        0x8 src/ASF/xmega/drivers/tc/tc.o
 .group         0x00000000        0x8 src/ASF/xmega/drivers/tc/tc.o
 .group         0x00000000        0x8 src/ASF/xmega/drivers/tc/tc.o
 .group         0x00000000        0x8 src/ASF/xmega/drivers/tc/tc.o
 .group         0x00000000        0x8 src/ASF/xmega/drivers/tc/tc.o
 .group         0x00000000        0x8 src/ASF/xmega/drivers/tc/tc.o
 .group         0x00000000        0x8 src/ASF/xmega/drivers/tc/tc.o
 .group         0x00000000        0x8 src/ASF/xmega/drivers/tc/tc.o
 .group         0x00000000        0x8 src/ASF/xmega/drivers/tc/tc.o
 .group         0x00000000        0x8 src/ASF/xmega/drivers/tc/tc.o
 .group         0x00000000        0x8 src/ASF/xmega/drivers/tc/tc.o
 .group         0x00000000        0x8 src/ASF/xmega/drivers/tc/tc.o
 .group         0x00000000        0x8 src/ASF/xmega/drivers/tc/tc.o
 .group         0x00000000        0x8 src/ASF/xmega/drivers/tc/tc.o
 .group         0x00000000        0x8 src/ASF/xmega/drivers/tc/tc.o
 .group         0x00000000        0x8 src/ASF/xmega/drivers/tc/tc.o
 .text          0x00000000        0x0 src/ASF/xmega/drivers/tc/tc.o
 .data          0x00000000        0x0 src/ASF/xmega/drivers/tc/tc.o
 .bss           0x00000000        0x0 src/ASF/xmega/drivers/tc/tc.o
 .text.tc_disable
                0x00000000      0x11c src/ASF/xmega/drivers/tc/tc.o
 .text.tc_set_error_interrupt_callback
                0x00000000       0x8e src/ASF/xmega/drivers/tc/tc.o
 .text.tc_set_cca_interrupt_callback
                0x00000000       0x8e src/ASF/xmega/drivers/tc/tc.o
 .text.tc_set_ccb_interrupt_callback
                0x00000000       0x8e src/ASF/xmega/drivers/tc/tc.o
 .text.tc_set_ccc_interrupt_callback
                0x00000000       0x46 src/ASF/xmega/drivers/tc/tc.o
 .text.tc_set_ccd_interrupt_callback
                0x00000000       0x46 src/ASF/xmega/drivers/tc/tc.o
 .debug_macro   0x00000000      0xa90 src/ASF/xmega/drivers/tc/tc.o
 .debug_macro   0x00000000      0x1c9 src/ASF/xmega/drivers/tc/tc.o
 .debug_macro   0x00000000      0x6d7 src/ASF/xmega/drivers/tc/tc.o
 .debug_macro   0x00000000       0x10 src/ASF/xmega/drivers/tc/tc.o
 .debug_macro   0x00000000       0x9e src/ASF/xmega/drivers/tc/tc.o
 .debug_macro   0x00000000     0x53c9 src/ASF/xmega/drivers/tc/tc.o
 .debug_macro   0x00000000       0x9a src/ASF/xmega/drivers/tc/tc.o
 .debug_macro   0x00000000       0xf1 src/ASF/xmega/drivers/tc/tc.o
 .debug_macro   0x00000000       0x34 src/ASF/xmega/drivers/tc/tc.o
 .debug_macro   0x00000000       0x16 src/ASF/xmega/drivers/tc/tc.o
 .debug_macro   0x00000000       0x18 src/ASF/xmega/drivers/tc/tc.o
 .debug_macro   0x00000000       0x5e src/ASF/xmega/drivers/tc/tc.o
 .debug_macro   0x00000000       0x10 src/ASF/xmega/drivers/tc/tc.o
 .debug_macro   0x00000000       0x22 src/ASF/xmega/drivers/tc/tc.o
 .debug_macro   0x00000000      0x16d src/ASF/xmega/drivers/tc/tc.o
 .debug_macro   0x00000000       0x1c src/ASF/xmega/drivers/tc/tc.o
 .debug_macro   0x00000000       0x35 src/ASF/xmega/drivers/tc/tc.o
 .debug_macro   0x00000000       0x66 src/ASF/xmega/drivers/tc/tc.o
 .debug_macro   0x00000000       0x96 src/ASF/xmega/drivers/tc/tc.o
 .debug_macro   0x00000000       0x17 src/ASF/xmega/drivers/tc/tc.o
 .debug_macro   0x00000000      0x250 src/ASF/xmega/drivers/tc/tc.o
 .debug_macro   0x00000000       0x76 src/ASF/xmega/drivers/tc/tc.o
 .debug_macro   0x00000000       0x16 src/ASF/xmega/drivers/tc/tc.o
 .debug_macro   0x00000000      0x6d9 src/ASF/xmega/drivers/tc/tc.o
 .debug_macro   0x00000000       0x10 src/ASF/xmega/drivers/tc/tc.o
 .debug_macro   0x00000000      0x175 src/ASF/xmega/drivers/tc/tc.o
 .debug_macro   0x00000000       0x40 src/ASF/xmega/drivers/tc/tc.o
 .debug_macro   0x00000000       0xe4 src/ASF/xmega/drivers/tc/tc.o
 .debug_macro   0x00000000       0x69 src/ASF/xmega/drivers/tc/tc.o
 .debug_macro   0x00000000       0x31 src/ASF/xmega/drivers/tc/tc.o
 .debug_macro   0x00000000       0x10 src/ASF/xmega/drivers/tc/tc.o
 .debug_macro   0x00000000       0x42 src/ASF/xmega/drivers/tc/tc.o
 .debug_macro   0x00000000      0x2c3 src/ASF/xmega/drivers/tc/tc.o
 .debug_macro   0x00000000      0x177 src/ASF/xmega/drivers/tc/tc.o
 .debug_macro   0x00000000       0x80 src/ASF/xmega/drivers/tc/tc.o
 .debug_macro   0x00000000       0x2f src/ASF/xmega/drivers/tc/tc.o
 .debug_macro   0x00000000      0x154 src/ASF/xmega/drivers/tc/tc.o
 .group         0x00000000        0x8 src/tc_example2.o
 .group         0x00000000        0x8 src/tc_example2.o
 .group         0x00000000        0x8 src/tc_example2.o
 .group         0x00000000        0x8 src/tc_example2.o
 .group         0x00000000        0x8 src/tc_example2.o
 .group         0x00000000        0x8 src/tc_example2.o
 .group         0x00000000        0x8 src/tc_example2.o
 .group         0x00000000        0x8 src/tc_example2.o
 .group         0x00000000        0x8 src/tc_example2.o
 .group         0x00000000        0x8 src/tc_example2.o
 .group         0x00000000        0x8 src/tc_example2.o
 .group         0x00000000        0x8 src/tc_example2.o
 .group         0x00000000        0x8 src/tc_example2.o
 .group         0x00000000        0x8 src/tc_example2.o
 .group         0x00000000        0x8 src/tc_example2.o
 .group         0x00000000        0x8 src/tc_example2.o
 .group         0x00000000        0x8 src/tc_example2.o
 .group         0x00000000        0x8 src/tc_example2.o
 .group         0x00000000        0x8 src/tc_example2.o
 .group         0x00000000        0x8 src/tc_example2.o
 .group         0x00000000        0x8 src/tc_example2.o
 .group         0x00000000        0x8 src/tc_example2.o
 .group         0x00000000        0x8 src/tc_example2.o
 .group         0x00000000        0x8 src/tc_example2.o
 .group         0x00000000        0x8 src/tc_example2.o
 .group         0x00000000        0x8 src/tc_example2.o
 .group         0x00000000        0x8 src/tc_example2.o
 .group         0x00000000        0x8 src/tc_example2.o
 .group         0x00000000        0x8 src/tc_example2.o
 .group         0x00000000        0x8 src/tc_example2.o
 .group         0x00000000        0x8 src/tc_example2.o
 .group         0x00000000        0x8 src/tc_example2.o
 .group         0x00000000        0x8 src/tc_example2.o
 .group         0x00000000        0x8 src/tc_example2.o
 .group         0x00000000        0x8 src/tc_example2.o
 .group         0x00000000        0x8 src/tc_example2.o
 .group         0x00000000        0x8 src/tc_example2.o
 .group         0x00000000        0x8 src/tc_example2.o
 .group         0x00000000        0x8 src/tc_example2.o
 .group         0x00000000        0x8 src/tc_example2.o
 .group         0x00000000        0x8 src/tc_example2.o
 .group         0x00000000        0x8 src/tc_example2.o
 .group         0x00000000        0x8 src/tc_example2.o
 .group         0x00000000        0x8 src/tc_example2.o
 .group         0x00000000        0x8 src/tc_example2.o
 .group         0x00000000        0x8 src/tc_example2.o
 .text          0x00000000        0x0 src/tc_example2.o
 .data          0x00000000        0x0 src/tc_example2.o
 .bss           0x00000000        0x0 src/tc_example2.o
 .debug_macro   0x00000000      0xa90 src/tc_example2.o
 .debug_macro   0x00000000       0x10 src/tc_example2.o
 .debug_macro   0x00000000      0x1c9 src/tc_example2.o
 .debug_macro   0x00000000      0x2fc src/tc_example2.o
 .debug_macro   0x00000000       0x9e src/tc_example2.o
 .debug_macro   0x00000000     0x53c9 src/tc_example2.o
 .debug_macro   0x00000000       0x9a src/tc_example2.o
 .debug_macro   0x00000000       0xf1 src/tc_example2.o
 .debug_macro   0x00000000       0x34 src/tc_example2.o
 .debug_macro   0x00000000       0x16 src/tc_example2.o
 .debug_macro   0x00000000       0x18 src/tc_example2.o
 .debug_macro   0x00000000       0x5e src/tc_example2.o
 .debug_macro   0x00000000       0x10 src/tc_example2.o
 .debug_macro   0x00000000       0x22 src/tc_example2.o
 .debug_macro   0x00000000      0x16d src/tc_example2.o
 .debug_macro   0x00000000       0x1c src/tc_example2.o
 .debug_macro   0x00000000       0x35 src/tc_example2.o
 .debug_macro   0x00000000       0x66 src/tc_example2.o
 .debug_macro   0x00000000      0x6d7 src/tc_example2.o
 .debug_macro   0x00000000       0x96 src/tc_example2.o
 .debug_macro   0x00000000       0x17 src/tc_example2.o
 .debug_macro   0x00000000      0x250 src/tc_example2.o
 .debug_macro   0x00000000       0x76 src/tc_example2.o
 .debug_macro   0x00000000       0x16 src/tc_example2.o
 .debug_macro   0x00000000      0x6d9 src/tc_example2.o
 .debug_macro   0x00000000       0x10 src/tc_example2.o
 .debug_macro   0x00000000      0x175 src/tc_example2.o
 .debug_macro   0x00000000       0x40 src/tc_example2.o
 .debug_macro   0x00000000       0x69 src/tc_example2.o
 .debug_macro   0x00000000       0x31 src/tc_example2.o
 .debug_macro   0x00000000       0xe4 src/tc_example2.o
 .debug_macro   0x00000000       0x9a src/tc_example2.o
 .debug_macro   0x00000000      0x102 src/tc_example2.o
 .debug_macro   0x00000000      0x2c3 src/tc_example2.o
 .debug_macro   0x00000000      0x177 src/tc_example2.o
 .debug_macro   0x00000000       0x42 src/tc_example2.o
 .debug_macro   0x00000000       0x10 src/tc_example2.o
 .debug_macro   0x00000000       0x80 src/tc_example2.o
 .debug_macro   0x00000000       0x2f src/tc_example2.o
 .debug_macro   0x00000000      0x154 src/tc_example2.o
 .debug_macro   0x00000000       0x12 src/tc_example2.o
 .text          0x00000000        0x0 d:/program files in d/atmel/studio/7.0/toolchain/avr8/avr8-gnu-toolchain/bin/../lib/gcc/avr/5.4.0/avrxmega7\libgcc.a(_exit.o)
 .data          0x00000000        0x0 d:/program files in d/atmel/studio/7.0/toolchain/avr8/avr8-gnu-toolchain/bin/../lib/gcc/avr/5.4.0/avrxmega7\libgcc.a(_exit.o)
 .bss           0x00000000        0x0 d:/program files in d/atmel/studio/7.0/toolchain/avr8/avr8-gnu-toolchain/bin/../lib/gcc/avr/5.4.0/avrxmega7\libgcc.a(_exit.o)
 .text.libgcc.mul
                0x00000000        0x0 d:/program files in d/atmel/studio/7.0/toolchain/avr8/avr8-gnu-toolchain/bin/../lib/gcc/avr/5.4.0/avrxmega7\libgcc.a(_exit.o)
 .text.libgcc.div
                0x00000000        0x0 d:/program files in d/atmel/studio/7.0/toolchain/avr8/avr8-gnu-toolchain/bin/../lib/gcc/avr/5.4.0/avrxmega7\libgcc.a(_exit.o)
 .text.libgcc   0x00000000        0x0 d:/program files in d/atmel/studio/7.0/toolchain/avr8/avr8-gnu-toolchain/bin/../lib/gcc/avr/5.4.0/avrxmega7\libgcc.a(_exit.o)
 .text.libgcc.prologue
                0x00000000        0x0 d:/program files in d/atmel/studio/7.0/toolchain/avr8/avr8-gnu-toolchain/bin/../lib/gcc/avr/5.4.0/avrxmega7\libgcc.a(_exit.o)
 .text.libgcc.builtins
                0x00000000        0x0 d:/program files in d/atmel/studio/7.0/toolchain/avr8/avr8-gnu-toolchain/bin/../lib/gcc/avr/5.4.0/avrxmega7\libgcc.a(_exit.o)
 .text.libgcc.fmul
                0x00000000        0x0 d:/program files in d/atmel/studio/7.0/toolchain/avr8/avr8-gnu-toolchain/bin/../lib/gcc/avr/5.4.0/avrxmega7\libgcc.a(_exit.o)
 .text.libgcc.fixed
                0x00000000        0x0 d:/program files in d/atmel/studio/7.0/toolchain/avr8/avr8-gnu-toolchain/bin/../lib/gcc/avr/5.4.0/avrxmega7\libgcc.a(_exit.o)
 .text          0x00000000        0x0 d:/program files in d/atmel/studio/7.0/toolchain/avr8/avr8-gnu-toolchain/bin/../lib/gcc/avr/5.4.0/avrxmega7\libgcc.a(_copy_data.o)
 .data          0x00000000        0x0 d:/program files in d/atmel/studio/7.0/toolchain/avr8/avr8-gnu-toolchain/bin/../lib/gcc/avr/5.4.0/avrxmega7\libgcc.a(_copy_data.o)
 .bss           0x00000000        0x0 d:/program files in d/atmel/studio/7.0/toolchain/avr8/avr8-gnu-toolchain/bin/../lib/gcc/avr/5.4.0/avrxmega7\libgcc.a(_copy_data.o)
 .text.libgcc.mul
                0x00000000        0x0 d:/program files in d/atmel/studio/7.0/toolchain/avr8/avr8-gnu-toolchain/bin/../lib/gcc/avr/5.4.0/avrxmega7\libgcc.a(_copy_data.o)
 .text.libgcc.div
                0x00000000        0x0 d:/program files in d/atmel/studio/7.0/toolchain/avr8/avr8-gnu-toolchain/bin/../lib/gcc/avr/5.4.0/avrxmega7\libgcc.a(_copy_data.o)
 .text.libgcc   0x00000000        0x0 d:/program files in d/atmel/studio/7.0/toolchain/avr8/avr8-gnu-toolchain/bin/../lib/gcc/avr/5.4.0/avrxmega7\libgcc.a(_copy_data.o)
 .text.libgcc.prologue
                0x00000000        0x0 d:/program files in d/atmel/studio/7.0/toolchain/avr8/avr8-gnu-toolchain/bin/../lib/gcc/avr/5.4.0/avrxmega7\libgcc.a(_copy_data.o)
 .text.libgcc.builtins
                0x00000000        0x0 d:/program files in d/atmel/studio/7.0/toolchain/avr8/avr8-gnu-toolchain/bin/../lib/gcc/avr/5.4.0/avrxmega7\libgcc.a(_copy_data.o)
 .text.libgcc.fmul
                0x00000000        0x0 d:/program files in d/atmel/studio/7.0/toolchain/avr8/avr8-gnu-toolchain/bin/../lib/gcc/avr/5.4.0/avrxmega7\libgcc.a(_copy_data.o)
 .text.libgcc.fixed
                0x00000000        0x0 d:/program files in d/atmel/studio/7.0/toolchain/avr8/avr8-gnu-toolchain/bin/../lib/gcc/avr/5.4.0/avrxmega7\libgcc.a(_copy_data.o)
 .text          0x00000000        0x0 d:/program files in d/atmel/studio/7.0/toolchain/avr8/avr8-gnu-toolchain/bin/../lib/gcc/avr/5.4.0/avrxmega7\libgcc.a(_clear_bss.o)
 .data          0x00000000        0x0 d:/program files in d/atmel/studio/7.0/toolchain/avr8/avr8-gnu-toolchain/bin/../lib/gcc/avr/5.4.0/avrxmega7\libgcc.a(_clear_bss.o)
 .bss           0x00000000        0x0 d:/program files in d/atmel/studio/7.0/toolchain/avr8/avr8-gnu-toolchain/bin/../lib/gcc/avr/5.4.0/avrxmega7\libgcc.a(_clear_bss.o)
 .text.libgcc.mul
                0x00000000        0x0 d:/program files in d/atmel/studio/7.0/toolchain/avr8/avr8-gnu-toolchain/bin/../lib/gcc/avr/5.4.0/avrxmega7\libgcc.a(_clear_bss.o)
 .text.libgcc.div
                0x00000000        0x0 d:/program files in d/atmel/studio/7.0/toolchain/avr8/avr8-gnu-toolchain/bin/../lib/gcc/avr/5.4.0/avrxmega7\libgcc.a(_clear_bss.o)
 .text.libgcc   0x00000000        0x0 d:/program files in d/atmel/studio/7.0/toolchain/avr8/avr8-gnu-toolchain/bin/../lib/gcc/avr/5.4.0/avrxmega7\libgcc.a(_clear_bss.o)
 .text.libgcc.prologue
                0x00000000        0x0 d:/program files in d/atmel/studio/7.0/toolchain/avr8/avr8-gnu-toolchain/bin/../lib/gcc/avr/5.4.0/avrxmega7\libgcc.a(_clear_bss.o)
 .text.libgcc.builtins
                0x00000000        0x0 d:/program files in d/atmel/studio/7.0/toolchain/avr8/avr8-gnu-toolchain/bin/../lib/gcc/avr/5.4.0/avrxmega7\libgcc.a(_clear_bss.o)
 .text.libgcc.fmul
                0x00000000        0x0 d:/program files in d/atmel/studio/7.0/toolchain/avr8/avr8-gnu-toolchain/bin/../lib/gcc/avr/5.4.0/avrxmega7\libgcc.a(_clear_bss.o)
 .text.libgcc.fixed
                0x00000000        0x0 d:/program files in d/atmel/studio/7.0/toolchain/avr8/avr8-gnu-toolchain/bin/../lib/gcc/avr/5.4.0/avrxmega7\libgcc.a(_clear_bss.o)

Memory Configuration

Name             Origin             Length             Attributes
text             0x00000000         0x00100000         xr
data             0x00802000         0x0000ffa0         rw !x
eeprom           0x00810000         0x00010000         rw !x
fuse             0x00820000         0x00000006         rw !x
lock             0x00830000         0x00000400         rw !x
signature        0x00840000         0x00000400         rw !x
user_signatures  0x00850000         0x00000400         rw !x
*default*        0x00000000         0xffffffff

Linker script and memory map

LOAD D:/Program Files in D/Atmel/Studio/7.0/Packs/atmel/XMEGAA_DFP/1.1.68/gcc/dev/atxmega128a1/avrxmega7/crtatxmega128a1.o
LOAD src/ASF/common/services/clock/xmega/sysclk.o
LOAD src/ASF/common/services/ioport/xmega/ioport_compat.o
LOAD src/ASF/common/services/sleepmgr/xmega/sleepmgr.o
LOAD src/ASF/xmega/boards/xmega_a1_xplained/init.o
LOAD src/ASF/xmega/drivers/cpu/ccp.o
LOAD src/ASF/xmega/drivers/tc/tc.o
LOAD src/tc_example2.o
START GROUP
LOAD d:/program files in d/atmel/studio/7.0/toolchain/avr8/avr8-gnu-toolchain/bin/../lib/gcc/avr/5.4.0/../../../../avr/lib/avrxmega7\libm.a
END GROUP
Address of section .BOOT set to 0x20000
START GROUP
LOAD d:/program files in d/atmel/studio/7.0/toolchain/avr8/avr8-gnu-toolchain/bin/../lib/gcc/avr/5.4.0/avrxmega7\libgcc.a
LOAD d:/program files in d/atmel/studio/7.0/toolchain/avr8/avr8-gnu-toolchain/bin/../lib/gcc/avr/5.4.0/../../../../avr/lib/avrxmega7\libm.a
LOAD d:/program files in d/atmel/studio/7.0/toolchain/avr8/avr8-gnu-toolchain/bin/../lib/gcc/avr/5.4.0/../../../../avr/lib/avrxmega7\libc.a
LOAD D:/Program Files in D/Atmel/Studio/7.0/Packs/atmel/XMEGAA_DFP/1.1.68/gcc/dev/atxmega128a1/avrxmega7\libatxmega128a1.a
END GROUP
                0x00100000                __TEXT_REGION_LENGTH__ = DEFINED (__TEXT_REGION_LENGTH__)?__TEXT_REGION_LENGTH__:0x100000
                0x0000ffa0                __DATA_REGION_LENGTH__ = DEFINED (__DATA_REGION_LENGTH__)?__DATA_REGION_LENGTH__:0xffa0
                0x00010000                __EEPROM_REGION_LENGTH__ = DEFINED (__EEPROM_REGION_LENGTH__)?__EEPROM_REGION_LENGTH__:0x10000
                [0x00000006]                __FUSE_REGION_LENGTH__ = DEFINED (__FUSE_REGION_LENGTH__)?__FUSE_REGION_LENGTH__:0x400
                0x00000400                __LOCK_REGION_LENGTH__ = DEFINED (__LOCK_REGION_LENGTH__)?__LOCK_REGION_LENGTH__:0x400
                0x00000400                __SIGNATURE_REGION_LENGTH__ = DEFINED (__SIGNATURE_REGION_LENGTH__)?__SIGNATURE_REGION_LENGTH__:0x400
                0x00000400                __USER_SIGNATURE_REGION_LENGTH__ = DEFINED (__USER_SIGNATURE_REGION_LENGTH__)?__USER_SIGNATURE_REGION_LENGTH__:0x400

.hash
 *(.hash)

.dynsym
 *(.dynsym)

.dynstr
 *(.dynstr)

.gnu.version
 *(.gnu.version)

.gnu.version_d
 *(.gnu.version_d)

.gnu.version_r
 *(.gnu.version_r)

.rel.init
 *(.rel.init)

.rela.init
 *(.rela.init)

.rel.text
 *(.rel.text)
 *(.rel.text.*)
 *(.rel.gnu.linkonce.t*)

.rela.text
 *(.rela.text)
 *(.rela.text.*)
 *(.rela.gnu.linkonce.t*)

.rel.fini
 *(.rel.fini)

.rela.fini
 *(.rela.fini)

.rel.rodata
 *(.rel.rodata)
 *(.rel.rodata.*)
 *(.rel.gnu.linkonce.r*)

.rela.rodata
 *(.rela.rodata)
 *(.rela.rodata.*)
 *(.rela.gnu.linkonce.r*)

.rel.data
 *(.rel.data)
 *(.rel.data.*)
 *(.rel.gnu.linkonce.d*)

.rela.data
 *(.rela.data)
 *(.rela.data.*)
 *(.rela.gnu.linkonce.d*)

.rel.ctors
 *(.rel.ctors)

.rela.ctors
 *(.rela.ctors)

.rel.dtors
 *(.rel.dtors)

.rela.dtors
 *(.rela.dtors)

.rel.got
 *(.rel.got)

.rela.got
 *(.rela.got)

.rel.bss
 *(.rel.bss)

.rela.bss
 *(.rela.bss)

.rel.plt
 *(.rel.plt)

.rela.plt
 *(.rela.plt)

.text           0x00000000     0x17c4
 *(.vectors)
 .vectors       0x00000000      0x1f4 D:/Program Files in D/Atmel/Studio/7.0/Packs/atmel/XMEGAA_DFP/1.1.68/gcc/dev/atxmega128a1/avrxmega7/crtatxmega128a1.o
                0x00000000                __vector_default
                0x00000000                __vectors
 *(.vectors)
 *(.progmem.gcc*)
                0x000001f4                . = ALIGN (0x2)
                0x000001f4                __trampolines_start = .
 *(.trampolines)
 .trampolines   0x000001f4        0x0 linker stubs
 *(.trampolines*)
                0x000001f4                __trampolines_end = .
 *libprintf_flt.a:*(.progmem.data)
 *libc.a:*(.progmem.data)
 *(.progmem*)
                0x000001f4                . = ALIGN (0x2)
 *(.jumptables)
 *(.jumptables*)
 *(.lowtext)
 *(.lowtext*)
                0x000001f4                __ctors_start = .
 *(.ctors)
                0x000001f4                __ctors_end = .
                0x000001f4                __dtors_start = .
 *(.dtors)
                0x000001f4                __dtors_end = .
 SORT(*)(.ctors)
 SORT(*)(.dtors)
 *(.init0)
 .init0         0x000001f4        0x0 D:/Program Files in D/Atmel/Studio/7.0/Packs/atmel/XMEGAA_DFP/1.1.68/gcc/dev/atxmega128a1/avrxmega7/crtatxmega128a1.o
                0x000001f4                __init
 *(.init0)
 *(.init1)
 *(.init1)
 *(.init2)
 .init2         0x000001f4       0x18 D:/Program Files in D/Atmel/Studio/7.0/Packs/atmel/XMEGAA_DFP/1.1.68/gcc/dev/atxmega128a1/avrxmega7/crtatxmega128a1.o
 *(.init2)
 *(.init3)
 *(.init3)
 *(.init4)
 .init4         0x0000020c       0x1c d:/program files in d/atmel/studio/7.0/toolchain/avr8/avr8-gnu-toolchain/bin/../lib/gcc/avr/5.4.0/avrxmega7\libgcc.a(_copy_data.o)
                0x0000020c                __do_copy_data
 .init4         0x00000228       0x10 d:/program files in d/atmel/studio/7.0/toolchain/avr8/avr8-gnu-toolchain/bin/../lib/gcc/avr/5.4.0/avrxmega7\libgcc.a(_clear_bss.o)
                0x00000228                __do_clear_bss
 *(.init4)
 *(.init5)
 *(.init5)
 *(.init6)
 *(.init6)
 *(.init7)
 *(.init7)
 *(.init8)
 *(.init8)
 *(.init9)
 .init9         0x00000238        0x8 D:/Program Files in D/Atmel/Studio/7.0/Packs/atmel/XMEGAA_DFP/1.1.68/gcc/dev/atxmega128a1/avrxmega7/crtatxmega128a1.o
 *(.init9)
 *(.text)
 .text          0x00000240        0x2 D:/Program Files in D/Atmel/Studio/7.0/Packs/atmel/XMEGAA_DFP/1.1.68/gcc/dev/atxmega128a1/avrxmega7/crtatxmega128a1.o
                0x00000240                __vector_38
                0x00000240                __vector_104
                0x00000240                __vector_63
                0x00000240                __vector_28
                0x00000240                __vector_67
                0x00000240                __vector_1
                0x00000240                __vector_119
                0x00000240                __vector_32
                0x00000240                __vector_75
                0x00000240                __vector_71
                0x00000240                __vector_91
                0x00000240                __vector_34
                0x00000240                __vector_62
                0x00000240                __vector_102
                0x00000240                __vector_24
                0x00000240                __vector_12
                0x00000240                __vector_69
                0x00000240                __vector_90
                0x00000240                __vector_46
                0x00000240                __bad_interrupt
                0x00000240                __vector_122
                0x00000240                __vector_72
                0x00000240                __vector_6
                0x00000240                __vector_31
                0x00000240                __vector_92
                0x00000240                __vector_35
                0x00000240                __vector_74
                0x00000240                __vector_39
                0x00000240                __vector_107
                0x00000240                __vector_3
                0x00000240                __vector_105
                0x00000240                __vector_98
                0x00000240                __vector_68
                0x00000240                __vector_30
                0x00000240                __vector_73
                0x00000240                __vector_45
                0x00000240                __vector_25
                0x00000240                __vector_93
                0x00000240                __vector_61
                0x00000240                __vector_11
                0x00000240                __vector_99
                0x00000240                __vector_13
                0x00000240                __vector_7
                0x00000240                __vector_123
                0x00000240                __vector_41
                0x00000240                __vector_100
                0x00000240                __vector_101
                0x00000240                __vector_64
                0x00000240                __vector_88
                0x00000240                __vector_43
                0x00000240                __vector_27
                0x00000240                __vector_5
                0x00000240                __vector_33
                0x00000240                __vector_76
                0x00000240                __vector_37
                0x00000240                __vector_95
                0x00000240                __vector_103
                0x00000240                __vector_96
                0x00000240                __vector_89
                0x00000240                __vector_4
                0x00000240                __vector_44
                0x00000240                __vector_106
                0x00000240                __vector_118
                0x00000240                __vector_9
                0x00000240                __vector_2
                0x00000240                __vector_66
                0x00000240                __vector_36
                0x00000240                __vector_58
                0x00000240                __vector_70
                0x00000240                __vector_29
                0x00000240                __vector_60
                0x00000240                __vector_121
                0x00000240                __vector_40
                0x00000240                __vector_94
                0x00000240                __vector_8
                0x00000240                __vector_26
                0x00000240                __vector_124
                0x00000240                __vector_57
                0x00000240                __vector_10
                0x00000240                __vector_59
                0x00000240                __vector_97
                0x00000240                __vector_42
                0x00000240                __vector_87
                0x00000240                __vector_65
                0x00000240                __vector_120
                0x00000242                . = ALIGN (0x2)
 *(.text.*)
 .text.sysclk_init
                0x00000242       0x20 src/ASF/common/services/clock/xmega/sysclk.o
                0x00000242                sysclk_init
 .text.sysclk_enable_module
                0x00000262       0x2c src/ASF/common/services/clock/xmega/sysclk.o
                0x00000262                sysclk_enable_module
 .text.ioport_configure_port_pin
                0x0000028e       0x4e src/ASF/common/services/ioport/xmega/ioport_compat.o
                0x0000028e                ioport_configure_port_pin
 .text.board_init
                0x000002dc       0xe6 src/ASF/xmega/boards/xmega_a1_xplained/init.o
                0x000002dc                board_init
 .text.__vector_14
                0x000003c2       0x70 src/ASF/xmega/drivers/tc/tc.o
                0x000003c2                __vector_14
 .text.__vector_15
                0x00000432       0x70 src/ASF/xmega/drivers/tc/tc.o
                0x00000432                __vector_15
 .text.__vector_16
                0x000004a2       0x70 src/ASF/xmega/drivers/tc/tc.o
                0x000004a2                __vector_16
 .text.__vector_17
                0x00000512       0x70 src/ASF/xmega/drivers/tc/tc.o
                0x00000512                __vector_17
 .text.__vector_18
                0x00000582       0x70 src/ASF/xmega/drivers/tc/tc.o
                0x00000582                __vector_18
 .text.__vector_19
                0x000005f2       0x70 src/ASF/xmega/drivers/tc/tc.o
                0x000005f2                __vector_19
 .text.__vector_20
                0x00000662       0x70 src/ASF/xmega/drivers/tc/tc.o
                0x00000662                __vector_20
 .text.__vector_21
                0x000006d2       0x70 src/ASF/xmega/drivers/tc/tc.o
                0x000006d2                __vector_21
 .text.__vector_22
                0x00000742       0x70 src/ASF/xmega/drivers/tc/tc.o
                0x00000742                __vector_22
 .text.__vector_23
                0x000007b2       0x70 src/ASF/xmega/drivers/tc/tc.o
                0x000007b2                __vector_23
 .text.__vector_77
                0x00000822       0x70 src/ASF/xmega/drivers/tc/tc.o
                0x00000822                __vector_77
 .text.__vector_78
                0x00000892       0x70 src/ASF/xmega/drivers/tc/tc.o
                0x00000892                __vector_78
 .text.__vector_79
                0x00000902       0x70 src/ASF/xmega/drivers/tc/tc.o
                0x00000902                __vector_79
 .text.__vector_80
                0x00000972       0x70 src/ASF/xmega/drivers/tc/tc.o
                0x00000972                __vector_80
 .text.__vector_81
                0x000009e2       0x70 src/ASF/xmega/drivers/tc/tc.o
                0x000009e2                __vector_81
 .text.__vector_82
                0x00000a52       0x70 src/ASF/xmega/drivers/tc/tc.o
                0x00000a52                __vector_82
 .text.__vector_83
                0x00000ac2       0x70 src/ASF/xmega/drivers/tc/tc.o
                0x00000ac2                __vector_83
 .text.__vector_84
                0x00000b32       0x70 src/ASF/xmega/drivers/tc/tc.o
                0x00000b32                __vector_84
 .text.__vector_85
                0x00000ba2       0x70 src/ASF/xmega/drivers/tc/tc.o
                0x00000ba2                __vector_85
 .text.__vector_86
                0x00000c12       0x70 src/ASF/xmega/drivers/tc/tc.o
                0x00000c12                __vector_86
 .text.__vector_47
                0x00000c82       0x70 src/ASF/xmega/drivers/tc/tc.o
                0x00000c82                __vector_47
 .text.__vector_48
                0x00000cf2       0x70 src/ASF/xmega/drivers/tc/tc.o
                0x00000cf2                __vector_48
 .text.__vector_49
                0x00000d62       0x70 src/ASF/xmega/drivers/tc/tc.o
                0x00000d62                __vector_49
 .text.__vector_50
                0x00000dd2       0x70 src/ASF/xmega/drivers/tc/tc.o
                0x00000dd2                __vector_50
 .text.__vector_51
                0x00000e42       0x70 src/ASF/xmega/drivers/tc/tc.o
                0x00000e42                __vector_51
 .text.__vector_52
                0x00000eb2       0x70 src/ASF/xmega/drivers/tc/tc.o
                0x00000eb2                __vector_52
 .text.__vector_53
                0x00000f22       0x70 src/ASF/xmega/drivers/tc/tc.o
                0x00000f22                __vector_53
 .text.__vector_54
                0x00000f92       0x70 src/ASF/xmega/drivers/tc/tc.o
                0x00000f92                __vector_54
 .text.__vector_55
                0x00001002       0x70 src/ASF/xmega/drivers/tc/tc.o
                0x00001002                __vector_55
 .text.__vector_56
                0x00001072       0x70 src/ASF/xmega/drivers/tc/tc.o
                0x00001072                __vector_56
 .text.__vector_108
                0x000010e2       0x70 src/ASF/xmega/drivers/tc/tc.o
                0x000010e2                __vector_108
 .text.__vector_109
                0x00001152       0x70 src/ASF/xmega/drivers/tc/tc.o
                0x00001152                __vector_109
 .text.__vector_110
                0x000011c2       0x70 src/ASF/xmega/drivers/tc/tc.o
                0x000011c2                __vector_110
 .text.__vector_111
                0x00001232       0x70 src/ASF/xmega/drivers/tc/tc.o
                0x00001232                __vector_111
 .text.__vector_112
                0x000012a2       0x70 src/ASF/xmega/drivers/tc/tc.o
                0x000012a2                __vector_112
 .text.__vector_113
                0x00001312       0x70 src/ASF/xmega/drivers/tc/tc.o
                0x00001312                __vector_113
 .text.__vector_114
                0x00001382       0x70 src/ASF/xmega/drivers/tc/tc.o
                0x00001382                __vector_114
 .text.__vector_115
                0x000013f2       0x70 src/ASF/xmega/drivers/tc/tc.o
                0x000013f2                __vector_115
 .text.__vector_116
                0x00001462       0x70 src/ASF/xmega/drivers/tc/tc.o
                0x00001462                __vector_116
 .text.__vector_117
                0x000014d2       0x70 src/ASF/xmega/drivers/tc/tc.o
                0x000014d2                __vector_117
 .text.tc_enable
                0x00001542      0x118 src/ASF/xmega/drivers/tc/tc.o
                0x00001542                tc_enable
 .text.tc_set_overflow_interrupt_callback
                0x0000165a       0x8e src/ASF/xmega/drivers/tc/tc.o
                0x0000165a                tc_set_overflow_interrupt_callback
 .text.example_overflow_interrupt_callback
                0x000016e8       0x12 src/tc_example2.o
 .text.main     0x000016fa       0xc6 src/tc_example2.o
                0x000016fa                main
                0x000017c0                . = ALIGN (0x2)
 *(.fini9)
 .fini9         0x000017c0        0x0 d:/program files in d/atmel/studio/7.0/toolchain/avr8/avr8-gnu-toolchain/bin/../lib/gcc/avr/5.4.0/avrxmega7\libgcc.a(_exit.o)
                0x000017c0                _exit
                0x000017c0                exit
 *(.fini9)
 *(.fini8)
 *(.fini8)
 *(.fini7)
 *(.fini7)
 *(.fini6)
 *(.fini6)
 *(.fini5)
 *(.fini5)
 *(.fini4)
 *(.fini4)
 *(.fini3)
 *(.fini3)
 *(.fini2)
 *(.fini2)
 *(.fini1)
 *(.fini1)
 *(.fini0)
 .fini0         0x000017c0        0x4 d:/program files in d/atmel/studio/7.0/toolchain/avr8/avr8-gnu-toolchain/bin/../lib/gcc/avr/5.4.0/avrxmega7\libgcc.a(_exit.o)
 *(.fini0)
                0x000017c4                _etext = .

.data           0x00802000        0x6 load address 0x000017c4
                0x00802000                PROVIDE (__data_start, .)
 *(.data)
 *(.data*)
 .data.sleepmgr_configs
                0x00802000        0x6 src/ASF/common/services/sleepmgr/xmega/sleepmgr.o
                0x00802000                sleepmgr_configs
 *(.gnu.linkonce.d*)
 *(.rodata)
 *(.rodata*)
 *(.gnu.linkonce.r*)
                0x00802006                . = ALIGN (0x2)
                0x00802006                _edata = .
                0x00802006                PROVIDE (__data_end, .)

.bss            0x00802006       0x56
                0x00802006                PROVIDE (__bss_start, .)
 *(.bss)
 *(.bss*)
 .bss.tc_tcf1_ccb_callback
                0x00802006        0x2 src/ASF/xmega/drivers/tc/tc.o
 .bss.tc_tcf1_cca_callback
                0x00802008        0x2 src/ASF/xmega/drivers/tc/tc.o
 .bss.tc_tcf1_err_callback
                0x0080200a        0x2 src/ASF/xmega/drivers/tc/tc.o
 .bss.tc_tcf1_ovf_callback
                0x0080200c        0x2 src/ASF/xmega/drivers/tc/tc.o
 .bss.tc_tcf0_ccd_callback
                0x0080200e        0x2 src/ASF/xmega/drivers/tc/tc.o
 .bss.tc_tcf0_ccc_callback
                0x00802010        0x2 src/ASF/xmega/drivers/tc/tc.o
 .bss.tc_tcf0_ccb_callback
                0x00802012        0x2 src/ASF/xmega/drivers/tc/tc.o
 .bss.tc_tcf0_cca_callback
                0x00802014        0x2 src/ASF/xmega/drivers/tc/tc.o
 .bss.tc_tcf0_err_callback
                0x00802016        0x2 src/ASF/xmega/drivers/tc/tc.o
 .bss.tc_tcf0_ovf_callback
                0x00802018        0x2 src/ASF/xmega/drivers/tc/tc.o
 .bss.tc_tce1_ccb_callback
                0x0080201a        0x2 src/ASF/xmega/drivers/tc/tc.o
 .bss.tc_tce1_cca_callback
                0x0080201c        0x2 src/ASF/xmega/drivers/tc/tc.o
 .bss.tc_tce1_err_callback
                0x0080201e        0x2 src/ASF/xmega/drivers/tc/tc.o
 .bss.tc_tce1_ovf_callback
                0x00802020        0x2 src/ASF/xmega/drivers/tc/tc.o
 .bss.tc_tce0_ccd_callback
                0x00802022        0x2 src/ASF/xmega/drivers/tc/tc.o
 .bss.tc_tce0_ccc_callback
                0x00802024        0x2 src/ASF/xmega/drivers/tc/tc.o
 .bss.tc_tce0_ccb_callback
                0x00802026        0x2 src/ASF/xmega/drivers/tc/tc.o
 .bss.tc_tce0_cca_callback
                0x00802028        0x2 src/ASF/xmega/drivers/tc/tc.o
 .bss.tc_tce0_err_callback
                0x0080202a        0x2 src/ASF/xmega/drivers/tc/tc.o
 .bss.tc_tce0_ovf_callback
                0x0080202c        0x2 src/ASF/xmega/drivers/tc/tc.o
 .bss.tc_tcd1_ccb_callback
                0x0080202e        0x2 src/ASF/xmega/drivers/tc/tc.o
 .bss.tc_tcd1_cca_callback
                0x00802030        0x2 src/ASF/xmega/drivers/tc/tc.o
 .bss.tc_tcd1_err_callback
                0x00802032        0x2 src/ASF/xmega/drivers/tc/tc.o
 .bss.tc_tcd1_ovf_callback
                0x00802034        0x2 src/ASF/xmega/drivers/tc/tc.o
 .bss.tc_tcd0_ccd_callback
                0x00802036        0x2 src/ASF/xmega/drivers/tc/tc.o
 .bss.tc_tcd0_ccc_callback
                0x00802038        0x2 src/ASF/xmega/drivers/tc/tc.o
 .bss.tc_tcd0_ccb_callback
                0x0080203a        0x2 src/ASF/xmega/drivers/tc/tc.o
 .bss.tc_tcd0_cca_callback
                0x0080203c        0x2 src/ASF/xmega/drivers/tc/tc.o
 .bss.tc_tcd0_err_callback
                0x0080203e        0x2 src/ASF/xmega/drivers/tc/tc.o
 .bss.tc_tcd0_ovf_callback
                0x00802040        0x2 src/ASF/xmega/drivers/tc/tc.o
 .bss.tc_tcc1_ccb_callback
                0x00802042        0x2 src/ASF/xmega/drivers/tc/tc.o
 .bss.tc_tcc1_cca_callback
                0x00802044        0x2 src/ASF/xmega/drivers/tc/tc.o
 .bss.tc_tcc1_err_callback
                0x00802046        0x2 src/ASF/xmega/drivers/tc/tc.o
 .bss.tc_tcc1_ovf_callback
                0x00802048        0x2 src/ASF/xmega/drivers/tc/tc.o
 .bss.tc_tcc0_ccd_callback
                0x0080204a        0x2 src/ASF/xmega/drivers/tc/tc.o
 .bss.tc_tcc0_ccc_callback
                0x0080204c        0x2 src/ASF/xmega/drivers/tc/tc.o
 .bss.tc_tcc0_ccb_callback
                0x0080204e        0x2 src/ASF/xmega/drivers/tc/tc.o
 .bss.tc_tcc0_cca_callback
                0x00802050        0x2 src/ASF/xmega/drivers/tc/tc.o
 .bss.tc_tcc0_err_callback
                0x00802052        0x2 src/ASF/xmega/drivers/tc/tc.o
 .bss.tc_tcc0_ovf_callback
                0x00802054        0x2 src/ASF/xmega/drivers/tc/tc.o
 *(COMMON)
 COMMON         0x00802056        0x6 src/ASF/common/services/sleepmgr/xmega/sleepmgr.o
                0x00802056                sleepmgr_locks
                0x0080205c                PROVIDE (__bss_end, .)
                0x000017c4                __data_load_start = LOADADDR (.data)
                0x000017ca                __data_load_end = (__data_load_start + SIZEOF (.data))

.noinit         0x0080205c        0x0
                [!provide]                PROVIDE (__noinit_start, .)
 *(.noinit*)
                [!provide]                PROVIDE (__noinit_end, .)
                0x0080205c                _end = .
                [!provide]                PROVIDE (__heap_start, .)

.eeprom         0x00810000        0x0
 *(.eeprom*)
                0x00810000                __eeprom_end = .

.fuse
 *(.fuse)
 *(.lfuse)
 *(.hfuse)
 *(.efuse)

.lock
 *(.lock*)

.signature
 *(.signature*)

.user_signatures
 *(.user_signatures*)

.stab
 *(.stab)

.stabstr
 *(.stabstr)

.stab.excl
 *(.stab.excl)

.stab.exclstr
 *(.stab.exclstr)

.stab.index
 *(.stab.index)

.stab.indexstr
 *(.stab.indexstr)

.comment        0x00000000       0x30
 *(.comment)
 .comment       0x00000000       0x30 src/ASF/common/services/clock/xmega/sysclk.o
                                 0x31 (size before relaxing)
 .comment       0x00000030       0x31 src/ASF/common/services/ioport/xmega/ioport_compat.o
 .comment       0x00000030       0x31 src/ASF/common/services/sleepmgr/xmega/sleepmgr.o
 .comment       0x00000030       0x31 src/ASF/xmega/boards/xmega_a1_xplained/init.o
 .comment       0x00000030       0x31 src/ASF/xmega/drivers/tc/tc.o
 .comment       0x00000030       0x31 src/tc_example2.o

.note.gnu.avr.deviceinfo
                0x00000000       0x40
 .note.gnu.avr.deviceinfo
                0x00000000       0x40 D:/Program Files in D/Atmel/Studio/7.0/Packs/atmel/XMEGAA_DFP/1.1.68/gcc/dev/atxmega128a1/avrxmega7/crtatxmega128a1.o

.note.gnu.build-id
 *(.note.gnu.build-id)

.debug
 *(.debug)

.line
 *(.line)

.debug_srcinfo
 *(.debug_srcinfo)

.debug_sfnames
 *(.debug_sfnames)

.debug_aranges  0x00000000      0x248
 *(.debug_aranges)
 .debug_aranges
                0x00000000       0x30 src/ASF/common/services/clock/xmega/sysclk.o
 .debug_aranges
                0x00000030       0x20 src/ASF/common/services/ioport/xmega/ioport_compat.o
 .debug_aranges
                0x00000050       0x18 src/ASF/common/services/sleepmgr/xmega/sleepmgr.o
 .debug_aranges
                0x00000068       0x20 src/ASF/xmega/boards/xmega_a1_xplained/init.o
 .debug_aranges
                0x00000088      0x198 src/ASF/xmega/drivers/tc/tc.o
 .debug_aranges
                0x00000220       0x28 src/tc_example2.o

.debug_pubnames
 *(.debug_pubnames)

.debug_info     0x00000000     0x7326
 *(.debug_info .gnu.linkonce.wi.*)
 .debug_info    0x00000000     0x354c D:/Program Files in D/Atmel/Studio/7.0/Packs/atmel/XMEGAA_DFP/1.1.68/gcc/dev/atxmega128a1/avrxmega7/crtatxmega128a1.o
 .debug_info    0x0000354c      0x47b src/ASF/common/services/clock/xmega/sysclk.o
 .debug_info    0x000039c7      0x121 src/ASF/common/services/ioport/xmega/ioport_compat.o
 .debug_info    0x00003ae8      0x129 src/ASF/common/services/sleepmgr/xmega/sleepmgr.o
 .debug_info    0x00003c11      0x8e8 src/ASF/xmega/boards/xmega_a1_xplained/init.o
 .debug_info    0x000044f9     0x1a20 src/ASF/xmega/drivers/tc/tc.o
 .debug_info    0x00005f19     0x140d src/tc_example2.o

.debug_abbrev   0x00000000     0x3c83
 *(.debug_abbrev)
 .debug_abbrev  0x00000000     0x327a D:/Program Files in D/Atmel/Studio/7.0/Packs/atmel/XMEGAA_DFP/1.1.68/gcc/dev/atxmega128a1/avrxmega7/crtatxmega128a1.o
 .debug_abbrev  0x0000327a      0x1ea src/ASF/common/services/clock/xmega/sysclk.o
 .debug_abbrev  0x00003464       0x95 src/ASF/common/services/ioport/xmega/ioport_compat.o
 .debug_abbrev  0x000034f9       0x84 src/ASF/common/services/sleepmgr/xmega/sleepmgr.o
 .debug_abbrev  0x0000357d      0x14a src/ASF/xmega/boards/xmega_a1_xplained/init.o
 .debug_abbrev  0x000036c7      0x29b src/ASF/xmega/drivers/tc/tc.o
 .debug_abbrev  0x00003962      0x321 src/tc_example2.o

.debug_line     0x00000000     0x2f03
 *(.debug_line .debug_line.* .debug_line_end)
 .debug_line    0x00000000      0x3a9 D:/Program Files in D/Atmel/Studio/7.0/Packs/atmel/XMEGAA_DFP/1.1.68/gcc/dev/atxmega128a1/avrxmega7/crtatxmega128a1.o
 .debug_line    0x000003a9      0x55b src/ASF/common/services/clock/xmega/sysclk.o
 .debug_line    0x00000904      0x4ae src/ASF/common/services/ioport/xmega/ioport_compat.o
 .debug_line    0x00000db2      0x451 src/ASF/common/services/sleepmgr/xmega/sleepmgr.o
 .debug_line    0x00001203      0x4d5 src/ASF/xmega/boards/xmega_a1_xplained/init.o
 .debug_line    0x000016d8      0xfa8 src/ASF/xmega/drivers/tc/tc.o
 .debug_line    0x00002680      0x883 src/tc_example2.o

.debug_frame    0x00000000      0xf70
 *(.debug_frame)
 .debug_frame   0x00000000       0x64 src/ASF/common/services/clock/xmega/sysclk.o
 .debug_frame   0x00000064       0x30 src/ASF/common/services/ioport/xmega/ioport_compat.o
 .debug_frame   0x00000094       0x24 src/ASF/xmega/boards/xmega_a1_xplained/init.o
 .debug_frame   0x000000b8      0xe84 src/ASF/xmega/drivers/tc/tc.o
 .debug_frame   0x00000f3c       0x34 src/tc_example2.o

.debug_str      0x00000000    0x2ba02
 *(.debug_str)
 .debug_str     0x00000000     0x23b9 D:/Program Files in D/Atmel/Studio/7.0/Packs/atmel/XMEGAA_DFP/1.1.68/gcc/dev/atxmega128a1/avrxmega7/crtatxmega128a1.o
 .debug_str     0x000023b9    0x27482 src/ASF/common/services/clock/xmega/sysclk.o
                              0x27c75 (size before relaxing)
 .debug_str     0x0002983b      0x6c9 src/ASF/common/services/ioport/xmega/ioport_compat.o
                              0x264e5 (size before relaxing)
 .debug_str     0x00029f04      0x3d4 src/ASF/common/services/sleepmgr/xmega/sleepmgr.o
                              0x261f1 (size before relaxing)
 .debug_str     0x0002a2d8      0x1f1 src/ASF/xmega/boards/xmega_a1_xplained/init.o
                              0x2777d (size before relaxing)
 .debug_str     0x0002a4c9      0xa91 src/ASF/xmega/drivers/tc/tc.o
                              0x28877 (size before relaxing)
 .debug_str     0x0002af5a      0xaa8 src/tc_example2.o
                              0x29338 (size before relaxing)

.debug_loc      0x00000000     0x28e6
 *(.debug_loc)
 .debug_loc     0x00000000      0x20d src/ASF/common/services/clock/xmega/sysclk.o
 .debug_loc     0x0000020d       0x66 src/ASF/common/services/ioport/xmega/ioport_compat.o
 .debug_loc     0x00000273      0x2fe src/ASF/xmega/boards/xmega_a1_xplained/init.o
 .debug_loc     0x00000571     0x2122 src/ASF/xmega/drivers/tc/tc.o
 .debug_loc     0x00002693      0x253 src/tc_example2.o

.debug_macinfo
 *(.debug_macinfo)

.debug_weaknames
 *(.debug_weaknames)

.debug_funcnames
 *(.debug_funcnames)

.debug_typenames
 *(.debug_typenames)

.debug_varnames
 *(.debug_varnames)

.debug_pubtypes
 *(.debug_pubtypes)

.debug_ranges   0x00000000      0x230
 *(.debug_ranges)
 .debug_ranges  0x00000000       0x20 src/ASF/common/services/clock/xmega/sysclk.o
 .debug_ranges  0x00000020       0x10 src/ASF/common/services/ioport/xmega/ioport_compat.o
 .debug_ranges  0x00000030       0x10 src/ASF/xmega/boards/xmega_a1_xplained/init.o
 .debug_ranges  0x00000040      0x188 src/ASF/xmega/drivers/tc/tc.o
 .debug_ranges  0x000001c8       0x68 src/tc_example2.o

.debug_macro    0x00000000     0x9751
 *(.debug_macro)
 .debug_macro   0x00000000      0x1d3 src/ASF/common/services/clock/xmega/sysclk.o
 .debug_macro   0x000001d3      0xa90 src/ASF/common/services/clock/xmega/sysclk.o
 .debug_macro   0x00000c63       0x10 src/ASF/common/services/clock/xmega/sysclk.o
 .debug_macro   0x00000c73      0x1c9 src/ASF/common/services/clock/xmega/sysclk.o
 .debug_macro   0x00000e3c      0x2fc src/ASF/common/services/clock/xmega/sysclk.o
 .debug_macro   0x00001138       0x9e src/ASF/common/services/clock/xmega/sysclk.o
 .debug_macro   0x000011d6     0x53c9 src/ASF/common/services/clock/xmega/sysclk.o
 .debug_macro   0x0000659f       0x9a src/ASF/common/services/clock/xmega/sysclk.o
 .debug_macro   0x00006639       0xf1 src/ASF/common/services/clock/xmega/sysclk.o
 .debug_macro   0x0000672a       0x34 src/ASF/common/services/clock/xmega/sysclk.o
 .debug_macro   0x0000675e       0x16 src/ASF/common/services/clock/xmega/sysclk.o
 .debug_macro   0x00006774       0x18 src/ASF/common/services/clock/xmega/sysclk.o
 .debug_macro   0x0000678c       0x5e src/ASF/common/services/clock/xmega/sysclk.o
 .debug_macro   0x000067ea       0x10 src/ASF/common/services/clock/xmega/sysclk.o
 .debug_macro   0x000067fa       0x22 src/ASF/common/services/clock/xmega/sysclk.o
 .debug_macro   0x0000681c      0x16d src/ASF/common/services/clock/xmega/sysclk.o
 .debug_macro   0x00006989       0x1c src/ASF/common/services/clock/xmega/sysclk.o
 .debug_macro   0x000069a5       0x35 src/ASF/common/services/clock/xmega/sysclk.o
 .debug_macro   0x000069da       0x66 src/ASF/common/services/clock/xmega/sysclk.o
 .debug_macro   0x00006a40      0x6d7 src/ASF/common/services/clock/xmega/sysclk.o
 .debug_macro   0x00007117       0x96 src/ASF/common/services/clock/xmega/sysclk.o
 .debug_macro   0x000071ad       0x17 src/ASF/common/services/clock/xmega/sysclk.o
 .debug_macro   0x000071c4      0x250 src/ASF/common/services/clock/xmega/sysclk.o
 .debug_macro   0x00007414       0x76 src/ASF/common/services/clock/xmega/sysclk.o
 .debug_macro   0x0000748a       0x16 src/ASF/common/services/clock/xmega/sysclk.o
 .debug_macro   0x000074a0      0x6d9 src/ASF/common/services/clock/xmega/sysclk.o
 .debug_macro   0x00007b79       0x10 src/ASF/common/services/clock/xmega/sysclk.o
 .debug_macro   0x00007b89      0x175 src/ASF/common/services/clock/xmega/sysclk.o
 .debug_macro   0x00007cfe       0x40 src/ASF/common/services/clock/xmega/sysclk.o
 .debug_macro   0x00007d3e       0x69 src/ASF/common/services/clock/xmega/sysclk.o
 .debug_macro   0x00007da7       0x31 src/ASF/common/services/clock/xmega/sysclk.o
 .debug_macro   0x00007dd8       0xe4 src/ASF/common/services/clock/xmega/sysclk.o
 .debug_macro   0x00007ebc      0x2c3 src/ASF/common/services/clock/xmega/sysclk.o
 .debug_macro   0x0000817f      0x177 src/ASF/common/services/clock/xmega/sysclk.o
 .debug_macro   0x000082f6       0x80 src/ASF/common/services/clock/xmega/sysclk.o
 .debug_macro   0x00008376       0x2f src/ASF/common/services/clock/xmega/sysclk.o
 .debug_macro   0x000083a5      0x154 src/ASF/common/services/clock/xmega/sysclk.o
 .debug_macro   0x000084f9      0x193 src/ASF/common/services/ioport/xmega/ioport_compat.o
 .debug_macro   0x0000868c       0x9a src/ASF/common/services/ioport/xmega/ioport_compat.o
 .debug_macro   0x00008726      0x102 src/ASF/common/services/ioport/xmega/ioport_compat.o
 .debug_macro   0x00008828      0x1a3 src/ASF/common/services/sleepmgr/xmega/sleepmgr.o
 .debug_macro   0x000089cb       0x10 src/ASF/common/services/sleepmgr/xmega/sleepmgr.o
 .debug_macro   0x000089db       0x42 src/ASF/common/services/sleepmgr/xmega/sleepmgr.o
 .debug_macro   0x00008a1d      0x1b5 src/ASF/xmega/boards/xmega_a1_xplained/init.o
 .debug_macro   0x00008bd2       0x10 src/ASF/xmega/boards/xmega_a1_xplained/init.o
 .debug_macro   0x00008be2      0x2bd src/ASF/xmega/boards/xmega_a1_xplained/init.o
 .debug_macro   0x00008e9f      0x226 src/ASF/xmega/drivers/tc/tc.o
 .debug_macro   0x000090c5      0x302 src/ASF/xmega/drivers/tc/tc.o
 .debug_macro   0x000093c7       0x12 src/ASF/xmega/drivers/tc/tc.o
 .debug_macro   0x000093d9      0x2bc src/tc_example2.o
 .debug_macro   0x00009695       0x16 src/tc_example2.o
 .debug_macro   0x000096ab       0x16 src/tc_example2.o
 .debug_macro   0x000096c1       0x34 src/tc_example2.o
 .debug_macro   0x000096f5       0x40 src/tc_example2.o
 .debug_macro   0x00009735       0x1c src/tc_example2.o
OUTPUT(TC_EXAMPLE21.elf elf32-avr)
LOAD linker stubs

.BOOT           0x00020000        0x0
