Archive member included to satisfy reference by file (symbol)

d:/program files in d/atmel/studio/7.0/toolchain/avr8/avr8-gnu-toolchain/bin/../lib/gcc/avr/5.4.0/avrxmega7\libgcc.a(_udivmodsi4.o)
                              src/ASF/xmega/drivers/usart/usart.o (__udivmodsi4)
d:/program files in d/atmel/studio/7.0/toolchain/avr8/avr8-gnu-toolchain/bin/../lib/gcc/avr/5.4.0/avrxmega7\libgcc.a(_exit.o)
                              D:/Program Files in D/Atmel/Studio/7.0/Packs/atmel/XMEGAA_DFP/1.1.68/gcc/dev/atxmega128a1/avrxmega7/crtatxmega128a1.o (exit)
d:/program files in d/atmel/studio/7.0/toolchain/avr8/avr8-gnu-toolchain/bin/../lib/gcc/avr/5.4.0/avrxmega7\libgcc.a(_copy_data.o)
                              src/usart_example.o (__do_copy_data)

Discarded input sections

 .data          0x00000000        0x0 D:/Program Files in D/Atmel/Studio/7.0/Packs/atmel/XMEGAA_DFP/1.1.68/gcc/dev/atxmega128a1/avrxmega7/crtatxmega128a1.o
 .bss           0x00000000        0x0 D:/Program Files in D/Atmel/Studio/7.0/Packs/atmel/XMEGAA_DFP/1.1.68/gcc/dev/atxmega128a1/avrxmega7/crtatxmega128a1.o
 .group         0x00000000        0x8 src/ASF/common/services/clock/xmega/sysclk.o
 .group         0x00000000        0x8 src/ASF/common/services/clock/xmega/sysclk.o
 .group         0x00000000        0x8 src/ASF/common/services/clock/xmega/sysclk.o
 .group         0x00000000        0x8 src/ASF/common/services/clock/xmega/sysclk.o
 .group         0x00000000        0x8 src/ASF/common/services/clock/xmega/sysclk.o
 .group         0x00000000        0x8 src/ASF/common/services/clock/xmega/sysclk.o
 .group         0x00000000        0x8 src/ASF/common/services/clock/xmega/sysclk.o
 .group         0x00000000        0x8 src/ASF/common/services/clock/xmega/sysclk.o
 .group         0x00000000        0x8 src/ASF/common/services/clock/xmega/sysclk.o
 .group         0x00000000        0x8 src/ASF/common/services/clock/xmega/sysclk.o
 .group         0x00000000        0x8 src/ASF/common/services/clock/xmega/sysclk.o
 .group         0x00000000        0x8 src/ASF/common/services/clock/xmega/sysclk.o
 .group         0x00000000        0x8 src/ASF/common/services/clock/xmega/sysclk.o
 .group         0x00000000        0x8 src/ASF/common/services/clock/xmega/sysclk.o
 .group         0x00000000        0x8 src/ASF/common/services/clock/xmega/sysclk.o
 .group         0x00000000        0x8 src/ASF/common/services/clock/xmega/sysclk.o
 .group         0x00000000        0x8 src/ASF/common/services/clock/xmega/sysclk.o
 .group         0x00000000        0x8 src/ASF/common/services/clock/xmega/sysclk.o
 .group         0x00000000        0x8 src/ASF/common/services/clock/xmega/sysclk.o
 .group         0x00000000        0x8 src/ASF/common/services/clock/xmega/sysclk.o
 .group         0x00000000        0x8 src/ASF/common/services/clock/xmega/sysclk.o
 .group         0x00000000        0x8 src/ASF/common/services/clock/xmega/sysclk.o
 .group         0x00000000        0x8 src/ASF/common/services/clock/xmega/sysclk.o
 .group         0x00000000        0x8 src/ASF/common/services/clock/xmega/sysclk.o
 .group         0x00000000        0x8 src/ASF/common/services/clock/xmega/sysclk.o
 .group         0x00000000        0x8 src/ASF/common/services/clock/xmega/sysclk.o
 .group         0x00000000        0x8 src/ASF/common/services/clock/xmega/sysclk.o
 .group         0x00000000        0x8 src/ASF/common/services/clock/xmega/sysclk.o
 .group         0x00000000        0x8 src/ASF/common/services/clock/xmega/sysclk.o
 .group         0x00000000        0x8 src/ASF/common/services/clock/xmega/sysclk.o
 .group         0x00000000        0x8 src/ASF/common/services/clock/xmega/sysclk.o
 .group         0x00000000        0x8 src/ASF/common/services/clock/xmega/sysclk.o
 .group         0x00000000        0x8 src/ASF/common/services/clock/xmega/sysclk.o
 .group         0x00000000        0x8 src/ASF/common/services/clock/xmega/sysclk.o
 .group         0x00000000        0x8 src/ASF/common/services/clock/xmega/sysclk.o
 .group         0x00000000        0x8 src/ASF/common/services/clock/xmega/sysclk.o
 .text          0x00000000        0x0 src/ASF/common/services/clock/xmega/sysclk.o
 .data          0x00000000        0x0 src/ASF/common/services/clock/xmega/sysclk.o
 .bss           0x00000000        0x0 src/ASF/common/services/clock/xmega/sysclk.o
 .text.sysclk_disable_module
                0x00000000       0x2a src/ASF/common/services/clock/xmega/sysclk.o
 .group         0x00000000        0x8 src/ASF/common/services/ioport/xmega/ioport_compat.o
 .group         0x00000000        0x8 src/ASF/common/services/ioport/xmega/ioport_compat.o
 .group         0x00000000        0x8 src/ASF/common/services/ioport/xmega/ioport_compat.o
 .group         0x00000000        0x8 src/ASF/common/services/ioport/xmega/ioport_compat.o
 .group         0x00000000        0x8 src/ASF/common/services/ioport/xmega/ioport_compat.o
 .group         0x00000000        0x8 src/ASF/common/services/ioport/xmega/ioport_compat.o
 .group         0x00000000        0x8 src/ASF/common/services/ioport/xmega/ioport_compat.o
 .group         0x00000000        0x8 src/ASF/common/services/ioport/xmega/ioport_compat.o
 .group         0x00000000        0x8 src/ASF/common/services/ioport/xmega/ioport_compat.o
 .group         0x00000000        0x8 src/ASF/common/services/ioport/xmega/ioport_compat.o
 .group         0x00000000        0x8 src/ASF/common/services/ioport/xmega/ioport_compat.o
 .group         0x00000000        0x8 src/ASF/common/services/ioport/xmega/ioport_compat.o
 .group         0x00000000        0x8 src/ASF/common/services/ioport/xmega/ioport_compat.o
 .group         0x00000000        0x8 src/ASF/common/services/ioport/xmega/ioport_compat.o
 .group         0x00000000        0x8 src/ASF/common/services/ioport/xmega/ioport_compat.o
 .group         0x00000000        0x8 src/ASF/common/services/ioport/xmega/ioport_compat.o
 .group         0x00000000        0x8 src/ASF/common/services/ioport/xmega/ioport_compat.o
 .group         0x00000000        0x8 src/ASF/common/services/ioport/xmega/ioport_compat.o
 .group         0x00000000        0x8 src/ASF/common/services/ioport/xmega/ioport_compat.o
 .group         0x00000000        0x8 src/ASF/common/services/ioport/xmega/ioport_compat.o
 .group         0x00000000        0x8 src/ASF/common/services/ioport/xmega/ioport_compat.o
 .group         0x00000000        0x8 src/ASF/common/services/ioport/xmega/ioport_compat.o
 .group         0x00000000        0x8 src/ASF/common/services/ioport/xmega/ioport_compat.o
 .group         0x00000000        0x8 src/ASF/common/services/ioport/xmega/ioport_compat.o
 .group         0x00000000        0x8 src/ASF/common/services/ioport/xmega/ioport_compat.o
 .group         0x00000000        0x8 src/ASF/common/services/ioport/xmega/ioport_compat.o
 .group         0x00000000        0x8 src/ASF/common/services/ioport/xmega/ioport_compat.o
 .group         0x00000000        0x8 src/ASF/common/services/ioport/xmega/ioport_compat.o
 .group         0x00000000        0x8 src/ASF/common/services/ioport/xmega/ioport_compat.o
 .group         0x00000000        0x8 src/ASF/common/services/ioport/xmega/ioport_compat.o
 .group         0x00000000        0x8 src/ASF/common/services/ioport/xmega/ioport_compat.o
 .group         0x00000000        0x8 src/ASF/common/services/ioport/xmega/ioport_compat.o
 .group         0x00000000        0x8 src/ASF/common/services/ioport/xmega/ioport_compat.o
 .text          0x00000000        0x0 src/ASF/common/services/ioport/xmega/ioport_compat.o
 .data          0x00000000        0x0 src/ASF/common/services/ioport/xmega/ioport_compat.o
 .bss           0x00000000        0x0 src/ASF/common/services/ioport/xmega/ioport_compat.o
 .debug_macro   0x00000000      0xa90 src/ASF/common/services/ioport/xmega/ioport_compat.o
 .debug_macro   0x00000000      0x6d7 src/ASF/common/services/ioport/xmega/ioport_compat.o
 .debug_macro   0x00000000       0x10 src/ASF/common/services/ioport/xmega/ioport_compat.o
 .debug_macro   0x00000000      0x1c9 src/ASF/common/services/ioport/xmega/ioport_compat.o
 .debug_macro   0x00000000      0x2fc src/ASF/common/services/ioport/xmega/ioport_compat.o
 .debug_macro   0x00000000       0x9e src/ASF/common/services/ioport/xmega/ioport_compat.o
 .debug_macro   0x00000000     0x53c9 src/ASF/common/services/ioport/xmega/ioport_compat.o
 .debug_macro   0x00000000       0x9a src/ASF/common/services/ioport/xmega/ioport_compat.o
 .debug_macro   0x00000000       0xf1 src/ASF/common/services/ioport/xmega/ioport_compat.o
 .debug_macro   0x00000000       0x34 src/ASF/common/services/ioport/xmega/ioport_compat.o
 .debug_macro   0x00000000       0x16 src/ASF/common/services/ioport/xmega/ioport_compat.o
 .debug_macro   0x00000000       0x18 src/ASF/common/services/ioport/xmega/ioport_compat.o
 .debug_macro   0x00000000       0x5e src/ASF/common/services/ioport/xmega/ioport_compat.o
 .debug_macro   0x00000000       0x10 src/ASF/common/services/ioport/xmega/ioport_compat.o
 .debug_macro   0x00000000       0x22 src/ASF/common/services/ioport/xmega/ioport_compat.o
 .debug_macro   0x00000000      0x16d src/ASF/common/services/ioport/xmega/ioport_compat.o
 .debug_macro   0x00000000       0x1c src/ASF/common/services/ioport/xmega/ioport_compat.o
 .debug_macro   0x00000000       0x35 src/ASF/common/services/ioport/xmega/ioport_compat.o
 .debug_macro   0x00000000       0x66 src/ASF/common/services/ioport/xmega/ioport_compat.o
 .debug_macro   0x00000000       0x96 src/ASF/common/services/ioport/xmega/ioport_compat.o
 .debug_macro   0x00000000       0x17 src/ASF/common/services/ioport/xmega/ioport_compat.o
 .debug_macro   0x00000000      0x250 src/ASF/common/services/ioport/xmega/ioport_compat.o
 .debug_macro   0x00000000       0x76 src/ASF/common/services/ioport/xmega/ioport_compat.o
 .debug_macro   0x00000000       0x16 src/ASF/common/services/ioport/xmega/ioport_compat.o
 .debug_macro   0x00000000      0x6d9 src/ASF/common/services/ioport/xmega/ioport_compat.o
 .debug_macro   0x00000000       0x10 src/ASF/common/services/ioport/xmega/ioport_compat.o
 .debug_macro   0x00000000      0x175 src/ASF/common/services/ioport/xmega/ioport_compat.o
 .debug_macro   0x00000000       0x40 src/ASF/common/services/ioport/xmega/ioport_compat.o
 .debug_macro   0x00000000       0x69 src/ASF/common/services/ioport/xmega/ioport_compat.o
 .debug_macro   0x00000000       0x31 src/ASF/common/services/ioport/xmega/ioport_compat.o
 .debug_macro   0x00000000       0xe4 src/ASF/common/services/ioport/xmega/ioport_compat.o
 .group         0x00000000        0x8 src/ASF/xmega/boards/xmega_a1_xplained/init.o
 .group         0x00000000        0x8 src/ASF/xmega/boards/xmega_a1_xplained/init.o
 .group         0x00000000        0x8 src/ASF/xmega/boards/xmega_a1_xplained/init.o
 .group         0x00000000        0x8 src/ASF/xmega/boards/xmega_a1_xplained/init.o
 .group         0x00000000        0x8 src/ASF/xmega/boards/xmega_a1_xplained/init.o
 .group         0x00000000        0x8 src/ASF/xmega/boards/xmega_a1_xplained/init.o
 .group         0x00000000        0x8 src/ASF/xmega/boards/xmega_a1_xplained/init.o
 .group         0x00000000        0x8 src/ASF/xmega/boards/xmega_a1_xplained/init.o
 .group         0x00000000        0x8 src/ASF/xmega/boards/xmega_a1_xplained/init.o
 .group         0x00000000        0x8 src/ASF/xmega/boards/xmega_a1_xplained/init.o
 .group         0x00000000        0x8 src/ASF/xmega/boards/xmega_a1_xplained/init.o
 .group         0x00000000        0x8 src/ASF/xmega/boards/xmega_a1_xplained/init.o
 .group         0x00000000        0x8 src/ASF/xmega/boards/xmega_a1_xplained/init.o
 .group         0x00000000        0x8 src/ASF/xmega/boards/xmega_a1_xplained/init.o
 .group         0x00000000        0x8 src/ASF/xmega/boards/xmega_a1_xplained/init.o
 .group         0x00000000        0x8 src/ASF/xmega/boards/xmega_a1_xplained/init.o
 .group         0x00000000        0x8 src/ASF/xmega/boards/xmega_a1_xplained/init.o
 .group         0x00000000        0x8 src/ASF/xmega/boards/xmega_a1_xplained/init.o
 .group         0x00000000        0x8 src/ASF/xmega/boards/xmega_a1_xplained/init.o
 .group         0x00000000        0x8 src/ASF/xmega/boards/xmega_a1_xplained/init.o
 .group         0x00000000        0x8 src/ASF/xmega/boards/xmega_a1_xplained/init.o
 .group         0x00000000        0x8 src/ASF/xmega/boards/xmega_a1_xplained/init.o
 .group         0x00000000        0x8 src/ASF/xmega/boards/xmega_a1_xplained/init.o
 .group         0x00000000        0x8 src/ASF/xmega/boards/xmega_a1_xplained/init.o
 .group         0x00000000        0x8 src/ASF/xmega/boards/xmega_a1_xplained/init.o
 .group         0x00000000        0x8 src/ASF/xmega/boards/xmega_a1_xplained/init.o
 .group         0x00000000        0x8 src/ASF/xmega/boards/xmega_a1_xplained/init.o
 .group         0x00000000        0x8 src/ASF/xmega/boards/xmega_a1_xplained/init.o
 .group         0x00000000        0x8 src/ASF/xmega/boards/xmega_a1_xplained/init.o
 .group         0x00000000        0x8 src/ASF/xmega/boards/xmega_a1_xplained/init.o
 .group         0x00000000        0x8 src/ASF/xmega/boards/xmega_a1_xplained/init.o
 .group         0x00000000        0x8 src/ASF/xmega/boards/xmega_a1_xplained/init.o
 .group         0x00000000        0x8 src/ASF/xmega/boards/xmega_a1_xplained/init.o
 .group         0x00000000        0x8 src/ASF/xmega/boards/xmega_a1_xplained/init.o
 .group         0x00000000        0x8 src/ASF/xmega/boards/xmega_a1_xplained/init.o
 .group         0x00000000        0x8 src/ASF/xmega/boards/xmega_a1_xplained/init.o
 .text          0x00000000        0x0 src/ASF/xmega/boards/xmega_a1_xplained/init.o
 .data          0x00000000        0x0 src/ASF/xmega/boards/xmega_a1_xplained/init.o
 .bss           0x00000000        0x0 src/ASF/xmega/boards/xmega_a1_xplained/init.o
 .debug_macro   0x00000000      0xa90 src/ASF/xmega/boards/xmega_a1_xplained/init.o
 .debug_macro   0x00000000       0x10 src/ASF/xmega/boards/xmega_a1_xplained/init.o
 .debug_macro   0x00000000      0x1c9 src/ASF/xmega/boards/xmega_a1_xplained/init.o
 .debug_macro   0x00000000      0x2fc src/ASF/xmega/boards/xmega_a1_xplained/init.o
 .debug_macro   0x00000000       0x9e src/ASF/xmega/boards/xmega_a1_xplained/init.o
 .debug_macro   0x00000000     0x53c9 src/ASF/xmega/boards/xmega_a1_xplained/init.o
 .debug_macro   0x00000000       0x9a src/ASF/xmega/boards/xmega_a1_xplained/init.o
 .debug_macro   0x00000000       0xf1 src/ASF/xmega/boards/xmega_a1_xplained/init.o
 .debug_macro   0x00000000       0x34 src/ASF/xmega/boards/xmega_a1_xplained/init.o
 .debug_macro   0x00000000       0x16 src/ASF/xmega/boards/xmega_a1_xplained/init.o
 .debug_macro   0x00000000       0x18 src/ASF/xmega/boards/xmega_a1_xplained/init.o
 .debug_macro   0x00000000       0x5e src/ASF/xmega/boards/xmega_a1_xplained/init.o
 .debug_macro   0x00000000       0x10 src/ASF/xmega/boards/xmega_a1_xplained/init.o
 .debug_macro   0x00000000       0x22 src/ASF/xmega/boards/xmega_a1_xplained/init.o
 .debug_macro   0x00000000      0x16d src/ASF/xmega/boards/xmega_a1_xplained/init.o
 .debug_macro   0x00000000       0x1c src/ASF/xmega/boards/xmega_a1_xplained/init.o
 .debug_macro   0x00000000       0x35 src/ASF/xmega/boards/xmega_a1_xplained/init.o
 .debug_macro   0x00000000       0x66 src/ASF/xmega/boards/xmega_a1_xplained/init.o
 .debug_macro   0x00000000      0x6d7 src/ASF/xmega/boards/xmega_a1_xplained/init.o
 .debug_macro   0x00000000       0x96 src/ASF/xmega/boards/xmega_a1_xplained/init.o
 .debug_macro   0x00000000       0x17 src/ASF/xmega/boards/xmega_a1_xplained/init.o
 .debug_macro   0x00000000      0x250 src/ASF/xmega/boards/xmega_a1_xplained/init.o
 .debug_macro   0x00000000       0x76 src/ASF/xmega/boards/xmega_a1_xplained/init.o
 .debug_macro   0x00000000       0x16 src/ASF/xmega/boards/xmega_a1_xplained/init.o
 .debug_macro   0x00000000      0x6d9 src/ASF/xmega/boards/xmega_a1_xplained/init.o
 .debug_macro   0x00000000       0x10 src/ASF/xmega/boards/xmega_a1_xplained/init.o
 .debug_macro   0x00000000      0x175 src/ASF/xmega/boards/xmega_a1_xplained/init.o
 .debug_macro   0x00000000       0x40 src/ASF/xmega/boards/xmega_a1_xplained/init.o
 .debug_macro   0x00000000       0x69 src/ASF/xmega/boards/xmega_a1_xplained/init.o
 .debug_macro   0x00000000       0x31 src/ASF/xmega/boards/xmega_a1_xplained/init.o
 .debug_macro   0x00000000       0xe4 src/ASF/xmega/boards/xmega_a1_xplained/init.o
 .debug_macro   0x00000000      0x177 src/ASF/xmega/boards/xmega_a1_xplained/init.o
 .debug_macro   0x00000000       0x9a src/ASF/xmega/boards/xmega_a1_xplained/init.o
 .debug_macro   0x00000000      0x102 src/ASF/xmega/boards/xmega_a1_xplained/init.o
 .text          0x00000000        0x0 src/ASF/xmega/drivers/cpu/ccp.o
 .data          0x00000000        0x0 src/ASF/xmega/drivers/cpu/ccp.o
 .bss           0x00000000        0x0 src/ASF/xmega/drivers/cpu/ccp.o
 .text.ccp_write_io
                0x00000000        0xc src/ASF/xmega/drivers/cpu/ccp.o
 .debug_line    0x00000000       0x6e src/ASF/xmega/drivers/cpu/ccp.o
 .debug_info    0x00000000       0x7b src/ASF/xmega/drivers/cpu/ccp.o
 .debug_abbrev  0x00000000       0x14 src/ASF/xmega/drivers/cpu/ccp.o
 .debug_aranges
                0x00000000       0x20 src/ASF/xmega/drivers/cpu/ccp.o
 .group         0x00000000        0x8 src/ASF/xmega/drivers/usart/usart.o
 .group         0x00000000        0x8 src/ASF/xmega/drivers/usart/usart.o
 .group         0x00000000        0x8 src/ASF/xmega/drivers/usart/usart.o
 .group         0x00000000        0x8 src/ASF/xmega/drivers/usart/usart.o
 .group         0x00000000        0x8 src/ASF/xmega/drivers/usart/usart.o
 .group         0x00000000        0x8 src/ASF/xmega/drivers/usart/usart.o
 .group         0x00000000        0x8 src/ASF/xmega/drivers/usart/usart.o
 .group         0x00000000        0x8 src/ASF/xmega/drivers/usart/usart.o
 .group         0x00000000        0x8 src/ASF/xmega/drivers/usart/usart.o
 .group         0x00000000        0x8 src/ASF/xmega/drivers/usart/usart.o
 .group         0x00000000        0x8 src/ASF/xmega/drivers/usart/usart.o
 .group         0x00000000        0x8 src/ASF/xmega/drivers/usart/usart.o
 .group         0x00000000        0x8 src/ASF/xmega/drivers/usart/usart.o
 .group         0x00000000        0x8 src/ASF/xmega/drivers/usart/usart.o
 .group         0x00000000        0x8 src/ASF/xmega/drivers/usart/usart.o
 .group         0x00000000        0x8 src/ASF/xmega/drivers/usart/usart.o
 .group         0x00000000        0x8 src/ASF/xmega/drivers/usart/usart.o
 .group         0x00000000        0x8 src/ASF/xmega/drivers/usart/usart.o
 .group         0x00000000        0x8 src/ASF/xmega/drivers/usart/usart.o
 .group         0x00000000        0x8 src/ASF/xmega/drivers/usart/usart.o
 .group         0x00000000        0x8 src/ASF/xmega/drivers/usart/usart.o
 .group         0x00000000        0x8 src/ASF/xmega/drivers/usart/usart.o
 .group         0x00000000        0x8 src/ASF/xmega/drivers/usart/usart.o
 .group         0x00000000        0x8 src/ASF/xmega/drivers/usart/usart.o
 .group         0x00000000        0x8 src/ASF/xmega/drivers/usart/usart.o
 .group         0x00000000        0x8 src/ASF/xmega/drivers/usart/usart.o
 .group         0x00000000        0x8 src/ASF/xmega/drivers/usart/usart.o
 .group         0x00000000        0x8 src/ASF/xmega/drivers/usart/usart.o
 .group         0x00000000        0x8 src/ASF/xmega/drivers/usart/usart.o
 .group         0x00000000        0x8 src/ASF/xmega/drivers/usart/usart.o
 .group         0x00000000        0x8 src/ASF/xmega/drivers/usart/usart.o
 .group         0x00000000        0x8 src/ASF/xmega/drivers/usart/usart.o
 .group         0x00000000        0x8 src/ASF/xmega/drivers/usart/usart.o
 .group         0x00000000        0x8 src/ASF/xmega/drivers/usart/usart.o
 .group         0x00000000        0x8 src/ASF/xmega/drivers/usart/usart.o
 .group         0x00000000        0x8 src/ASF/xmega/drivers/usart/usart.o
 .group         0x00000000        0x8 src/ASF/xmega/drivers/usart/usart.o
 .group         0x00000000        0x8 src/ASF/xmega/drivers/usart/usart.o
 .group         0x00000000        0x8 src/ASF/xmega/drivers/usart/usart.o
 .text          0x00000000        0x0 src/ASF/xmega/drivers/usart/usart.o
 .data          0x00000000        0x0 src/ASF/xmega/drivers/usart/usart.o
 .bss           0x00000000        0x0 src/ASF/xmega/drivers/usart/usart.o
 .text.usart_set_bsel_bscale_value
                0x00000000       0x10 src/ASF/xmega/drivers/usart/usart.o
 .text.usart_set_baudrate_precalculated
                0x00000000       0xd0 src/ASF/xmega/drivers/usart/usart.o
 .text.usart_spi_set_baudrate
                0x00000000       0x64 src/ASF/xmega/drivers/usart/usart.o
 .text.usart_init_spi
                0x00000000      0x462 src/ASF/xmega/drivers/usart/usart.o
 .progmem.data.baudctrl_32mhz
                0x00000000        0xe src/ASF/xmega/drivers/usart/usart.o
 .progmem.data.baudctrl_2mhz
                0x00000000        0xe src/ASF/xmega/drivers/usart/usart.o
 .debug_macro   0x00000000      0xa90 src/ASF/xmega/drivers/usart/usart.o
 .debug_macro   0x00000000      0x1c9 src/ASF/xmega/drivers/usart/usart.o
 .debug_macro   0x00000000       0x10 src/ASF/xmega/drivers/usart/usart.o
 .debug_macro   0x00000000       0x9e src/ASF/xmega/drivers/usart/usart.o
 .debug_macro   0x00000000     0x53c9 src/ASF/xmega/drivers/usart/usart.o
 .debug_macro   0x00000000       0x9a src/ASF/xmega/drivers/usart/usart.o
 .debug_macro   0x00000000       0xf1 src/ASF/xmega/drivers/usart/usart.o
 .debug_macro   0x00000000       0x34 src/ASF/xmega/drivers/usart/usart.o
 .debug_macro   0x00000000       0x16 src/ASF/xmega/drivers/usart/usart.o
 .debug_macro   0x00000000       0x18 src/ASF/xmega/drivers/usart/usart.o
 .debug_macro   0x00000000       0x5e src/ASF/xmega/drivers/usart/usart.o
 .debug_macro   0x00000000       0x10 src/ASF/xmega/drivers/usart/usart.o
 .debug_macro   0x00000000       0x22 src/ASF/xmega/drivers/usart/usart.o
 .debug_macro   0x00000000      0x16d src/ASF/xmega/drivers/usart/usart.o
 .debug_macro   0x00000000       0x1c src/ASF/xmega/drivers/usart/usart.o
 .debug_macro   0x00000000       0x35 src/ASF/xmega/drivers/usart/usart.o
 .debug_macro   0x00000000       0x66 src/ASF/xmega/drivers/usart/usart.o
 .debug_macro   0x00000000      0x6d7 src/ASF/xmega/drivers/usart/usart.o
 .debug_macro   0x00000000       0x96 src/ASF/xmega/drivers/usart/usart.o
 .debug_macro   0x00000000       0x17 src/ASF/xmega/drivers/usart/usart.o
 .debug_macro   0x00000000      0x250 src/ASF/xmega/drivers/usart/usart.o
 .debug_macro   0x00000000       0x76 src/ASF/xmega/drivers/usart/usart.o
 .debug_macro   0x00000000       0x16 src/ASF/xmega/drivers/usart/usart.o
 .debug_macro   0x00000000      0x6d9 src/ASF/xmega/drivers/usart/usart.o
 .debug_macro   0x00000000       0x10 src/ASF/xmega/drivers/usart/usart.o
 .debug_macro   0x00000000      0x175 src/ASF/xmega/drivers/usart/usart.o
 .debug_macro   0x00000000       0x40 src/ASF/xmega/drivers/usart/usart.o
 .debug_macro   0x00000000       0x69 src/ASF/xmega/drivers/usart/usart.o
 .debug_macro   0x00000000       0x31 src/ASF/xmega/drivers/usart/usart.o
 .debug_macro   0x00000000       0xe4 src/ASF/xmega/drivers/usart/usart.o
 .debug_macro   0x00000000      0x2c3 src/ASF/xmega/drivers/usart/usart.o
 .debug_macro   0x00000000      0x177 src/ASF/xmega/drivers/usart/usart.o
 .debug_macro   0x00000000       0x80 src/ASF/xmega/drivers/usart/usart.o
 .debug_macro   0x00000000       0x2f src/ASF/xmega/drivers/usart/usart.o
 .debug_macro   0x00000000      0x154 src/ASF/xmega/drivers/usart/usart.o
 .debug_macro   0x00000000       0x9a src/ASF/xmega/drivers/usart/usart.o
 .debug_macro   0x00000000      0x102 src/ASF/xmega/drivers/usart/usart.o
 .group         0x00000000        0x8 src/usart_example.o
 .group         0x00000000        0x8 src/usart_example.o
 .group         0x00000000        0x8 src/usart_example.o
 .group         0x00000000        0x8 src/usart_example.o
 .group         0x00000000        0x8 src/usart_example.o
 .group         0x00000000        0x8 src/usart_example.o
 .group         0x00000000        0x8 src/usart_example.o
 .group         0x00000000        0x8 src/usart_example.o
 .group         0x00000000        0x8 src/usart_example.o
 .group         0x00000000        0x8 src/usart_example.o
 .group         0x00000000        0x8 src/usart_example.o
 .group         0x00000000        0x8 src/usart_example.o
 .group         0x00000000        0x8 src/usart_example.o
 .group         0x00000000        0x8 src/usart_example.o
 .group         0x00000000        0x8 src/usart_example.o
 .group         0x00000000        0x8 src/usart_example.o
 .group         0x00000000        0x8 src/usart_example.o
 .group         0x00000000        0x8 src/usart_example.o
 .group         0x00000000        0x8 src/usart_example.o
 .group         0x00000000        0x8 src/usart_example.o
 .group         0x00000000        0x8 src/usart_example.o
 .group         0x00000000        0x8 src/usart_example.o
 .group         0x00000000        0x8 src/usart_example.o
 .group         0x00000000        0x8 src/usart_example.o
 .group         0x00000000        0x8 src/usart_example.o
 .group         0x00000000        0x8 src/usart_example.o
 .group         0x00000000        0x8 src/usart_example.o
 .group         0x00000000        0x8 src/usart_example.o
 .group         0x00000000        0x8 src/usart_example.o
 .group         0x00000000        0x8 src/usart_example.o
 .group         0x00000000        0x8 src/usart_example.o
 .group         0x00000000        0x8 src/usart_example.o
 .group         0x00000000        0x8 src/usart_example.o
 .group         0x00000000        0x8 src/usart_example.o
 .group         0x00000000        0x8 src/usart_example.o
 .group         0x00000000        0x8 src/usart_example.o
 .group         0x00000000        0x8 src/usart_example.o
 .group         0x00000000        0x8 src/usart_example.o
 .group         0x00000000        0x8 src/usart_example.o
 .group         0x00000000        0x8 src/usart_example.o
 .group         0x00000000        0x8 src/usart_example.o
 .group         0x00000000        0x8 src/usart_example.o
 .group         0x00000000        0x8 src/usart_example.o
 .group         0x00000000        0x8 src/usart_example.o
 .text          0x00000000        0x0 src/usart_example.o
 .data          0x00000000        0x0 src/usart_example.o
 .bss           0x00000000        0x0 src/usart_example.o
 .debug_macro   0x00000000      0xa90 src/usart_example.o
 .debug_macro   0x00000000       0x10 src/usart_example.o
 .debug_macro   0x00000000      0x6d7 src/usart_example.o
 .debug_macro   0x00000000       0x10 src/usart_example.o
 .debug_macro   0x00000000      0x1c9 src/usart_example.o
 .debug_macro   0x00000000      0x2fc src/usart_example.o
 .debug_macro   0x00000000       0x9e src/usart_example.o
 .debug_macro   0x00000000     0x53c9 src/usart_example.o
 .debug_macro   0x00000000       0x9a src/usart_example.o
 .debug_macro   0x00000000       0xf1 src/usart_example.o
 .debug_macro   0x00000000       0x34 src/usart_example.o
 .debug_macro   0x00000000       0x16 src/usart_example.o
 .debug_macro   0x00000000       0x18 src/usart_example.o
 .debug_macro   0x00000000       0x5e src/usart_example.o
 .debug_macro   0x00000000       0x10 src/usart_example.o
 .debug_macro   0x00000000       0x22 src/usart_example.o
 .debug_macro   0x00000000      0x16d src/usart_example.o
 .debug_macro   0x00000000       0x1c src/usart_example.o
 .debug_macro   0x00000000       0x35 src/usart_example.o
 .debug_macro   0x00000000       0x66 src/usart_example.o
 .debug_macro   0x00000000       0x96 src/usart_example.o
 .debug_macro   0x00000000       0x17 src/usart_example.o
 .debug_macro   0x00000000      0x250 src/usart_example.o
 .debug_macro   0x00000000       0x76 src/usart_example.o
 .debug_macro   0x00000000       0x16 src/usart_example.o
 .debug_macro   0x00000000      0x6d9 src/usart_example.o
 .debug_macro   0x00000000       0x10 src/usart_example.o
 .debug_macro   0x00000000      0x175 src/usart_example.o
 .debug_macro   0x00000000       0x40 src/usart_example.o
 .debug_macro   0x00000000       0x69 src/usart_example.o
 .debug_macro   0x00000000       0x31 src/usart_example.o
 .debug_macro   0x00000000       0xe4 src/usart_example.o
 .debug_macro   0x00000000      0x2bd src/usart_example.o
 .debug_macro   0x00000000      0x177 src/usart_example.o
 .debug_macro   0x00000000       0x80 src/usart_example.o
 .debug_macro   0x00000000       0x2f src/usart_example.o
 .debug_macro   0x00000000      0x154 src/usart_example.o
 .debug_macro   0x00000000       0x9a src/usart_example.o
 .debug_macro   0x00000000      0x102 src/usart_example.o
 .text          0x00000000        0x0 d:/program files in d/atmel/studio/7.0/toolchain/avr8/avr8-gnu-toolchain/bin/../lib/gcc/avr/5.4.0/avrxmega7\libgcc.a(_udivmodsi4.o)
 .data          0x00000000        0x0 d:/program files in d/atmel/studio/7.0/toolchain/avr8/avr8-gnu-toolchain/bin/../lib/gcc/avr/5.4.0/avrxmega7\libgcc.a(_udivmodsi4.o)
 .bss           0x00000000        0x0 d:/program files in d/atmel/studio/7.0/toolchain/avr8/avr8-gnu-toolchain/bin/../lib/gcc/avr/5.4.0/avrxmega7\libgcc.a(_udivmodsi4.o)
 .text.libgcc.mul
                0x00000000        0x0 d:/program files in d/atmel/studio/7.0/toolchain/avr8/avr8-gnu-toolchain/bin/../lib/gcc/avr/5.4.0/avrxmega7\libgcc.a(_udivmodsi4.o)
 .text.libgcc   0x00000000        0x0 d:/program files in d/atmel/studio/7.0/toolchain/avr8/avr8-gnu-toolchain/bin/../lib/gcc/avr/5.4.0/avrxmega7\libgcc.a(_udivmodsi4.o)
 .text.libgcc.prologue
                0x00000000        0x0 d:/program files in d/atmel/studio/7.0/toolchain/avr8/avr8-gnu-toolchain/bin/../lib/gcc/avr/5.4.0/avrxmega7\libgcc.a(_udivmodsi4.o)
 .text.libgcc.builtins
                0x00000000        0x0 d:/program files in d/atmel/studio/7.0/toolchain/avr8/avr8-gnu-toolchain/bin/../lib/gcc/avr/5.4.0/avrxmega7\libgcc.a(_udivmodsi4.o)
 .text.libgcc.fmul
                0x00000000        0x0 d:/program files in d/atmel/studio/7.0/toolchain/avr8/avr8-gnu-toolchain/bin/../lib/gcc/avr/5.4.0/avrxmega7\libgcc.a(_udivmodsi4.o)
 .text.libgcc.fixed
                0x00000000        0x0 d:/program files in d/atmel/studio/7.0/toolchain/avr8/avr8-gnu-toolchain/bin/../lib/gcc/avr/5.4.0/avrxmega7\libgcc.a(_udivmodsi4.o)
 .text          0x00000000        0x0 d:/program files in d/atmel/studio/7.0/toolchain/avr8/avr8-gnu-toolchain/bin/../lib/gcc/avr/5.4.0/avrxmega7\libgcc.a(_exit.o)
 .data          0x00000000        0x0 d:/program files in d/atmel/studio/7.0/toolchain/avr8/avr8-gnu-toolchain/bin/../lib/gcc/avr/5.4.0/avrxmega7\libgcc.a(_exit.o)
 .bss           0x00000000        0x0 d:/program files in d/atmel/studio/7.0/toolchain/avr8/avr8-gnu-toolchain/bin/../lib/gcc/avr/5.4.0/avrxmega7\libgcc.a(_exit.o)
 .text.libgcc.mul
                0x00000000        0x0 d:/program files in d/atmel/studio/7.0/toolchain/avr8/avr8-gnu-toolchain/bin/../lib/gcc/avr/5.4.0/avrxmega7\libgcc.a(_exit.o)
 .text.libgcc.div
                0x00000000        0x0 d:/program files in d/atmel/studio/7.0/toolchain/avr8/avr8-gnu-toolchain/bin/../lib/gcc/avr/5.4.0/avrxmega7\libgcc.a(_exit.o)
 .text.libgcc   0x00000000        0x0 d:/program files in d/atmel/studio/7.0/toolchain/avr8/avr8-gnu-toolchain/bin/../lib/gcc/avr/5.4.0/avrxmega7\libgcc.a(_exit.o)
 .text.libgcc.prologue
                0x00000000        0x0 d:/program files in d/atmel/studio/7.0/toolchain/avr8/avr8-gnu-toolchain/bin/../lib/gcc/avr/5.4.0/avrxmega7\libgcc.a(_exit.o)
 .text.libgcc.builtins
                0x00000000        0x0 d:/program files in d/atmel/studio/7.0/toolchain/avr8/avr8-gnu-toolchain/bin/../lib/gcc/avr/5.4.0/avrxmega7\libgcc.a(_exit.o)
 .text.libgcc.fmul
                0x00000000        0x0 d:/program files in d/atmel/studio/7.0/toolchain/avr8/avr8-gnu-toolchain/bin/../lib/gcc/avr/5.4.0/avrxmega7\libgcc.a(_exit.o)
 .text.libgcc.fixed
                0x00000000        0x0 d:/program files in d/atmel/studio/7.0/toolchain/avr8/avr8-gnu-toolchain/bin/../lib/gcc/avr/5.4.0/avrxmega7\libgcc.a(_exit.o)
 .text          0x00000000        0x0 d:/program files in d/atmel/studio/7.0/toolchain/avr8/avr8-gnu-toolchain/bin/../lib/gcc/avr/5.4.0/avrxmega7\libgcc.a(_copy_data.o)
 .data          0x00000000        0x0 d:/program files in d/atmel/studio/7.0/toolchain/avr8/avr8-gnu-toolchain/bin/../lib/gcc/avr/5.4.0/avrxmega7\libgcc.a(_copy_data.o)
 .bss           0x00000000        0x0 d:/program files in d/atmel/studio/7.0/toolchain/avr8/avr8-gnu-toolchain/bin/../lib/gcc/avr/5.4.0/avrxmega7\libgcc.a(_copy_data.o)
 .text.libgcc.mul
                0x00000000        0x0 d:/program files in d/atmel/studio/7.0/toolchain/avr8/avr8-gnu-toolchain/bin/../lib/gcc/avr/5.4.0/avrxmega7\libgcc.a(_copy_data.o)
 .text.libgcc.div
                0x00000000        0x0 d:/program files in d/atmel/studio/7.0/toolchain/avr8/avr8-gnu-toolchain/bin/../lib/gcc/avr/5.4.0/avrxmega7\libgcc.a(_copy_data.o)
 .text.libgcc   0x00000000        0x0 d:/program files in d/atmel/studio/7.0/toolchain/avr8/avr8-gnu-toolchain/bin/../lib/gcc/avr/5.4.0/avrxmega7\libgcc.a(_copy_data.o)
 .text.libgcc.prologue
                0x00000000        0x0 d:/program files in d/atmel/studio/7.0/toolchain/avr8/avr8-gnu-toolchain/bin/../lib/gcc/avr/5.4.0/avrxmega7\libgcc.a(_copy_data.o)
 .text.libgcc.builtins
                0x00000000        0x0 d:/program files in d/atmel/studio/7.0/toolchain/avr8/avr8-gnu-toolchain/bin/../lib/gcc/avr/5.4.0/avrxmega7\libgcc.a(_copy_data.o)
 .text.libgcc.fmul
                0x00000000        0x0 d:/program files in d/atmel/studio/7.0/toolchain/avr8/avr8-gnu-toolchain/bin/../lib/gcc/avr/5.4.0/avrxmega7\libgcc.a(_copy_data.o)
 .text.libgcc.fixed
                0x00000000        0x0 d:/program files in d/atmel/studio/7.0/toolchain/avr8/avr8-gnu-toolchain/bin/../lib/gcc/avr/5.4.0/avrxmega7\libgcc.a(_copy_data.o)

Memory Configuration

Name             Origin             Length             Attributes
text             0x00000000         0x00100000         xr
data             0x00802000         0x0000ffa0         rw !x
eeprom           0x00810000         0x00010000         rw !x
fuse             0x00820000         0x00000006         rw !x
lock             0x00830000         0x00000400         rw !x
signature        0x00840000         0x00000400         rw !x
user_signatures  0x00850000         0x00000400         rw !x
*default*        0x00000000         0xffffffff

Linker script and memory map

LOAD D:/Program Files in D/Atmel/Studio/7.0/Packs/atmel/XMEGAA_DFP/1.1.68/gcc/dev/atxmega128a1/avrxmega7/crtatxmega128a1.o
LOAD src/ASF/common/services/clock/xmega/sysclk.o
LOAD src/ASF/common/services/ioport/xmega/ioport_compat.o
LOAD src/ASF/xmega/boards/xmega_a1_xplained/init.o
LOAD src/ASF/xmega/drivers/cpu/ccp.o
LOAD src/ASF/xmega/drivers/usart/usart.o
LOAD src/usart_example.o
START GROUP
LOAD d:/program files in d/atmel/studio/7.0/toolchain/avr8/avr8-gnu-toolchain/bin/../lib/gcc/avr/5.4.0/../../../../avr/lib/avrxmega7\libm.a
END GROUP
Address of section .BOOT set to 0x20000
START GROUP
LOAD d:/program files in d/atmel/studio/7.0/toolchain/avr8/avr8-gnu-toolchain/bin/../lib/gcc/avr/5.4.0/avrxmega7\libgcc.a
LOAD d:/program files in d/atmel/studio/7.0/toolchain/avr8/avr8-gnu-toolchain/bin/../lib/gcc/avr/5.4.0/../../../../avr/lib/avrxmega7\libm.a
LOAD d:/program files in d/atmel/studio/7.0/toolchain/avr8/avr8-gnu-toolchain/bin/../lib/gcc/avr/5.4.0/../../../../avr/lib/avrxmega7\libc.a
LOAD D:/Program Files in D/Atmel/Studio/7.0/Packs/atmel/XMEGAA_DFP/1.1.68/gcc/dev/atxmega128a1/avrxmega7\libatxmega128a1.a
END GROUP
                0x00100000                __TEXT_REGION_LENGTH__ = DEFINED (__TEXT_REGION_LENGTH__)?__TEXT_REGION_LENGTH__:0x100000
                0x0000ffa0                __DATA_REGION_LENGTH__ = DEFINED (__DATA_REGION_LENGTH__)?__DATA_REGION_LENGTH__:0xffa0
                0x00010000                __EEPROM_REGION_LENGTH__ = DEFINED (__EEPROM_REGION_LENGTH__)?__EEPROM_REGION_LENGTH__:0x10000
                [0x00000006]                __FUSE_REGION_LENGTH__ = DEFINED (__FUSE_REGION_LENGTH__)?__FUSE_REGION_LENGTH__:0x400
                0x00000400                __LOCK_REGION_LENGTH__ = DEFINED (__LOCK_REGION_LENGTH__)?__LOCK_REGION_LENGTH__:0x400
                0x00000400                __SIGNATURE_REGION_LENGTH__ = DEFINED (__SIGNATURE_REGION_LENGTH__)?__SIGNATURE_REGION_LENGTH__:0x400
                0x00000400                __USER_SIGNATURE_REGION_LENGTH__ = DEFINED (__USER_SIGNATURE_REGION_LENGTH__)?__USER_SIGNATURE_REGION_LENGTH__:0x400

.hash
 *(.hash)

.dynsym
 *(.dynsym)

.dynstr
 *(.dynstr)

.gnu.version
 *(.gnu.version)

.gnu.version_d
 *(.gnu.version_d)

.gnu.version_r
 *(.gnu.version_r)

.rel.init
 *(.rel.init)

.rela.init
 *(.rela.init)

.rel.text
 *(.rel.text)
 *(.rel.text.*)
 *(.rel.gnu.linkonce.t*)

.rela.text
 *(.rela.text)
 *(.rela.text.*)
 *(.rela.gnu.linkonce.t*)

.rel.fini
 *(.rel.fini)

.rela.fini
 *(.rela.fini)

.rel.rodata
 *(.rel.rodata)
 *(.rel.rodata.*)
 *(.rel.gnu.linkonce.r*)

.rela.rodata
 *(.rela.rodata)
 *(.rela.rodata.*)
 *(.rela.gnu.linkonce.r*)

.rel.data
 *(.rel.data)
 *(.rel.data.*)
 *(.rel.gnu.linkonce.d*)

.rela.data
 *(.rela.data)
 *(.rela.data.*)
 *(.rela.gnu.linkonce.d*)

.rel.ctors
 *(.rel.ctors)

.rela.ctors
 *(.rela.ctors)

.rel.dtors
 *(.rel.dtors)

.rela.dtors
 *(.rela.dtors)

.rel.got
 *(.rel.got)

.rela.got
 *(.rela.got)

.rel.bss
 *(.rel.bss)

.rela.bss
 *(.rela.bss)

.rel.plt
 *(.rel.plt)

.rela.plt
 *(.rela.plt)

.text           0x00000000      0x962
 *(.vectors)
 .vectors       0x00000000      0x1f4 D:/Program Files in D/Atmel/Studio/7.0/Packs/atmel/XMEGAA_DFP/1.1.68/gcc/dev/atxmega128a1/avrxmega7/crtatxmega128a1.o
                0x00000000                __vector_default
                0x00000000                __vectors
 *(.vectors)
 *(.progmem.gcc*)
                0x000001f4                . = ALIGN (0x2)
                0x000001f4                __trampolines_start = .
 *(.trampolines)
 .trampolines   0x000001f4        0x0 linker stubs
 *(.trampolines*)
                0x000001f4                __trampolines_end = .
 *libprintf_flt.a:*(.progmem.data)
 *libc.a:*(.progmem.data)
 *(.progmem*)
                0x000001f4                . = ALIGN (0x2)
 *(.jumptables)
 *(.jumptables*)
 *(.lowtext)
 *(.lowtext*)
                0x000001f4                __ctors_start = .
 *(.ctors)
                0x000001f4                __ctors_end = .
                0x000001f4                __dtors_start = .
 *(.dtors)
                0x000001f4                __dtors_end = .
 SORT(*)(.ctors)
 SORT(*)(.dtors)
 *(.init0)
 .init0         0x000001f4        0x0 D:/Program Files in D/Atmel/Studio/7.0/Packs/atmel/XMEGAA_DFP/1.1.68/gcc/dev/atxmega128a1/avrxmega7/crtatxmega128a1.o
                0x000001f4                __init
 *(.init0)
 *(.init1)
 *(.init1)
 *(.init2)
 .init2         0x000001f4       0x18 D:/Program Files in D/Atmel/Studio/7.0/Packs/atmel/XMEGAA_DFP/1.1.68/gcc/dev/atxmega128a1/avrxmega7/crtatxmega128a1.o
 *(.init2)
 *(.init3)
 *(.init3)
 *(.init4)
 .init4         0x0000020c       0x1c d:/program files in d/atmel/studio/7.0/toolchain/avr8/avr8-gnu-toolchain/bin/../lib/gcc/avr/5.4.0/avrxmega7\libgcc.a(_copy_data.o)
                0x0000020c                __do_copy_data
 *(.init4)
 *(.init5)
 *(.init5)
 *(.init6)
 *(.init6)
 *(.init7)
 *(.init7)
 *(.init8)
 *(.init8)
 *(.init9)
 .init9         0x00000228        0x4 D:/Program Files in D/Atmel/Studio/7.0/Packs/atmel/XMEGAA_DFP/1.1.68/gcc/dev/atxmega128a1/avrxmega7/crtatxmega128a1.o
 *(.init9)
 *(.text)
 .text          0x0000022c        0x2 D:/Program Files in D/Atmel/Studio/7.0/Packs/atmel/XMEGAA_DFP/1.1.68/gcc/dev/atxmega128a1/avrxmega7/crtatxmega128a1.o
                0x0000022c                __vector_38
                0x0000022c                __vector_104
                0x0000022c                __vector_22
                0x0000022c                __vector_63
                0x0000022c                __vector_28
                0x0000022c                __vector_67
                0x0000022c                __vector_1
                0x0000022c                __vector_119
                0x0000022c                __vector_32
                0x0000022c                __vector_75
                0x0000022c                __vector_71
                0x0000022c                __vector_91
                0x0000022c                __vector_34
                0x0000022c                __vector_62
                0x0000022c                __vector_77
                0x0000022c                __vector_102
                0x0000022c                __vector_24
                0x0000022c                __vector_12
                0x0000022c                __vector_55
                0x0000022c                __vector_69
                0x0000022c                __vector_81
                0x0000022c                __vector_90
                0x0000022c                __vector_46
                0x0000022c                __bad_interrupt
                0x0000022c                __vector_122
                0x0000022c                __vector_72
                0x0000022c                __vector_114
                0x0000022c                __vector_6
                0x0000022c                __vector_110
                0x0000022c                __vector_31
                0x0000022c                __vector_92
                0x0000022c                __vector_35
                0x0000022c                __vector_78
                0x0000022c                __vector_74
                0x0000022c                __vector_117
                0x0000022c                __vector_39
                0x0000022c                __vector_107
                0x0000022c                __vector_3
                0x0000022c                __vector_105
                0x0000022c                __vector_98
                0x0000022c                __vector_23
                0x0000022c                __vector_68
                0x0000022c                __vector_30
                0x0000022c                __vector_73
                0x0000022c                __vector_45
                0x0000022c                __vector_25
                0x0000022c                __vector_93
                0x0000022c                __vector_61
                0x0000022c                __vector_11
                0x0000022c                __vector_54
                0x0000022c                __vector_99
                0x0000022c                __vector_13
                0x0000022c                __vector_17
                0x0000022c                __vector_19
                0x0000022c                __vector_56
                0x0000022c                __vector_7
                0x0000022c                __vector_49
                0x0000022c                __vector_123
                0x0000022c                __vector_41
                0x0000022c                __vector_86
                0x0000022c                __vector_100
                0x0000022c                __vector_101
                0x0000022c                __vector_64
                0x0000022c                __vector_88
                0x0000022c                __vector_109
                0x0000022c                __vector_43
                0x0000022c                __vector_27
                0x0000022c                __vector_5
                0x0000022c                __vector_113
                0x0000022c                __vector_33
                0x0000022c                __vector_76
                0x0000022c                __vector_115
                0x0000022c                __vector_47
                0x0000022c                __vector_52
                0x0000022c                __vector_37
                0x0000022c                __vector_95
                0x0000022c                __vector_103
                0x0000022c                __vector_96
                0x0000022c                __vector_89
                0x0000022c                __vector_108
                0x0000022c                __vector_4
                0x0000022c                __vector_44
                0x0000022c                __vector_82
                0x0000022c                __vector_106
                0x0000022c                __vector_118
                0x0000022c                __vector_51
                0x0000022c                __vector_9
                0x0000022c                __vector_2
                0x0000022c                __vector_21
                0x0000022c                __vector_15
                0x0000022c                __vector_66
                0x0000022c                __vector_36
                0x0000022c                __vector_79
                0x0000022c                __vector_58
                0x0000022c                __vector_70
                0x0000022c                __vector_83
                0x0000022c                __vector_29
                0x0000022c                __vector_60
                0x0000022c                __vector_121
                0x0000022c                __vector_40
                0x0000022c                __vector_85
                0x0000022c                __vector_94
                0x0000022c                __vector_8
                0x0000022c                __vector_26
                0x0000022c                __vector_48
                0x0000022c                __vector_124
                0x0000022c                __vector_116
                0x0000022c                __vector_112
                0x0000022c                __vector_111
                0x0000022c                __vector_80
                0x0000022c                __vector_14
                0x0000022c                __vector_84
                0x0000022c                __vector_57
                0x0000022c                __vector_53
                0x0000022c                __vector_10
                0x0000022c                __vector_50
                0x0000022c                __vector_16
                0x0000022c                __vector_59
                0x0000022c                __vector_18
                0x0000022c                __vector_97
                0x0000022c                __vector_20
                0x0000022c                __vector_42
                0x0000022c                __vector_87
                0x0000022c                __vector_65
                0x0000022c                __vector_120
                0x0000022e                . = ALIGN (0x2)
 *(.text.*)
 .text.sysclk_init
                0x0000022e       0x20 src/ASF/common/services/clock/xmega/sysclk.o
                0x0000022e                sysclk_init
 .text.sysclk_enable_module
                0x0000024e       0x2c src/ASF/common/services/clock/xmega/sysclk.o
                0x0000024e                sysclk_enable_module
 .text.ioport_configure_port_pin
                0x0000027a       0x4e src/ASF/common/services/ioport/xmega/ioport_compat.o
                0x0000027a                ioport_configure_port_pin
 .text.board_init
                0x000002c8       0xda src/ASF/xmega/boards/xmega_a1_xplained/init.o
                0x000002c8                board_init
 .text.usart_putchar
                0x000003a2       0x10 src/ASF/xmega/drivers/usart/usart.o
                0x000003a2                usart_putchar
 .text.usart_getchar
                0x000003b2        0xc src/ASF/xmega/drivers/usart/usart.o
                0x000003b2                usart_getchar
 .text.usart_set_baudrate
                0x000003be      0x21e src/ASF/xmega/drivers/usart/usart.o
                0x000003be                usart_set_baudrate
 .text.usart_init_rs232
                0x000005dc      0x2c2 src/ASF/xmega/drivers/usart/usart.o
                0x000005dc                usart_init_rs232
 .text.main     0x0000089e       0x7c src/usart_example.o
                0x0000089e                main
 .text.libgcc.div
                0x0000091a       0x44 d:/program files in d/atmel/studio/7.0/toolchain/avr8/avr8-gnu-toolchain/bin/../lib/gcc/avr/5.4.0/avrxmega7\libgcc.a(_udivmodsi4.o)
                0x0000091a                __udivmodsi4
                0x0000095e                . = ALIGN (0x2)
 *(.fini9)
 .fini9         0x0000095e        0x0 d:/program files in d/atmel/studio/7.0/toolchain/avr8/avr8-gnu-toolchain/bin/../lib/gcc/avr/5.4.0/avrxmega7\libgcc.a(_exit.o)
                0x0000095e                _exit
                0x0000095e                exit
 *(.fini9)
 *(.fini8)
 *(.fini8)
 *(.fini7)
 *(.fini7)
 *(.fini6)
 *(.fini6)
 *(.fini5)
 *(.fini5)
 *(.fini4)
 *(.fini4)
 *(.fini3)
 *(.fini3)
 *(.fini2)
 *(.fini2)
 *(.fini1)
 *(.fini1)
 *(.fini0)
 .fini0         0x0000095e        0x4 d:/program files in d/atmel/studio/7.0/toolchain/avr8/avr8-gnu-toolchain/bin/../lib/gcc/avr/5.4.0/avrxmega7\libgcc.a(_exit.o)
 *(.fini0)
                0x00000962                _etext = .

.data           0x00802000       0x1e load address 0x00000962
                0x00802000                PROVIDE (__data_start, .)
 *(.data)
 *(.data*)
 .data.USART_SERIAL_OPTIONS.4688
                0x00802000        0x7 src/usart_example.o
 *(.gnu.linkonce.d*)
 *(.rodata)
 *(.rodata*)
 .rodata.str1.1
                0x00802007       0x17 src/usart_example.o
 *(.gnu.linkonce.r*)
                0x0080201e                . = ALIGN (0x2)
                0x0080201e                _edata = .
                0x0080201e                PROVIDE (__data_end, .)

.bss            0x0080201e        0x0
                [!provide]                PROVIDE (__bss_start, .)
 *(.bss)
 *(.bss*)
 *(COMMON)
                [!provide]                PROVIDE (__bss_end, .)
                0x00000962                __data_load_start = LOADADDR (.data)
                0x00000980                __data_load_end = (__data_load_start + SIZEOF (.data))

.noinit         0x0080201e        0x0
                [!provide]                PROVIDE (__noinit_start, .)
 *(.noinit*)
                [!provide]                PROVIDE (__noinit_end, .)
                0x0080201e                _end = .
                [!provide]                PROVIDE (__heap_start, .)

.eeprom         0x00810000        0x0
 *(.eeprom*)
                0x00810000                __eeprom_end = .

.fuse
 *(.fuse)
 *(.lfuse)
 *(.hfuse)
 *(.efuse)

.lock
 *(.lock*)

.signature
 *(.signature*)

.user_signatures
 *(.user_signatures*)

.stab
 *(.stab)

.stabstr
 *(.stabstr)

.stab.excl
 *(.stab.excl)

.stab.exclstr
 *(.stab.exclstr)

.stab.index
 *(.stab.index)

.stab.indexstr
 *(.stab.indexstr)

.comment        0x00000000       0x30
 *(.comment)
 .comment       0x00000000       0x30 src/ASF/common/services/clock/xmega/sysclk.o
                                 0x31 (size before relaxing)
 .comment       0x00000030       0x31 src/ASF/common/services/ioport/xmega/ioport_compat.o
 .comment       0x00000030       0x31 src/ASF/xmega/boards/xmega_a1_xplained/init.o
 .comment       0x00000030       0x31 src/ASF/xmega/drivers/usart/usart.o
 .comment       0x00000030       0x31 src/usart_example.o

.note.gnu.avr.deviceinfo
                0x00000000       0x40
 .note.gnu.avr.deviceinfo
                0x00000000       0x40 D:/Program Files in D/Atmel/Studio/7.0/Packs/atmel/XMEGAA_DFP/1.1.68/gcc/dev/atxmega128a1/avrxmega7/crtatxmega128a1.o

.note.gnu.build-id
 *(.note.gnu.build-id)

.debug
 *(.debug)

.line
 *(.line)

.debug_srcinfo
 *(.debug_srcinfo)

.debug_sfnames
 *(.debug_sfnames)

.debug_aranges  0x00000000       0xe8
 *(.debug_aranges)
 .debug_aranges
                0x00000000       0x30 src/ASF/common/services/clock/xmega/sysclk.o
 .debug_aranges
                0x00000030       0x20 src/ASF/common/services/ioport/xmega/ioport_compat.o
 .debug_aranges
                0x00000050       0x20 src/ASF/xmega/boards/xmega_a1_xplained/init.o
 .debug_aranges
                0x00000070       0x58 src/ASF/xmega/drivers/usart/usart.o
 .debug_aranges
                0x000000c8       0x20 src/usart_example.o

.debug_pubnames
 *(.debug_pubnames)

.debug_info     0x00000000     0x79b2
 *(.debug_info .gnu.linkonce.wi.*)
 .debug_info    0x00000000     0x354c D:/Program Files in D/Atmel/Studio/7.0/Packs/atmel/XMEGAA_DFP/1.1.68/gcc/dev/atxmega128a1/avrxmega7/crtatxmega128a1.o
 .debug_info    0x0000354c      0x47b src/ASF/common/services/clock/xmega/sysclk.o
 .debug_info    0x000039c7      0x121 src/ASF/common/services/ioport/xmega/ioport_compat.o
 .debug_info    0x00003ae8      0x89d src/ASF/xmega/boards/xmega_a1_xplained/init.o
 .debug_info    0x00004385     0x327e src/ASF/xmega/drivers/usart/usart.o
 .debug_info    0x00007603      0x3af src/usart_example.o

.debug_abbrev   0x00000000     0x3b7b
 *(.debug_abbrev)
 .debug_abbrev  0x00000000     0x327a D:/Program Files in D/Atmel/Studio/7.0/Packs/atmel/XMEGAA_DFP/1.1.68/gcc/dev/atxmega128a1/avrxmega7/crtatxmega128a1.o
 .debug_abbrev  0x0000327a      0x1ea src/ASF/common/services/clock/xmega/sysclk.o
 .debug_abbrev  0x00003464       0x95 src/ASF/common/services/ioport/xmega/ioport_compat.o
 .debug_abbrev  0x000034f9      0x14a src/ASF/xmega/boards/xmega_a1_xplained/init.o
 .debug_abbrev  0x00003643      0x3ce src/ASF/xmega/drivers/usart/usart.o
 .debug_abbrev  0x00003a11      0x16a src/usart_example.o

.debug_line     0x00000000     0x26e0
 *(.debug_line .debug_line.* .debug_line_end)
 .debug_line    0x00000000      0x3a9 D:/Program Files in D/Atmel/Studio/7.0/Packs/atmel/XMEGAA_DFP/1.1.68/gcc/dev/atxmega128a1/avrxmega7/crtatxmega128a1.o
 .debug_line    0x000003a9      0x55b src/ASF/common/services/clock/xmega/sysclk.o
 .debug_line    0x00000904      0x4ae src/ASF/common/services/ioport/xmega/ioport_compat.o
 .debug_line    0x00000db2      0x4d5 src/ASF/xmega/boards/xmega_a1_xplained/init.o
 .debug_line    0x00001287      0xd66 src/ASF/xmega/drivers/usart/usart.o
 .debug_line    0x00001fed      0x6f3 src/usart_example.o

.debug_frame    0x00000000      0x230
 *(.debug_frame)
 .debug_frame   0x00000000       0x64 src/ASF/common/services/clock/xmega/sysclk.o
 .debug_frame   0x00000064       0x30 src/ASF/common/services/ioport/xmega/ioport_compat.o
 .debug_frame   0x00000094       0x24 src/ASF/xmega/boards/xmega_a1_xplained/init.o
 .debug_frame   0x000000b8      0x144 src/ASF/xmega/drivers/usart/usart.o
 .debug_frame   0x000001fc       0x34 src/usart_example.o

.debug_str      0x00000000    0x2b4e9
 *(.debug_str)
 .debug_str     0x00000000     0x23b9 D:/Program Files in D/Atmel/Studio/7.0/Packs/atmel/XMEGAA_DFP/1.1.68/gcc/dev/atxmega128a1/avrxmega7/crtatxmega128a1.o
 .debug_str     0x000023b9    0x2748a src/ASF/common/services/clock/xmega/sysclk.o
                              0x27c77 (size before relaxing)
 .debug_str     0x00029843      0x6c9 src/ASF/common/services/ioport/xmega/ioport_compat.o
                              0x264e7 (size before relaxing)
 .debug_str     0x00029f0c      0x1f1 src/ASF/xmega/boards/xmega_a1_xplained/init.o
                              0x2777f (size before relaxing)
 .debug_str     0x0002a0fd      0xe76 src/ASF/xmega/drivers/usart/usart.o
                              0x29298 (size before relaxing)
 .debug_str     0x0002af73      0x576 src/usart_example.o
                              0x287ca (size before relaxing)

.debug_loc      0x00000000     0x1412
 *(.debug_loc)
 .debug_loc     0x00000000      0x20d src/ASF/common/services/clock/xmega/sysclk.o
 .debug_loc     0x0000020d       0x66 src/ASF/common/services/ioport/xmega/ioport_compat.o
 .debug_loc     0x00000273      0x2ea src/ASF/xmega/boards/xmega_a1_xplained/init.o
 .debug_loc     0x0000055d      0xe31 src/ASF/xmega/drivers/usart/usart.o
 .debug_loc     0x0000138e       0x84 src/usart_example.o

.debug_macinfo
 *(.debug_macinfo)

.debug_weaknames
 *(.debug_weaknames)

.debug_funcnames
 *(.debug_funcnames)

.debug_typenames
 *(.debug_typenames)

.debug_varnames
 *(.debug_varnames)

.debug_pubtypes
 *(.debug_pubtypes)

.debug_ranges   0x00000000       0xd0
 *(.debug_ranges)
 .debug_ranges  0x00000000       0x20 src/ASF/common/services/clock/xmega/sysclk.o
 .debug_ranges  0x00000020       0x10 src/ASF/common/services/ioport/xmega/ioport_compat.o
 .debug_ranges  0x00000030       0x10 src/ASF/xmega/boards/xmega_a1_xplained/init.o
 .debug_ranges  0x00000040       0x80 src/ASF/xmega/drivers/usart/usart.o
 .debug_ranges  0x000000c0       0x10 src/usart_example.o

.debug_macro    0x00000000     0x9561
 *(.debug_macro)
 .debug_macro   0x00000000      0x1d3 src/ASF/common/services/clock/xmega/sysclk.o
 .debug_macro   0x000001d3      0xa90 src/ASF/common/services/clock/xmega/sysclk.o
 .debug_macro   0x00000c63       0x10 src/ASF/common/services/clock/xmega/sysclk.o
 .debug_macro   0x00000c73      0x1c9 src/ASF/common/services/clock/xmega/sysclk.o
 .debug_macro   0x00000e3c      0x2fc src/ASF/common/services/clock/xmega/sysclk.o
 .debug_macro   0x00001138       0x9e src/ASF/common/services/clock/xmega/sysclk.o
 .debug_macro   0x000011d6     0x53c9 src/ASF/common/services/clock/xmega/sysclk.o
 .debug_macro   0x0000659f       0x9a src/ASF/common/services/clock/xmega/sysclk.o
 .debug_macro   0x00006639       0xf1 src/ASF/common/services/clock/xmega/sysclk.o
 .debug_macro   0x0000672a       0x34 src/ASF/common/services/clock/xmega/sysclk.o
 .debug_macro   0x0000675e       0x16 src/ASF/common/services/clock/xmega/sysclk.o
 .debug_macro   0x00006774       0x18 src/ASF/common/services/clock/xmega/sysclk.o
 .debug_macro   0x0000678c       0x5e src/ASF/common/services/clock/xmega/sysclk.o
 .debug_macro   0x000067ea       0x10 src/ASF/common/services/clock/xmega/sysclk.o
 .debug_macro   0x000067fa       0x22 src/ASF/common/services/clock/xmega/sysclk.o
 .debug_macro   0x0000681c      0x16d src/ASF/common/services/clock/xmega/sysclk.o
 .debug_macro   0x00006989       0x1c src/ASF/common/services/clock/xmega/sysclk.o
 .debug_macro   0x000069a5       0x35 src/ASF/common/services/clock/xmega/sysclk.o
 .debug_macro   0x000069da       0x66 src/ASF/common/services/clock/xmega/sysclk.o
 .debug_macro   0x00006a40      0x6d7 src/ASF/common/services/clock/xmega/sysclk.o
 .debug_macro   0x00007117       0x96 src/ASF/common/services/clock/xmega/sysclk.o
 .debug_macro   0x000071ad       0x17 src/ASF/common/services/clock/xmega/sysclk.o
 .debug_macro   0x000071c4      0x250 src/ASF/common/services/clock/xmega/sysclk.o
 .debug_macro   0x00007414       0x76 src/ASF/common/services/clock/xmega/sysclk.o
 .debug_macro   0x0000748a       0x16 src/ASF/common/services/clock/xmega/sysclk.o
 .debug_macro   0x000074a0      0x6d9 src/ASF/common/services/clock/xmega/sysclk.o
 .debug_macro   0x00007b79       0x10 src/ASF/common/services/clock/xmega/sysclk.o
 .debug_macro   0x00007b89      0x175 src/ASF/common/services/clock/xmega/sysclk.o
 .debug_macro   0x00007cfe       0x40 src/ASF/common/services/clock/xmega/sysclk.o
 .debug_macro   0x00007d3e       0x69 src/ASF/common/services/clock/xmega/sysclk.o
 .debug_macro   0x00007da7       0x31 src/ASF/common/services/clock/xmega/sysclk.o
 .debug_macro   0x00007dd8       0xe4 src/ASF/common/services/clock/xmega/sysclk.o
 .debug_macro   0x00007ebc      0x2c3 src/ASF/common/services/clock/xmega/sysclk.o
 .debug_macro   0x0000817f      0x177 src/ASF/common/services/clock/xmega/sysclk.o
 .debug_macro   0x000082f6       0x80 src/ASF/common/services/clock/xmega/sysclk.o
 .debug_macro   0x00008376       0x2f src/ASF/common/services/clock/xmega/sysclk.o
 .debug_macro   0x000083a5      0x154 src/ASF/common/services/clock/xmega/sysclk.o
 .debug_macro   0x000084f9      0x193 src/ASF/common/services/ioport/xmega/ioport_compat.o
 .debug_macro   0x0000868c       0x9a src/ASF/common/services/ioport/xmega/ioport_compat.o
 .debug_macro   0x00008726      0x102 src/ASF/common/services/ioport/xmega/ioport_compat.o
 .debug_macro   0x00008828      0x1b5 src/ASF/xmega/boards/xmega_a1_xplained/init.o
 .debug_macro   0x000089dd       0x10 src/ASF/xmega/boards/xmega_a1_xplained/init.o
 .debug_macro   0x000089ed      0x2bd src/ASF/xmega/boards/xmega_a1_xplained/init.o
 .debug_macro   0x00008caa      0x222 src/ASF/xmega/drivers/usart/usart.o
 .debug_macro   0x00008ecc      0x302 src/ASF/xmega/drivers/usart/usart.o
 .debug_macro   0x000091ce       0x34 src/ASF/xmega/drivers/usart/usart.o
 .debug_macro   0x00009202      0x273 src/usart_example.o
 .debug_macro   0x00009475       0x22 src/usart_example.o
 .debug_macro   0x00009497       0x34 src/usart_example.o
 .debug_macro   0x000094cb       0x40 src/usart_example.o
 .debug_macro   0x0000950b       0x3a src/usart_example.o
 .debug_macro   0x00009545       0x1c src/usart_example.o
OUTPUT(USART_EXAMPLE1.elf elf32-avr)
LOAD linker stubs

.BOOT           0x00020000        0x0
