Archive member included to satisfy reference by file (symbol)

d:/program files in d/atmel/studio/7.0/toolchain/avr8/avr8-gnu-toolchain/bin/../lib/gcc/avr/5.4.0/../../../../avr/lib/avrxmega7\libm.a(addsf3.o)
                              src/ASF/common/services/sensors/drivers/akm/ak8975.o (__subsf3)
d:/program files in d/atmel/studio/7.0/toolchain/avr8/avr8-gnu-toolchain/bin/../lib/gcc/avr/5.4.0/../../../../avr/lib/avrxmega7\libm.a(addsf3x.o)
                              d:/program files in d/atmel/studio/7.0/toolchain/avr8/avr8-gnu-toolchain/bin/../lib/gcc/avr/5.4.0/../../../../avr/lib/avrxmega7\libm.a(addsf3.o) (__addsf3x)
d:/program files in d/atmel/studio/7.0/toolchain/avr8/avr8-gnu-toolchain/bin/../lib/gcc/avr/5.4.0/../../../../avr/lib/avrxmega7\libm.a(asin.o)
                              src/ASF/common/services/sensors/physics/physics.o (asin)
d:/program files in d/atmel/studio/7.0/toolchain/avr8/avr8-gnu-toolchain/bin/../lib/gcc/avr/5.4.0/../../../../avr/lib/avrxmega7\libm.a(atan2.o)
                              src/ASF/common/services/sensors/physics/physics.o (atan2)
d:/program files in d/atmel/studio/7.0/toolchain/avr8/avr8-gnu-toolchain/bin/../lib/gcc/avr/5.4.0/../../../../avr/lib/avrxmega7\libm.a(atan.o)
                              d:/program files in d/atmel/studio/7.0/toolchain/avr8/avr8-gnu-toolchain/bin/../lib/gcc/avr/5.4.0/../../../../avr/lib/avrxmega7\libm.a(atan2.o) (atan)
d:/program files in d/atmel/studio/7.0/toolchain/avr8/avr8-gnu-toolchain/bin/../lib/gcc/avr/5.4.0/../../../../avr/lib/avrxmega7\libm.a(cmpsf2.o)
                              src/ASF/common/services/sensors/physics/physics.o (__eqsf2)
d:/program files in d/atmel/studio/7.0/toolchain/avr8/avr8-gnu-toolchain/bin/../lib/gcc/avr/5.4.0/../../../../avr/lib/avrxmega7\libm.a(divsf3.o)
                              src/ASF/common/services/sensors/drivers/bosch/bmp.o (__divsf3)
d:/program files in d/atmel/studio/7.0/toolchain/avr8/avr8-gnu-toolchain/bin/../lib/gcc/avr/5.4.0/../../../../avr/lib/avrxmega7\libm.a(divsf3x.o)
                              d:/program files in d/atmel/studio/7.0/toolchain/avr8/avr8-gnu-toolchain/bin/../lib/gcc/avr/5.4.0/../../../../avr/lib/avrxmega7\libm.a(divsf3.o) (__divsf3x)
d:/program files in d/atmel/studio/7.0/toolchain/avr8/avr8-gnu-toolchain/bin/../lib/gcc/avr/5.4.0/../../../../avr/lib/avrxmega7\libm.a(fixsfdi.o)
                              src/ASF/common/services/sensors/drivers/bosch/bmp.o (__fixunssfdi)
d:/program files in d/atmel/studio/7.0/toolchain/avr8/avr8-gnu-toolchain/bin/../lib/gcc/avr/5.4.0/../../../../avr/lib/avrxmega7\libm.a(fixsfsi.o)
                              src/ASF/common/services/sensors/drivers/akm/ak8975.o (__fixsfsi)
d:/program files in d/atmel/studio/7.0/toolchain/avr8/avr8-gnu-toolchain/bin/../lib/gcc/avr/5.4.0/../../../../avr/lib/avrxmega7\libm.a(fixunssfsi.o)
                              d:/program files in d/atmel/studio/7.0/toolchain/avr8/avr8-gnu-toolchain/bin/../lib/gcc/avr/5.4.0/../../../../avr/lib/avrxmega7\libm.a(fixsfsi.o) (__fixunssfsi)
d:/program files in d/atmel/studio/7.0/toolchain/avr8/avr8-gnu-toolchain/bin/../lib/gcc/avr/5.4.0/../../../../avr/lib/avrxmega7\libm.a(floatsisf.o)
                              src/ASF/common/services/sensors/drivers/akm/ak8975.o (__floatsisf)
d:/program files in d/atmel/studio/7.0/toolchain/avr8/avr8-gnu-toolchain/bin/../lib/gcc/avr/5.4.0/../../../../avr/lib/avrxmega7\libm.a(floatundisf.o)
                              src/ASF/common/services/sensors/drivers/bosch/bmp.o (__floatundisf)
d:/program files in d/atmel/studio/7.0/toolchain/avr8/avr8-gnu-toolchain/bin/../lib/gcc/avr/5.4.0/../../../../avr/lib/avrxmega7\libm.a(fp_arccos.o)
                              d:/program files in d/atmel/studio/7.0/toolchain/avr8/avr8-gnu-toolchain/bin/../lib/gcc/avr/5.4.0/../../../../avr/lib/avrxmega7\libm.a(asin.o) (__fp_arccos)
d:/program files in d/atmel/studio/7.0/toolchain/avr8/avr8-gnu-toolchain/bin/../lib/gcc/avr/5.4.0/../../../../avr/lib/avrxmega7\libm.a(fp_cmp.o)
                              d:/program files in d/atmel/studio/7.0/toolchain/avr8/avr8-gnu-toolchain/bin/../lib/gcc/avr/5.4.0/../../../../avr/lib/avrxmega7\libm.a(cmpsf2.o) (__fp_cmp)
d:/program files in d/atmel/studio/7.0/toolchain/avr8/avr8-gnu-toolchain/bin/../lib/gcc/avr/5.4.0/../../../../avr/lib/avrxmega7\libm.a(fp_inf.o)
                              d:/program files in d/atmel/studio/7.0/toolchain/avr8/avr8-gnu-toolchain/bin/../lib/gcc/avr/5.4.0/../../../../avr/lib/avrxmega7\libm.a(addsf3x.o) (__fp_inf)
d:/program files in d/atmel/studio/7.0/toolchain/avr8/avr8-gnu-toolchain/bin/../lib/gcc/avr/5.4.0/../../../../avr/lib/avrxmega7\libm.a(fp_nan.o)
                              d:/program files in d/atmel/studio/7.0/toolchain/avr8/avr8-gnu-toolchain/bin/../lib/gcc/avr/5.4.0/../../../../avr/lib/avrxmega7\libm.a(addsf3x.o) (__fp_nan)
[...]
Memory Configuration

Name             Origin             Length             Attributes
text             0x00000000         0x00100000         xr
data             0x00802000         0x0000ffa0         rw !x
eeprom           0x00810000         0x00010000         rw !x
fuse             0x00820000         0x00000006         rw !x
lock             0x00830000         0x00000400         rw !x
signature        0x00840000         0x00000400         rw !x
user_signatures  0x00850000         0x00000400         rw !x
*default*        0x00000000         0xffffffff

Linker script and memory map

LOAD D:/Program Files in D/Atmel/Studio/7.0/Packs/atmel/XMEGAA_DFP/1.1.68/gcc/dev/atxmega128a1/avrxmega7/crtatxmega128a1.o
LOAD src/ASF/common/boards/sensors_xplained/sensors_xplained.o
LOAD src/ASF/common/services/clock/xmega/sysclk.o
LOAD src/ASF/common/services/ioport/xmega/ioport_compat.o
LOAD src/ASF/common/services/sensors/drivers/akm/ak8975.o
LOAD src/ASF/common/services/sensors/drivers/bosch/bma020.o
LOAD src/ASF/common/services/sensors/drivers/bosch/bma150.o
LOAD src/ASF/common/services/sensors/drivers/bosch/bma180.o
LOAD src/ASF/common/services/sensors/drivers/bosch/bma220.o
LOAD src/ASF/common/services/sensors/drivers/bosch/bma222.o
LOAD src/ASF/common/services/sensors/drivers/bosch/bma250.o
LOAD src/ASF/common/services/sensors/drivers/bosch/bma_axis.inc.o
LOAD src/ASF/common/services/sensors/drivers/bosch/bmp.o
LOAD src/ASF/common/services/sensors/drivers/honeywell/hmc5883l.o
LOAD src/ASF/common/services/sensors/drivers/invensense/imu3000.o
LOAD src/ASF/common/services/sensors/drivers/invensense/itg3200.o
LOAD src/ASF/common/services/sensors/drivers/kionix/kxtf9.o
LOAD src/ASF/common/services/sensors/drivers/osram/sfh5712.o
LOAD src/ASF/common/services/sensors/drivers/osram/sfh7770.o
LOAD src/ASF/common/services/sensors/physics/physics.o
LOAD src/ASF/common/services/sensors/sensor.o
LOAD src/ASF/common/services/sensors/sensor_bus.o
LOAD src/ASF/common/services/sensors/sensor_nvram.o
LOAD src/ASF/common/services/sensors/sensor_platform.o
LOAD src/ASF/common/services/serial/usart_serial.o
LOAD src/ASF/common/utils/stdio/read.o
LOAD src/ASF/common/utils/stdio/write.o
LOAD src/ASF/xmega/boards/xmega_a1_xplained/init.o
LOAD src/ASF/xmega/drivers/cpu/ccp.o
LOAD src/ASF/xmega/drivers/nvm/nvm.o
LOAD src/ASF/xmega/drivers/nvm/nvm_asm.o
LOAD src/ASF/xmega/drivers/twi/twim.o
LOAD src/ASF/xmega/drivers/twi/twis.o
LOAD src/ASF/xmega/drivers/usart/usart.o
LOAD src/main.o
START GROUP
LOAD d:/program files in d/atmel/studio/7.0/toolchain/avr8/avr8-gnu-toolchain/bin/../lib/gcc/avr/5.4.0/../../../../avr/lib/avrxmega7\libm.a
END GROUP
Address of section .BOOT set to 0x20000
LOAD d:/program files in d/atmel/studio/7.0/toolchain/avr8/avr8-gnu-toolchain/bin/../lib/gcc/avr/5.4.0/../../../../avr/lib/avrxmega7\libprintf_flt.a
START GROUP
LOAD d:/program files in d/atmel/studio/7.0/toolchain/avr8/avr8-gnu-toolchain/bin/../lib/gcc/avr/5.4.0/avrxmega7\libgcc.a
LOAD d:/program files in d/atmel/studio/7.0/toolchain/avr8/avr8-gnu-toolchain/bin/../lib/gcc/avr/5.4.0/../../../../avr/lib/avrxmega7\libm.a
LOAD d:/program files in d/atmel/studio/7.0/toolchain/avr8/avr8-gnu-toolchain/bin/../lib/gcc/avr/5.4.0/../../../../avr/lib/avrxmega7\libc.a
LOAD D:/Program Files in D/Atmel/Studio/7.0/Packs/atmel/XMEGAA_DFP/1.1.68/gcc/dev/atxmega128a1/avrxmega7\libatxmega128a1.a
END GROUP
                0x00100000                __TEXT_REGION_LENGTH__ = DEFINED (__TEXT_REGION_LENGTH__)?__TEXT_REGION_LENGTH__:0x100000
                0x0000ffa0                __DATA_REGION_LENGTH__ = DEFINED (__DATA_REGION_LENGTH__)?__DATA_REGION_LENGTH__:0xffa0
                0x00010000                __EEPROM_REGION_LENGTH__ = DEFINED (__EEPROM_REGION_LENGTH__)?__EEPROM_REGION_LENGTH__:0x10000
                [0x00000006]                __FUSE_REGION_LENGTH__ = DEFINED (__FUSE_REGION_LENGTH__)?__FUSE_REGION_LENGTH__:0x400
                0x00000400                __LOCK_REGION_LENGTH__ = DEFINED (__LOCK_REGION_LENGTH__)?__LOCK_REGION_LENGTH__:0x400
                0x00000400                __SIGNATURE_REGION_LENGTH__ = DEFINED (__SIGNATURE_REGION_LENGTH__)?__SIGNATURE_REGION_LENGTH__:0x400
                0x00000400                __USER_SIGNATURE_REGION_LENGTH__ = DEFINED (__USER_SIGNATURE_REGION_LENGTH__)?__USER_SIGNATURE_REGION_LENGTH__:0x400

.hash
 *(.hash)

.dynsym
 *(.dynsym)

.dynstr
 *(.dynstr)

.gnu.version
 *(.gnu.version)

.gnu.version_d
 *(.gnu.version_d)

.gnu.version_r
 *(.gnu.version_r)

.rel.init
 *(.rel.init)

.rela.init
 *(.rela.init)

.rel.text
 *(.rel.text)
 *(.rel.text.*)
 *(.rel.gnu.linkonce.t*)

.rela.text
 *(.rela.text)
 *(.rela.text.*)
 *(.rela.gnu.linkonce.t*)

.rel.fini
 *(.rel.fini)

.rela.fini
 *(.rela.fini)

.rel.rodata
 *(.rel.rodata)
 *(.rel.rodata.*)
 *(.rel.gnu.linkonce.r*)

.rela.rodata
 *(.rela.rodata)
 *(.rela.rodata.*)
 *(.rela.gnu.linkonce.r*)

.rel.data
 *(.rel.data)
 *(.rel.data.*)
 *(.rel.gnu.linkonce.d*)

.rela.data
 *(.rela.data)
 *(.rela.data.*)
 *(.rela.gnu.linkonce.d*)

.rel.ctors
 *(.rel.ctors)

.rela.ctors
 *(.rela.ctors)

.rel.dtors
 *(.rel.dtors)

.rela.dtors
 *(.rela.dtors)

.rel.got
 *(.rel.got)

.rela.got
 *(.rela.got)

.rel.bss
 *(.rel.bss)

.rela.bss
 *(.rela.bss)

.rel.plt
 *(.rel.plt)

.rela.plt
 *(.rela.plt)

.text           0x00000000     0x371e
 *(.vectors)
 .vectors       0x00000000      0x1f4 D:/Program Files in D/Atmel/Studio/7.0/Packs/atmel/XMEGAA_DFP/1.1.68/gcc/dev/atxmega128a1/avrxmega7/crtatxmega128a1.o
                0x00000000                __vector_default
                0x00000000                __vectors
 *(.vectors)
 *(.progmem.gcc*)
 .progmem.gcc_sw_table.sfh7770_ioctl
                0x000001f4       0x1c src/ASF/common/services/sensors/drivers/osram/sfh7770.o
                0x00000210                . = ALIGN (0x2)
                0x00000210                __trampolines_start = .
 *(.trampolines)
 .trampolines   0x00000210        0x0 linker stubs
 *(.trampolines*)
                0x00000210                __trampolines_end = .
 *libprintf_flt.a:*(.progmem.data)
 .progmem.data  0x00000210        0x8 d:/program files in d/atmel/studio/7.0/toolchain/avr8/avr8-gnu-toolchain/bin/../lib/gcc/avr/5.4.0/../../../../avr/lib/avrxmega7\libprintf_flt.a(vfprintf_flt.o)
 *libc.a:*(.progmem.data)
 .progmem.data  0x00000218       0xfa d:/program files in d/atmel/studio/7.0/toolchain/avr8/avr8-gnu-toolchain/bin/../lib/gcc/avr/5.4.0/../../../../avr/lib/avrxmega7\libc.a(ftoa_engine.o)
 *(.progmem*)
                0x00000312                . = ALIGN (0x2)
 *(.jumptables)
 *(.jumptables*)
 *(.lowtext)
 *(.lowtext*)
                0x00000312                __ctors_start = .
 *(.ctors)
                0x00000312                __ctors_end = .
                0x00000312                __dtors_start = .
 *(.dtors)
                0x00000312                __dtors_end = .
 SORT(*)(.ctors)
 SORT(*)(.dtors)
 *(.init0)
 .init0         0x00000312        0x0 D:/Program Files in D/Atmel/Studio/7.0/Packs/atmel/XMEGAA_DFP/1.1.68/gcc/dev/atxmega128a1/avrxmega7/crtatxmega128a1.o
                0x00000312                __init
 *(.init0)
 *(.init1)
 *(.init1)
 *(.init2)
 .init2         0x00000312       0x18 D:/Program Files in D/Atmel/Studio/7.0/Packs/atmel/XMEGAA_DFP/1.1.68/gcc/dev/atxmega128a1/avrxmega7/crtatxmega128a1.o
 *(.init2)
 *(.init3)
 *(.init3)
 *(.init4)
 .init4         0x0000032a       0x1c d:/program files in d/atmel/studio/7.0/toolchain/avr8/avr8-gnu-toolchain/bin/../lib/gcc/avr/5.4.0/avrxmega7\libgcc.a(_copy_data.o)
                0x0000032a                __do_copy_data
 .init4         0x00000346       0x10 d:/program files in d/atmel/studio/7.0/toolchain/avr8/avr8-gnu-toolchain/bin/../lib/gcc/avr/5.4.0/avrxmega7\libgcc.a(_clear_bss.o)
                0x00000346                __do_clear_bss
 *(.init4)
 *(.init5)
 *(.init5)
 *(.init6)
 *(.init6)
 *(.init7)
 *(.init7)
 *(.init8)
 *(.init8)
 *(.init9)
 .init9         0x00000356        0x8 D:/Program Files in D/Atmel/Studio/7.0/Packs/atmel/XMEGAA_DFP/1.1.68/gcc/dev/atxmega128a1/avrxmega7/crtatxmega128a1.o
 *(.init9)
 *(.text)
 .text          0x0000035e        0x2 D:/Program Files in D/Atmel/Studio/7.0/Packs/atmel/XMEGAA_DFP/1.1.68/gcc/dev/atxmega128a1/avrxmega7/crtatxmega128a1.o
                0x0000035e                __vector_38
                0x0000035e                __vector_22
                0x0000035e                __vector_63
                0x0000035e                __vector_28
                0x0000035e                __vector_67
                0x0000035e                __vector_1
                0x0000035e                __vector_119
                0x0000035e                __vector_32
                0x0000035e                __vector_75
                0x0000035e                __vector_71
                0x0000035e                __vector_91
                0x0000035e                __vector_34
                0x0000035e                __vector_62
                0x0000035e                __vector_77
                0x0000035e                __vector_102
                0x0000035e                __vector_24
                0x0000035e                __vector_12
                0x0000035e                __vector_55
                0x0000035e                __vector_69
                0x0000035e                __vector_81
                0x0000035e                __vector_90
                0x0000035e                __bad_interrupt
                0x0000035e                __vector_122
                0x0000035e                __vector_72
                0x0000035e                __vector_114
                0x0000035e                __vector_6
                0x0000035e                __vector_110
                0x0000035e                __vector_31
                0x0000035e                __vector_92
                0x0000035e                __vector_35
                0x0000035e                __vector_78
                0x0000035e                __vector_74
                0x0000035e                __vector_117
                0x0000035e                __vector_39
                0x0000035e                __vector_3
                0x0000035e                __vector_105
                0x0000035e                __vector_98
                0x0000035e                __vector_23
                0x0000035e                __vector_68
                0x0000035e                __vector_30
                0x0000035e                __vector_73
                0x0000035e                __vector_45
                0x0000035e                __vector_25
                0x0000035e                __vector_93
                0x0000035e                __vector_61
                0x0000035e                __vector_11
                0x0000035e                __vector_54
                0x0000035e                __vector_99
                0x0000035e                __vector_17
                0x0000035e                __vector_19
                0x0000035e                __vector_56
                0x0000035e                __vector_7
                0x0000035e                __vector_49
                0x0000035e                __vector_123
                0x0000035e                __vector_41
                0x0000035e                __vector_86
                0x0000035e                __vector_100
                0x0000035e                __vector_101
                0x0000035e                __vector_64
                0x0000035e                __vector_88
                0x0000035e                __vector_109
                0x0000035e                __vector_43
                0x0000035e                __vector_27
                0x0000035e                __vector_5
                0x0000035e                __vector_113
                0x0000035e                __vector_33
                0x0000035e                __vector_115
                0x0000035e                __vector_47
                0x0000035e                __vector_52
                0x0000035e                __vector_37
                0x0000035e                __vector_95
                0x0000035e                __vector_103
                0x0000035e                __vector_96
                0x0000035e                __vector_89
                0x0000035e                __vector_108
                0x0000035e                __vector_4
                0x0000035e                __vector_44
                0x0000035e                __vector_82
                0x0000035e                __vector_106
                0x0000035e                __vector_118
                0x0000035e                __vector_51
                0x0000035e                __vector_9
                0x0000035e                __vector_2
                0x0000035e                __vector_21
                0x0000035e                __vector_15
                0x0000035e                __vector_66
                0x0000035e                __vector_36
                0x0000035e                __vector_79
                0x0000035e                __vector_58
                0x0000035e                __vector_70
                0x0000035e                __vector_83
                0x0000035e                __vector_29
                0x0000035e                __vector_60
                0x0000035e                __vector_121
                0x0000035e                __vector_40
                0x0000035e                __vector_85
                0x0000035e                __vector_94
                0x0000035e                __vector_8
                0x0000035e                __vector_26
                0x0000035e                __vector_48
                0x0000035e                __vector_124
                0x0000035e                __vector_116
                0x0000035e                __vector_112
                0x0000035e                __vector_111
                0x0000035e                __vector_80
                0x0000035e                __vector_14
                0x0000035e                __vector_84
                0x0000035e                __vector_57
                0x0000035e                __vector_53
                0x0000035e                __vector_10
                0x0000035e                __vector_50
                0x0000035e                __vector_16
                0x0000035e                __vector_59
                0x0000035e                __vector_18
                0x0000035e                __vector_97
                0x0000035e                __vector_20
                0x0000035e                __vector_42
                0x0000035e                __vector_87
                0x0000035e                __vector_65
                0x0000035e                __vector_120
                0x00000360                . = ALIGN (0x2)
 *(.text.*)
 .text.__vector_104
                0x00000360       0xc6 src/ASF/common/boards/sensors_xplained/sensors_xplained.o
                0x00000360                __vector_104
 .text.sensor_board_irq_connect
                0x00000426      0x100 src/ASF/common/boards/sensors_xplained/sensors_xplained.o
                0x00000426                sensor_board_irq_connect
 .text.sensor_board_init
                0x00000526       0x18 src/ASF/common/boards/sensors_xplained/sensors_xplained.o
                0x00000526                sensor_board_init
 .text.sysclk_init
                0x0000053e       0xa4 src/ASF/common/services/clock/xmega/sysclk.o
                0x0000053e                sysclk_init
 .text.sysclk_enable_module
                0x000005e2       0x2c src/ASF/common/services/clock/xmega/sysclk.o
                0x000005e2                sysclk_enable_module
 .text.ioport_configure_port_pin
                0x0000060e       0x4e src/ASF/common/services/ioport/xmega/ioport_compat.o
                0x0000060e                ioport_configure_port_pin
 .text.sfh7770_event
                0x0000065c      0x128 src/ASF/common/services/sensors/drivers/osram/sfh7770.o
 .text.sfh7770_read
                0x00000784      0x16c src/ASF/common/services/sensors/drivers/osram/sfh7770.o
 .text.sfh7770_isr
                0x000008f0      0x1bc src/ASF/common/services/sensors/drivers/osram/sfh7770.o
 .text.sfh7770_ioctl
                0x00000aac      0x456 src/ASF/common/services/sensors/drivers/osram/sfh7770.o
 .text.sfh7770_calibrate
                0x00000f02      0x108 src/ASF/common/services/sensors/drivers/osram/sfh7770.o
 .text.sfh7770_init
                0x0000100a      0x16a src/ASF/common/services/sensors/drivers/osram/sfh7770.o
                0x0000100a                sfh7770_init
 .text.default_event_handler
                0x00001174        0x2 src/ASF/common/services/sensors/sensor.o
                0x00001174                default_event_handler
 .text.sensor_attach
                0x00001176       0x66 src/ASF/common/services/sensors/sensor.o
                0x00001176                sensor_attach
 .text.sensor_read
                0x000011dc       0x48 src/ASF/common/services/sensors/sensor.o
                0x000011dc                sensor_read
 .text.sensor_device_id
                0x00001224       0x54 src/ASF/common/services/sensors/sensor.o
                0x00001224                sensor_device_id
 .text.sensor_set_threshold
                0x00001278       0x48 src/ASF/common/services/sensors/sensor.o
                0x00001278                sensor_set_threshold
 .text.sensor_ioctl
                0x000012c0      0x252 src/ASF/common/services/sensors/sensor.o
                0x000012c0                sensor_ioctl
 .text.bus_init
                0x00001512      0x32a src/ASF/common/services/sensors/sensor_bus.o
                0x00001512                bus_init
 .text.bus_read
                0x0000183c       0x82 src/ASF/common/services/sensors/sensor_bus.o
                0x0000183c                bus_read
 .text.bus_write
                0x000018be       0x82 src/ASF/common/services/sensors/sensor_bus.o
                0x000018be                bus_write
 .text.nvram_write
                0x00001940       0x2a src/ASF/common/services/sensors/sensor_nvram.o
                0x00001940                nvram_write
 .text.nvram_read
                0x0000196a       0x24 src/ASF/common/services/sensors/sensor_nvram.o
                0x0000196a                nvram_read
 .text.__portable_avr_delay_cycles
                0x0000198e       0x16 src/ASF/common/services/sensors/sensor_platform.o
 .text.usart_serial_getchar
                0x000019a4       0x10 src/ASF/common/services/sensors/sensor_platform.o
 .text.usart_serial_putchar
                0x000019b4        0x4 src/ASF/common/services/sensors/sensor_platform.o
 .text.sensor_timestamp
                0x000019b8        0x8 src/ASF/common/services/sensors/sensor_platform.o
                0x000019b8                sensor_timestamp
 .text.sensor_irq_connect
                0x000019c0        0x6 src/ASF/common/services/sensors/sensor_platform.o
                0x000019c0                sensor_irq_connect
 .text.sensor_find
                0x000019c6       0x1e src/ASF/common/services/sensors/sensor_platform.o
                0x000019c6                sensor_find
 .text.sensor_platform_init
                0x000019e4       0x9c src/ASF/common/services/sensors/sensor_platform.o
                0x000019e4                sensor_platform_init
 .text._read    0x00001a80       0x32 src/ASF/common/utils/stdio/read.o
                0x00001a80                _read
 .text._write   0x00001ab2       0x24 src/ASF/common/utils/stdio/write.o
                0x00001ab2                _write
 .text.board_init
                0x00001ad6      0x11e src/ASF/xmega/boards/xmega_a1_xplained/init.o
                0x00001ad6                board_init
 .text.ccp_write_io
                0x00001bf4        0xc src/ASF/xmega/drivers/cpu/ccp.o
                0x00001bf4                ccp_write_io
 .text.nvm_user_sig_read_buffer
                0x00001c00       0x3a src/ASF/xmega/drivers/nvm/nvm.o
                0x00001c00                nvm_user_sig_read_buffer
 .text.nvm_user_sig_write_buffer
                0x00001c3a      0x14a src/ASF/xmega/drivers/nvm/nvm.o
                0x00001c3a                nvm_user_sig_write_buffer
 .text.nvm_read_byte
                0x00001d84       0x14 src/ASF/xmega/drivers/nvm/nvm_asm.o
                0x00001d84                nvm_read_byte
 .text.twim_interrupt_handler
                0x00001d98      0x12e src/ASF/xmega/drivers/twi/twim.o
 .text.__vector_13
                0x00001ec6       0x64 src/ASF/xmega/drivers/twi/twim.o
                0x00001ec6                __vector_13
 .text.__vector_76
                0x00001f2a       0x64 src/ASF/xmega/drivers/twi/twim.o
                0x00001f2a                __vector_76
 .text.__vector_46
                0x00001f8e       0x64 src/ASF/xmega/drivers/twi/twim.o
                0x00001f8e                __vector_46
 .text.__vector_107
                0x00001ff2       0x64 src/ASF/xmega/drivers/twi/twim.o
                0x00001ff2                __vector_107
 .text.twi_master_init
                0x00002056       0x2a src/ASF/xmega/drivers/twi/twim.o
                0x00002056                twi_master_init
 .text.twi_master_transfer
                0x00002080       0xc8 src/ASF/xmega/drivers/twi/twim.o
                0x00002080                twi_master_transfer
 .text.usart_putchar
                0x00002148       0x10 src/ASF/xmega/drivers/usart/usart.o
                0x00002148                usart_putchar
 .text.usart_getchar
                0x00002158        0xc src/ASF/xmega/drivers/usart/usart.o
                0x00002158                usart_getchar
 .text.usart_set_baudrate
                0x00002164      0x21e src/ASF/xmega/drivers/usart/usart.o
                0x00002164                usart_set_baudrate
 .text.usart_init_rs232
                0x00002382      0x310 src/ASF/xmega/drivers/usart/usart.o
                0x00002382                usart_init_rs232
 .text.__portable_avr_delay_cycles
                0x00002692       0x16 src/main.o
 .text.main     0x000026a8      0x24e src/main.o
                0x000026a8                main
 .text.avr-libc
                0x000028f6      0x706 d:/program files in d/atmel/studio/7.0/toolchain/avr8/avr8-gnu-toolchain/bin/../lib/gcc/avr/5.4.0/../../../../avr/lib/avrxmega7\libprintf_flt.a(vfprintf_flt.o)
                0x000028f6                vfprintf
 .text.libgcc.div
                0x00002ffc       0x44 d:/program files in d/atmel/studio/7.0/toolchain/avr8/avr8-gnu-toolchain/bin/../lib/gcc/avr/5.4.0/avrxmega7\libgcc.a(_udivmodsi4.o)
                0x00002ffc                __udivmodsi4
 .text.libgcc   0x00003040       0x12 d:/program files in d/atmel/studio/7.0/toolchain/avr8/avr8-gnu-toolchain/bin/../lib/gcc/avr/5.4.0/avrxmega7\libgcc.a(_tablejump2.o)
                0x00003040                __tablejump2__
 .text.avr-libc
                0x00003052      0x1b0 d:/program files in d/atmel/studio/7.0/toolchain/avr8/avr8-gnu-toolchain/bin/../lib/gcc/avr/5.4.0/../../../../avr/lib/avrxmega7\libc.a(ftoa_engine.o)
                0x00003052                __ftoa_engine
 .text.avr-libc
                0x00003202       0x16 d:/program files in d/atmel/studio/7.0/toolchain/avr8/avr8-gnu-toolchain/bin/../lib/gcc/avr/5.4.0/../../../../avr/lib/avrxmega7\libc.a(strnlen_P.o)
                0x00003202                strnlen_P
 .text.avr-libc
                0x00003218       0x1a d:/program files in d/atmel/studio/7.0/toolchain/avr8/avr8-gnu-toolchain/bin/../lib/gcc/avr/5.4.0/../../../../avr/lib/avrxmega7\libc.a(memcmp.o)
                0x00003218                memcmp
 .text.avr-libc
                0x00003232       0x16 d:/program files in d/atmel/studio/7.0/toolchain/avr8/avr8-gnu-toolchain/bin/../lib/gcc/avr/5.4.0/../../../../avr/lib/avrxmega7\libc.a(strnlen.o)
                0x00003232                strnlen
 .text.avr-libc
                0x00003248       0x94 d:/program files in d/atmel/studio/7.0/toolchain/avr8/avr8-gnu-toolchain/bin/../lib/gcc/avr/5.4.0/../../../../avr/lib/avrxmega7\libc.a(fdevopen.o)
                0x00003248                fdevopen
 .text.avr-libc
                0x000032dc       0x78 d:/program files in d/atmel/studio/7.0/toolchain/avr8/avr8-gnu-toolchain/bin/../lib/gcc/avr/5.4.0/../../../../avr/lib/avrxmega7\libc.a(fputc.o)
                0x000032dc                fputc
 .text.avr-libc
                0x00003354       0x26 d:/program files in d/atmel/studio/7.0/toolchain/avr8/avr8-gnu-toolchain/bin/../lib/gcc/avr/5.4.0/../../../../avr/lib/avrxmega7\libc.a(printf.o)
                0x00003354                printf
 .text.avr-libc
                0x0000337a       0x60 d:/program files in d/atmel/studio/7.0/toolchain/avr8/avr8-gnu-toolchain/bin/../lib/gcc/avr/5.4.0/../../../../avr/lib/avrxmega7\libc.a(puts.o)
                0x0000337a                puts
 .text.avr-libc
                0x000033da       0xbc d:/program files in d/atmel/studio/7.0/toolchain/avr8/avr8-gnu-toolchain/bin/../lib/gcc/avr/5.4.0/../../../../avr/lib/avrxmega7\libc.a(ultoa_invert.o)
                0x000033da                __ultoa_invert
 .text.avr-libc
                0x00003496       0x34 d:/program files in d/atmel/studio/7.0/toolchain/avr8/avr8-gnu-toolchain/bin/../lib/gcc/avr/5.4.0/../../../../avr/lib/avrxmega7\libc.a(calloc.o)
                0x00003496                calloc
 .text.avr-libc
                0x000034ca      0x242 d:/program files in d/atmel/studio/7.0/toolchain/avr8/avr8-gnu-toolchain/bin/../lib/gcc/avr/5.4.0/../../../../avr/lib/avrxmega7\libc.a(malloc.o)
                0x000034ca                malloc
                0x000035fa                free
 .text.avr-libc
                0x0000370c        0xe d:/program files in d/atmel/studio/7.0/toolchain/avr8/avr8-gnu-toolchain/bin/../lib/gcc/avr/5.4.0/../../../../avr/lib/avrxmega7\libc.a(memset.o)
                0x0000370c                memset
                0x0000371a                . = ALIGN (0x2)
 *(.fini9)
 .fini9         0x0000371a        0x0 d:/program files in d/atmel/studio/7.0/toolchain/avr8/avr8-gnu-toolchain/bin/../lib/gcc/avr/5.4.0/avrxmega7\libgcc.a(_exit.o)
                0x0000371a                _exit
                0x0000371a                exit
 *(.fini9)
 *(.fini8)
 *(.fini8)
 *(.fini7)
 *(.fini7)
 *(.fini6)
 *(.fini6)
 *(.fini5)
 *(.fini5)
 *(.fini4)
 *(.fini4)
 *(.fini3)
 *(.fini3)
 *(.fini2)
 *(.fini2)
 *(.fini1)
 *(.fini1)
 *(.fini0)
 .fini0         0x0000371a        0x4 d:/program files in d/atmel/studio/7.0/toolchain/avr8/avr8-gnu-toolchain/bin/../lib/gcc/avr/5.4.0/avrxmega7\libgcc.a(_exit.o)
 *(.fini0)
                0x0000371e                _etext = .

.data           0x00802000      0x1f2 load address 0x0000371e
                0x00802000                PROVIDE (__data_start, .)
 *(.data)
 .data          0x00802000        0x6 d:/program files in d/atmel/studio/7.0/toolchain/avr8/avr8-gnu-toolchain/bin/../lib/gcc/avr/5.4.0/../../../../avr/lib/avrxmega7\libc.a(malloc.o)
                0x00802000                __malloc_heap_end
                0x00802002                __malloc_heap_start
                0x00802004                __malloc_margin
 *(.data*)
 .data.event_data.6305
                0x00802006       0x15 src/ASF/common/services/sensors/drivers/osram/sfh7770.o
 .data.event_cb
                0x0080201b        0xc src/ASF/common/services/sensors/drivers/osram/sfh7770.o
 .data.sensor_dev_list.6164
                0x00802027       0x22 src/ASF/common/services/sensors/sensor_platform.o
 .data.prox_data.6118
                0x00802049       0x11 src/main.o
 .data.light_data.6117
                0x0080205a       0x11 src/main.o
 *(.gnu.linkonce.d*)
 *(.rodata)
 *(.rodata*)
 .rodata.str1.1
                0x0080206b       0x29 src/ASF/common/services/sensors/drivers/osram/sfh7770.o
 .rodata.sfh7770_device.6287
                0x00802094       0x19 src/ASF/common/services/sensors/drivers/osram/sfh7770.o
 .rodata.prox_rate_table
                0x008020ad       0x1e src/ASF/common/services/sensors/drivers/osram/sfh7770.o
 .rodata.light_rate_table
                0x008020cb        0xf src/ASF/common/services/sensors/drivers/osram/sfh7770.o
 .rodata.current_table
                0x008020da       0x15 src/ASF/common/services/sensors/drivers/osram/sfh7770.o
 .rodata.str1.1
                0x008020ef       0xfb src/main.o
 .rodata.prox_labels
                0x008021ea        0x8 src/main.o
 *(.gnu.linkonce.r*)
                0x008021f2                . = ALIGN (0x2)
                0x008021f2                _edata = .
                0x008021f2                PROVIDE (__data_end, .)

.bss            0x008021f2       0x2f
                0x008021f2                PROVIDE (__bss_start, .)
 *(.bss)
 *(.bss*)
 .bss.sensor_pin5_arg
                0x008021f2        0x2 src/ASF/common/boards/sensors_xplained/sensors_xplained.o
 .bss.sensor_pin5_handler
                0x008021f4        0x2 src/ASF/common/boards/sensors_xplained/sensors_xplained.o
 .bss.sensor_pin4_arg
                0x008021f6        0x2 src/ASF/common/boards/sensors_xplained/sensors_xplained.o
 .bss.sensor_pin4_handler
                0x008021f8        0x2 src/ASF/common/boards/sensors_xplained/sensors_xplained.o
 .bss.sensor_pin3_arg
                0x008021fa        0x2 src/ASF/common/boards/sensors_xplained/sensors_xplained.o
 .bss.sensor_pin3_handler
                0x008021fc        0x2 src/ASF/common/boards/sensors_xplained/sensors_xplained.o
 .bss.prox_data.6452
                0x008021fe        0x3 src/ASF/common/services/sensors/drivers/osram/sfh7770.o
 .bss.sfh7770_initialized
                0x00802201        0x1 src/ASF/common/services/sensors/drivers/osram/sfh7770.o
 .bss.low_light_threshold
                0x00802202        0x2 src/ASF/common/services/sensors/drivers/osram/sfh7770.o
 .bss.high_light_threshold
                0x00802204        0x2 src/ASF/common/services/sensors/drivers/osram/sfh7770.o
 .bss.transfer  0x00802206        0xb src/ASF/xmega/drivers/twi/twim.o
 *(COMMON)
 COMMON         0x00802211        0x2 src/ASF/common/utils/stdio/read.o
                0x00802211                ptr_get
 COMMON         0x00802213        0x4 src/ASF/common/utils/stdio/write.o
                0x00802213                ptr_put
                0x00802215                stdio_base
 COMMON         0x00802217        0x6 d:/program files in d/atmel/studio/7.0/toolchain/avr8/avr8-gnu-toolchain/bin/../lib/gcc/avr/5.4.0/../../../../avr/lib/avrxmega7\libc.a(iob.o)
                0x00802217                __iob
 COMMON         0x0080221d        0x4 d:/program files in d/atmel/studio/7.0/toolchain/avr8/avr8-gnu-toolchain/bin/../lib/gcc/avr/5.4.0/../../../../avr/lib/avrxmega7\libc.a(malloc.o)
                0x0080221d                __brkval
                0x0080221f                __flp
                0x00802221                PROVIDE (__bss_end, .)
                0x0000371e                __data_load_start = LOADADDR (.data)
                0x00003910                __data_load_end = (__data_load_start + SIZEOF (.data))

.noinit         0x00802221        0x0
                [!provide]                PROVIDE (__noinit_start, .)
 *(.noinit*)
                [!provide]                PROVIDE (__noinit_end, .)
                0x00802221                _end = .
                0x00802221                PROVIDE (__heap_start, .)

.eeprom         0x00810000        0x0
 *(.eeprom*)
                0x00810000                __eeprom_end = .

.fuse
 *(.fuse)
 *(.lfuse)
 *(.hfuse)
 *(.efuse)

.lock
 *(.lock*)

.signature
 *(.signature*)

.user_signatures
 *(.user_signatures*)

.stab
 *(.stab)

.stabstr
 *(.stabstr)

.stab.excl
 *(.stab.excl)

.stab.exclstr
 *(.stab.exclstr)

.stab.index
 *(.stab.index)

.stab.indexstr
 *(.stab.indexstr)

.comment        0x00000000       0x5c
 *(.comment)
 .comment       0x00000000       0x30 src/ASF/common/boards/sensors_xplained/sensors_xplained.o
                                 0x31 (size before relaxing)
 .comment       0x00000030       0x31 src/ASF/common/services/clock/xmega/sysclk.o
 .comment       0x00000030       0x31 src/ASF/common/services/ioport/xmega/ioport_compat.o
 .comment       0x00000030       0x31 src/ASF/common/services/sensors/drivers/osram/sfh7770.o
 .comment       0x00000030       0x31 src/ASF/common/services/sensors/sensor.o
 .comment       0x00000030       0x31 src/ASF/common/services/sensors/sensor_bus.o
 .comment       0x00000030       0x31 src/ASF/common/services/sensors/sensor_nvram.o
 .comment       0x00000030       0x31 src/ASF/common/services/sensors/sensor_platform.o
 .comment       0x00000030       0x31 src/ASF/common/utils/stdio/read.o
 .comment       0x00000030       0x31 src/ASF/common/utils/stdio/write.o
 .comment       0x00000030       0x31 src/ASF/xmega/boards/xmega_a1_xplained/init.o
 .comment       0x00000030       0x31 src/ASF/xmega/drivers/nvm/nvm.o
 .comment       0x00000030       0x31 src/ASF/xmega/drivers/twi/twim.o
 .comment       0x00000030       0x31 src/ASF/xmega/drivers/usart/usart.o
 .comment       0x00000030       0x31 src/main.o
 .comment       0x00000030       0x2c d:/program files in d/atmel/studio/7.0/toolchain/avr8/avr8-gnu-toolchain/bin/../lib/gcc/avr/5.4.0/../../../../avr/lib/avrxmega7\libprintf_flt.a(vfprintf_flt.o)
                                 0x2d (size before relaxing)
 .comment       0x0000005c       0x31 d:/program files in d/atmel/studio/7.0/toolchain/avr8/avr8-gnu-toolchain/bin/../lib/gcc/avr/5.4.0/../../../../avr/lib/avrxmega7\libc.a(fdevopen.o)
 .comment       0x0000005c       0x31 d:/program files in d/atmel/studio/7.0/toolchain/avr8/avr8-gnu-toolchain/bin/../lib/gcc/avr/5.4.0/../../../../avr/lib/avrxmega7\libc.a(fputc.o)
 .comment       0x0000005c       0x31 d:/program files in d/atmel/studio/7.0/toolchain/avr8/avr8-gnu-toolchain/bin/../lib/gcc/avr/5.4.0/../../../../avr/lib/avrxmega7\libc.a(iob.o)
 .comment       0x0000005c       0x31 d:/program files in d/atmel/studio/7.0/toolchain/avr8/avr8-gnu-toolchain/bin/../lib/gcc/avr/5.4.0/../../../../avr/lib/avrxmega7\libc.a(printf.o)
 .comment       0x0000005c       0x31 d:/program files in d/atmel/studio/7.0/toolchain/avr8/avr8-gnu-toolchain/bin/../lib/gcc/avr/5.4.0/../../../../avr/lib/avrxmega7\libc.a(puts.o)
 .comment       0x0000005c       0x31 d:/program files in d/atmel/studio/7.0/toolchain/avr8/avr8-gnu-toolchain/bin/../lib/gcc/avr/5.4.0/../../../../avr/lib/avrxmega7\libc.a(calloc.o)
 .comment       0x0000005c       0x31 d:/program files in d/atmel/studio/7.0/toolchain/avr8/avr8-gnu-toolchain/bin/../lib/gcc/avr/5.4.0/../../../../avr/lib/avrxmega7\libc.a(malloc.o)

.note.gnu.avr.deviceinfo
                0x00000000       0x40
 .note.gnu.avr.deviceinfo
                0x00000000       0x40 D:/Program Files in D/Atmel/Studio/7.0/Packs/atmel/XMEGAA_DFP/1.1.68/gcc/dev/atxmega128a1/avrxmega7/crtatxmega128a1.o

.note.gnu.build-id
 *(.note.gnu.build-id)

.debug
 *(.debug)

.line
 *(.line)

.debug_srcinfo
 *(.debug_srcinfo)

.debug_sfnames
 *(.debug_sfnames)

.debug_aranges  0x00000000      0x478
 *(.debug_aranges)
 .debug_aranges
                0x00000000       0x30 src/ASF/common/boards/sensors_xplained/sensors_xplained.o
 .debug_aranges
                0x00000030       0x30 src/ASF/common/services/clock/xmega/sysclk.o
 .debug_aranges
                0x00000060       0x20 src/ASF/common/services/ioport/xmega/ioport_compat.o
 .debug_aranges
                0x00000080       0x48 src/ASF/common/services/sensors/drivers/osram/sfh7770.o
 .debug_aranges
                0x000000c8       0xb0 src/ASF/common/services/sensors/sensor.o
 .debug_aranges
                0x00000178       0x48 src/ASF/common/services/sensors/sensor_bus.o
 .debug_aranges
                0x000001c0       0x28 src/ASF/common/services/sensors/sensor_nvram.o
 .debug_aranges
                0x000001e8       0x58 src/ASF/common/services/sensors/sensor_platform.o
 .debug_aranges
                0x00000240       0x20 src/ASF/common/utils/stdio/read.o
 .debug_aranges
                0x00000260       0x20 src/ASF/common/utils/stdio/write.o
 .debug_aranges
                0x00000280       0x20 src/ASF/xmega/boards/xmega_a1_xplained/init.o
 .debug_aranges
                0x000002a0       0x20 src/ASF/xmega/drivers/cpu/ccp.o
 .debug_aranges
                0x000002c0       0xc0 src/ASF/xmega/drivers/nvm/nvm.o
 .debug_aranges
                0x00000380       0x28 src/ASF/xmega/drivers/nvm/nvm_asm.o
 .debug_aranges
                0x000003a8       0x50 src/ASF/xmega/drivers/twi/twim.o
 .debug_aranges
                0x000003f8       0x58 src/ASF/xmega/drivers/usart/usart.o
 .debug_aranges
                0x00000450       0x28 src/main.o

.debug_pubnames
 *(.debug_pubnames)

.debug_info     0x00000000    0x1490c
 *(.debug_info .gnu.linkonce.wi.*)
 .debug_info    0x00000000     0x354c D:/Program Files in D/Atmel/Studio/7.0/Packs/atmel/XMEGAA_DFP/1.1.68/gcc/dev/atxmega128a1/avrxmega7/crtatxmega128a1.o
 .debug_info    0x0000354c      0x8ea src/ASF/common/boards/sensors_xplained/sensors_xplained.o
 .debug_info    0x00003e36      0x94d src/ASF/common/services/clock/xmega/sysclk.o
 .debug_info    0x00004783      0x121 src/ASF/common/services/ioport/xmega/ioport_compat.o
 .debug_info    0x000048a4     0x2937 src/ASF/common/services/sensors/drivers/osram/sfh7770.o
 .debug_info    0x000071db     0x1c38 src/ASF/common/services/sensors/sensor.o
 .debug_info    0x00008e13     0x29ca src/ASF/common/services/sensors/sensor_bus.o
 .debug_info    0x0000b7dd      0x2f3 src/ASF/common/services/sensors/sensor_nvram.o
 .debug_info    0x0000bad0     0x17cf src/ASF/common/services/sensors/sensor_platform.o
 .debug_info    0x0000d29f      0x119 src/ASF/common/utils/stdio/read.o
 .debug_info    0x0000d3b8      0x119 src/ASF/common/utils/stdio/write.o
 .debug_info    0x0000d4d1      0x94e src/ASF/xmega/boards/xmega_a1_xplained/init.o
 .debug_info    0x0000de1f       0x83 src/ASF/xmega/drivers/cpu/ccp.o
 .debug_info    0x0000dea2     0x13b2 src/ASF/xmega/drivers/nvm/nvm.o
 .debug_info    0x0000f254       0x83 src/ASF/xmega/drivers/nvm/nvm_asm.o
 .debug_info    0x0000f2d7      0x88f src/ASF/xmega/drivers/twi/twim.o
 .debug_info    0x0000fb66     0x32fd src/ASF/xmega/drivers/usart/usart.o
 .debug_info    0x00012e63     0x1aa9 src/main.o

.debug_abbrev   0x00000000     0x59b6
 *(.debug_abbrev)
 .debug_abbrev  0x00000000     0x327a D:/Program Files in D/Atmel/Studio/7.0/Packs/atmel/XMEGAA_DFP/1.1.68/gcc/dev/atxmega128a1/avrxmega7/crtatxmega128a1.o
 .debug_abbrev  0x0000327a      0x280 src/ASF/common/boards/sensors_xplained/sensors_xplained.o
 .debug_abbrev  0x000034fa      0x257 src/ASF/common/services/clock/xmega/sysclk.o
 .debug_abbrev  0x00003751       0x95 src/ASF/common/services/ioport/xmega/ioport_compat.o
 .debug_abbrev  0x000037e6      0x42c src/ASF/common/services/sensors/drivers/osram/sfh7770.o
 .debug_abbrev  0x00003c12      0x3c6 src/ASF/common/services/sensors/sensor.o
 .debug_abbrev  0x00003fd8      0x3ea src/ASF/common/services/sensors/sensor_bus.o
 .debug_abbrev  0x000043c2      0x111 src/ASF/common/services/sensors/sensor_nvram.o
 .debug_abbrev  0x000044d3      0x420 src/ASF/common/services/sensors/sensor_platform.o
 .debug_abbrev  0x000048f3       0xc5 src/ASF/common/utils/stdio/read.o
 .debug_abbrev  0x000049b8       0xa7 src/ASF/common/utils/stdio/write.o
 .debug_abbrev  0x00004a5f      0x158 src/ASF/xmega/boards/xmega_a1_xplained/init.o
 .debug_abbrev  0x00004bb7       0x14 src/ASF/xmega/drivers/cpu/ccp.o
 .debug_abbrev  0x00004bcb      0x3bd src/ASF/xmega/drivers/nvm/nvm.o
 .debug_abbrev  0x00004f88       0x12 src/ASF/xmega/drivers/nvm/nvm_asm.o
 .debug_abbrev  0x00004f9a      0x2e9 src/ASF/xmega/drivers/twi/twim.o
 .debug_abbrev  0x00005283      0x3ce src/ASF/xmega/drivers/usart/usart.o
 .debug_abbrev  0x00005651      0x365 src/main.o

.debug_line     0x00000000     0x9376
 *(.debug_line .debug_line.* .debug_line_end)
 .debug_line    0x00000000      0x3a9 D:/Program Files in D/Atmel/Studio/7.0/Packs/atmel/XMEGAA_DFP/1.1.68/gcc/dev/atxmega128a1/avrxmega7/crtatxmega128a1.o
 .debug_line    0x000003a9      0x854 src/ASF/common/boards/sensors_xplained/sensors_xplained.o
 .debug_line    0x00000bfd      0x7ca src/ASF/common/services/clock/xmega/sysclk.o
 .debug_line    0x000013c7      0x4ae src/ASF/common/services/ioport/xmega/ioport_compat.o
 .debug_line    0x00001875     0x1175 src/ASF/common/services/sensors/drivers/osram/sfh7770.o
 .debug_line    0x000029ea      0xf6d src/ASF/common/services/sensors/sensor.o
 .debug_line    0x00003957      0xd4a src/ASF/common/services/sensors/sensor_bus.o
 .debug_line    0x000046a1      0x701 src/ASF/common/services/sensors/sensor_nvram.o
 .debug_line    0x00004da2      0xba3 src/ASF/common/services/sensors/sensor_platform.o
 .debug_line    0x00005945      0x3ce src/ASF/common/utils/stdio/read.o
 .debug_line    0x00005d13      0x3d5 src/ASF/common/utils/stdio/write.o
 .debug_line    0x000060e8      0x5ab src/ASF/xmega/boards/xmega_a1_xplained/init.o
 .debug_line    0x00006693       0x6e src/ASF/xmega/drivers/cpu/ccp.o
 .debug_line    0x00006701      0xb5d src/ASF/xmega/drivers/nvm/nvm.o
 .debug_line    0x0000725e      0x11f src/ASF/xmega/drivers/nvm/nvm_asm.o
 .debug_line    0x0000737d      0x64e src/ASF/xmega/drivers/twi/twim.o
 .debug_line    0x000079cb      0xe44 src/ASF/xmega/drivers/usart/usart.o
 .debug_line    0x0000880f      0xb67 src/main.o

.debug_frame    0x00000000      0xdec
 *(.debug_frame)
 .debug_frame   0x00000000       0x9c src/ASF/common/boards/sensors_xplained/sensors_xplained.o
 .debug_frame   0x0000009c       0x74 src/ASF/common/services/clock/xmega/sysclk.o
 .debug_frame   0x00000110       0x30 src/ASF/common/services/ioport/xmega/ioport_compat.o
 .debug_frame   0x00000140      0x15c src/ASF/common/services/sensors/drivers/osram/sfh7770.o
 .debug_frame   0x0000029c      0x230 src/ASF/common/services/sensors/sensor.o
 .debug_frame   0x000004cc      0x11c src/ASF/common/services/sensors/sensor_bus.o
 .debug_frame   0x000005e8       0x50 src/ASF/common/services/sensors/sensor_nvram.o
 .debug_frame   0x00000638       0xb8 src/ASF/common/services/sensors/sensor_platform.o
 .debug_frame   0x000006f0       0x34 src/ASF/common/utils/stdio/read.o
 .debug_frame   0x00000724       0x24 src/ASF/common/utils/stdio/write.o
 .debug_frame   0x00000748       0x24 src/ASF/xmega/boards/xmega_a1_xplained/init.o
 .debug_frame   0x0000076c      0x338 src/ASF/xmega/drivers/nvm/nvm.o
 .debug_frame   0x00000aa4      0x1c0 src/ASF/xmega/drivers/twi/twim.o
 .debug_frame   0x00000c64      0x144 src/ASF/xmega/drivers/usart/usart.o
 .debug_frame   0x00000da8       0x44 src/main.o

.debug_str      0x00000000    0x3152f
 *(.debug_str)
 .debug_str     0x00000000     0x23b9 D:/Program Files in D/Atmel/Studio/7.0/Packs/atmel/XMEGAA_DFP/1.1.68/gcc/dev/atxmega128a1/avrxmega7/crtatxmega128a1.o
 .debug_str     0x000023b9    0x28d70 src/ASF/common/boards/sensors_xplained/sensors_xplained.o
                              0x29461 (size before relaxing)
 .debug_str     0x0002b129      0x2f5 src/ASF/common/services/clock/xmega/sysclk.o
                              0x293e7 (size before relaxing)
 .debug_str     0x0002b41e       0x4c src/ASF/common/services/ioport/xmega/ioport_compat.o
                              0x2652c (size before relaxing)
 .debug_str     0x0002b46a     0x3bc5 src/ASF/common/services/sensors/drivers/osram/sfh7770.o
                              0x2cc15 (size before relaxing)
 .debug_str     0x0002f02f      0x331 src/ASF/common/services/sensors/sensor.o
                              0x2be52 (size before relaxing)
 .debug_str     0x0002f360      0xb12 src/ASF/common/services/sensors/sensor_bus.o
                              0x2b7e5 (size before relaxing)
 .debug_str     0x0002fe72       0xc1 src/ASF/common/services/sensors/sensor_nvram.o
                              0x292ee (size before relaxing)
 .debug_str     0x0002ff33      0x5aa src/ASF/common/services/sensors/sensor_platform.o
                              0x2c4e1 (size before relaxing)
 .debug_str     0x000304dd       0x25 src/ASF/common/utils/stdio/read.o
                              0x25e93 (size before relaxing)
 .debug_str     0x00030502       0x26 src/ASF/common/utils/stdio/write.o
                              0x25e95 (size before relaxing)
 .debug_str     0x00030528       0x31 src/ASF/xmega/boards/xmega_a1_xplained/init.o
                              0x286c3 (size before relaxing)
 .debug_str     0x00030559      0x880 src/ASF/xmega/drivers/nvm/nvm.o
                              0x26a52 (size before relaxing)
 .debug_str     0x00030dd9      0x246 src/ASF/xmega/drivers/twi/twim.o
                              0x2647b (size before relaxing)
 .debug_str     0x0003101f      0x32e src/ASF/xmega/drivers/usart/usart.o
                              0x2a2af (size before relaxing)
 .debug_str     0x0003134d      0x1e2 src/main.o
                              0x2c10f (size before relaxing)

.debug_loc      0x00000000     0x7956
 *(.debug_loc)
 .debug_loc     0x00000000      0x27f src/ASF/common/boards/sensors_xplained/sensors_xplained.o
 .debug_loc     0x0000027f      0x359 src/ASF/common/services/clock/xmega/sysclk.o
 .debug_loc     0x000005d8       0x66 src/ASF/common/services/ioport/xmega/ioport_compat.o
 .debug_loc     0x0000063e     0x20a6 src/ASF/common/services/sensors/drivers/osram/sfh7770.o
 .debug_loc     0x000026e4     0x1452 src/ASF/common/services/sensors/sensor.o
 .debug_loc     0x00003b36      0xcd5 src/ASF/common/services/sensors/sensor_bus.o
 .debug_loc     0x0000480b      0x1af src/ASF/common/services/sensors/sensor_nvram.o
 .debug_loc     0x000049ba      0x30f src/ASF/common/services/sensors/sensor_platform.o
 .debug_loc     0x00004cc9       0x6e src/ASF/common/utils/stdio/read.o
 .debug_loc     0x00004d37       0x52 src/ASF/common/utils/stdio/write.o
 .debug_loc     0x00004d89      0x33a src/ASF/xmega/boards/xmega_a1_xplained/init.o
 .debug_loc     0x000050c3     0x1220 src/ASF/xmega/drivers/nvm/nvm.o
 .debug_loc     0x000062e3      0x64a src/ASF/xmega/drivers/twi/twim.o
 .debug_loc     0x0000692d      0xe31 src/ASF/xmega/drivers/usart/usart.o
 .debug_loc     0x0000775e      0x1f8 src/main.o

.debug_macinfo
 *(.debug_macinfo)

.debug_weaknames
 *(.debug_weaknames)

.debug_funcnames
 *(.debug_funcnames)

.debug_typenames
 *(.debug_typenames)

.debug_varnames
 *(.debug_varnames)

.debug_pubtypes
 *(.debug_pubtypes)

.debug_ranges   0x00000000      0x560
 *(.debug_ranges)
 .debug_ranges  0x00000000       0x20 src/ASF/common/boards/sensors_xplained/sensors_xplained.o
 .debug_ranges  0x00000020       0x20 src/ASF/common/services/clock/xmega/sysclk.o
 .debug_ranges  0x00000040       0x10 src/ASF/common/services/ioport/xmega/ioport_compat.o
 .debug_ranges  0x00000050      0x108 src/ASF/common/services/sensors/drivers/osram/sfh7770.o
 .debug_ranges  0x00000158      0x138 src/ASF/common/services/sensors/sensor.o
 .debug_ranges  0x00000290       0x38 src/ASF/common/services/sensors/sensor_bus.o
 .debug_ranges  0x000002c8       0x18 src/ASF/common/services/sensors/sensor_nvram.o
 .debug_ranges  0x000002e0       0x60 src/ASF/common/services/sensors/sensor_platform.o
 .debug_ranges  0x00000340       0x10 src/ASF/common/utils/stdio/read.o
 .debug_ranges  0x00000350       0x10 src/ASF/common/utils/stdio/write.o
 .debug_ranges  0x00000360       0x10 src/ASF/xmega/boards/xmega_a1_xplained/init.o
 .debug_ranges  0x00000370       0xb0 src/ASF/xmega/drivers/nvm/nvm.o
 .debug_ranges  0x00000420       0x20 src/ASF/xmega/drivers/nvm/nvm_asm.o
 .debug_ranges  0x00000440       0x70 src/ASF/xmega/drivers/twi/twim.o
 .debug_ranges  0x000004b0       0x80 src/ASF/xmega/drivers/usart/usart.o
 .debug_ranges  0x00000530       0x30 src/main.o

.debug_macro    0x00000000     0xb872
 *(.debug_macro)
 .debug_macro   0x00000000      0x259 src/ASF/common/boards/sensors_xplained/sensors_xplained.o
 .debug_macro   0x00000259      0xa9c src/ASF/common/boards/sensors_xplained/sensors_xplained.o
 .debug_macro   0x00000cf5       0x10 src/ASF/common/boards/sensors_xplained/sensors_xplained.o
 .debug_macro   0x00000d05      0x1c9 src/ASF/common/boards/sensors_xplained/sensors_xplained.o
 .debug_macro   0x00000ece      0x2fc src/ASF/common/boards/sensors_xplained/sensors_xplained.o
 .debug_macro   0x000011ca       0x9e src/ASF/common/boards/sensors_xplained/sensors_xplained.o
 .debug_macro   0x00001268     0x53c9 src/ASF/common/boards/sensors_xplained/sensors_xplained.o
 .debug_macro   0x00006631       0x9a src/ASF/common/boards/sensors_xplained/sensors_xplained.o
 .debug_macro   0x000066cb       0xf1 src/ASF/common/boards/sensors_xplained/sensors_xplained.o
 .debug_macro   0x000067bc       0x34 src/ASF/common/boards/sensors_xplained/sensors_xplained.o
 .debug_macro   0x000067f0       0x16 src/ASF/common/boards/sensors_xplained/sensors_xplained.o
 .debug_macro   0x00006806       0x18 src/ASF/common/boards/sensors_xplained/sensors_xplained.o
 .debug_macro   0x0000681e       0x5e src/ASF/common/boards/sensors_xplained/sensors_xplained.o
 .debug_macro   0x0000687c       0x10 src/ASF/common/boards/sensors_xplained/sensors_xplained.o
 .debug_macro   0x0000688c       0x22 src/ASF/common/boards/sensors_xplained/sensors_xplained.o
 .debug_macro   0x000068ae      0x16d src/ASF/common/boards/sensors_xplained/sensors_xplained.o
 .debug_macro   0x00006a1b       0x1c src/ASF/common/boards/sensors_xplained/sensors_xplained.o
 .debug_macro   0x00006a37       0x35 src/ASF/common/boards/sensors_xplained/sensors_xplained.o
 .debug_macro   0x00006a6c       0x66 src/ASF/common/boards/sensors_xplained/sensors_xplained.o
 .debug_macro   0x00006ad2      0x6d7 src/ASF/common/boards/sensors_xplained/sensors_xplained.o
 .debug_macro   0x000071a9       0x96 src/ASF/common/boards/sensors_xplained/sensors_xplained.o
 .debug_macro   0x0000723f       0x17 src/ASF/common/boards/sensors_xplained/sensors_xplained.o
 .debug_macro   0x00007256      0x250 src/ASF/common/boards/sensors_xplained/sensors_xplained.o
 .debug_macro   0x000074a6       0x76 src/ASF/common/boards/sensors_xplained/sensors_xplained.o
 .debug_macro   0x0000751c       0x16 src/ASF/common/boards/sensors_xplained/sensors_xplained.o
 .debug_macro   0x00007532      0x6d9 src/ASF/common/boards/sensors_xplained/sensors_xplained.o
 .debug_macro   0x00007c0b       0x10 src/ASF/common/boards/sensors_xplained/sensors_xplained.o
 .debug_macro   0x00007c1b      0x175 src/ASF/common/boards/sensors_xplained/sensors_xplained.o
 .debug_macro   0x00007d90       0x40 src/ASF/common/boards/sensors_xplained/sensors_xplained.o
 .debug_macro   0x00007dd0       0x69 src/ASF/common/boards/sensors_xplained/sensors_xplained.o
 .debug_macro   0x00007e39       0x31 src/ASF/common/boards/sensors_xplained/sensors_xplained.o
 .debug_macro   0x00007e6a       0xe4 src/ASF/common/boards/sensors_xplained/sensors_xplained.o
 .debug_macro   0x00007f4e      0x2bd src/ASF/common/boards/sensors_xplained/sensors_xplained.o
 .debug_macro   0x0000820b      0x177 src/ASF/common/boards/sensors_xplained/sensors_xplained.o
 .debug_macro   0x00008382       0x9a src/ASF/common/boards/sensors_xplained/sensors_xplained.o
 .debug_macro   0x0000841c      0x102 src/ASF/common/boards/sensors_xplained/sensors_xplained.o
 .debug_macro   0x0000851e       0x40 src/ASF/common/boards/sensors_xplained/sensors_xplained.o
 .debug_macro   0x0000855e      0x13e src/ASF/common/boards/sensors_xplained/sensors_xplained.o
 .debug_macro   0x0000869c       0x3a src/ASF/common/boards/sensors_xplained/sensors_xplained.o
 .debug_macro   0x000086d6       0xba src/ASF/common/boards/sensors_xplained/sensors_xplained.o
 .debug_macro   0x00008790       0x2e src/ASF/common/boards/sensors_xplained/sensors_xplained.o
 .debug_macro   0x000087be       0x80 src/ASF/common/boards/sensors_xplained/sensors_xplained.o
 .debug_macro   0x0000883e       0x2f src/ASF/common/boards/sensors_xplained/sensors_xplained.o
 .debug_macro   0x0000886d      0x13f src/ASF/common/boards/sensors_xplained/sensors_xplained.o
 .debug_macro   0x000089ac      0x247 src/ASF/common/services/clock/xmega/sysclk.o
 .debug_macro   0x00008bf3      0x2c3 src/ASF/common/services/clock/xmega/sysclk.o
 .debug_macro   0x00008eb6      0x193 src/ASF/common/services/ioport/xmega/ioport_compat.o
 .debug_macro   0x00009049      0x3fa src/ASF/common/services/sensors/drivers/osram/sfh7770.o
 .debug_macro   0x00009443      0x2ce src/ASF/common/services/sensors/drivers/osram/sfh7770.o
 .debug_macro   0x00009711      0x3c2 src/ASF/common/services/sensors/sensor.o
 .debug_macro   0x00009ad3      0x3eb src/ASF/common/services/sensors/sensor_bus.o
 .debug_macro   0x00009ebe       0x53 src/ASF/common/services/sensors/sensor_bus.o
 .debug_macro   0x00009f11      0x27d src/ASF/common/services/sensors/sensor_nvram.o
 .debug_macro   0x0000a18e       0x20 src/ASF/common/services/sensors/sensor_nvram.o
 .debug_macro   0x0000a1ae       0x16 src/ASF/common/services/sensors/sensor_nvram.o
 .debug_macro   0x0000a1c4      0x40e src/ASF/common/services/sensors/sensor_platform.o
 .debug_macro   0x0000a5d2       0x34 src/ASF/common/services/sensors/sensor_platform.o
 .debug_macro   0x0000a606       0x5e src/ASF/common/services/sensors/sensor_platform.o
 .debug_macro   0x0000a664      0x16d src/ASF/common/utils/stdio/read.o
 .debug_macro   0x0000a7d1      0x16d src/ASF/common/utils/stdio/write.o
 .debug_macro   0x0000a93e      0x1fb src/ASF/xmega/boards/xmega_a1_xplained/init.o
 .debug_macro   0x0000ab39      0x198 src/ASF/xmega/drivers/nvm/nvm.o
 .debug_macro   0x0000acd1      0x198 src/ASF/xmega/drivers/twi/twim.o
 .debug_macro   0x0000ae69      0x270 src/ASF/xmega/drivers/usart/usart.o
 .debug_macro   0x0000b0d9      0x302 src/ASF/xmega/drivers/usart/usart.o
 .debug_macro   0x0000b3db      0x3ed src/main.o
 .debug_macro   0x0000b7c8       0xaa src/main.o
OUTPUT(SENSORS_LIGHTPROX_DEMO.elf elf32-avr)
LOAD linker stubs

.BOOT           0x00020000       0x44
 .BOOT          0x00020000       0x44 src/ASF/xmega/drivers/nvm/nvm_asm.o
                0x00020000                nvm_common_spm
                0x0002001e                nvm_flash_load_word_to_buffer
